Component: ARM Compiler 5.06 update 6 (build 750) Tool: armlink [4d35ed]

==============================================================================

Section Cross References

    startup_stm32f103xe.o(RESET) refers to startup_stm32f103xe.o(STACK) for __initial_sp
    startup_stm32f103xe.o(RESET) refers to startup_stm32f103xe.o(.text) for Reset_Handler
    startup_stm32f103xe.o(RESET) refers to stm32f1xx_it.o(i.NMI_Handler) for NMI_Handler
    startup_stm32f103xe.o(RESET) refers to stm32f1xx_it.o(i.HardFault_Handler) for HardFault_Handler
    startup_stm32f103xe.o(RESET) refers to stm32f1xx_it.o(i.MemManage_Handler) for MemManage_Handler
    startup_stm32f103xe.o(RESET) refers to stm32f1xx_it.o(i.BusFault_Handler) for BusFault_Handler
    startup_stm32f103xe.o(RESET) refers to stm32f1xx_it.o(i.UsageFault_Handler) for UsageFault_Handler
    startup_stm32f103xe.o(RESET) refers to port.o(.emb_text) for SVC_Handler
    startup_stm32f103xe.o(RESET) refers to stm32f1xx_it.o(i.DebugMon_Handler) for DebugMon_Handler
    startup_stm32f103xe.o(RESET) refers to port.o(i.SysTick_Handler) for SysTick_Handler
    startup_stm32f103xe.o(RESET) refers to stm32f1xx_it.o(i.USART1_IRQHandler) for USART1_IRQHandler
    startup_stm32f103xe.o(RESET) refers to stm32f1xx_it.o(i.USART2_IRQHandler) for USART2_IRQHandler
    startup_stm32f103xe.o(RESET) refers to stm32f1xx_it.o(i.USART3_IRQHandler) for USART3_IRQHandler
    startup_stm32f103xe.o(RESET) refers to stm32f1xx_it.o(i.UART4_IRQHandler) for UART4_IRQHandler
    startup_stm32f103xe.o(RESET) refers to stm32f1xx_it.o(i.TIM7_IRQHandler) for TIM7_IRQHandler
    startup_stm32f103xe.o(.text) refers to system_stm32f1xx.o(i.SystemInit) for SystemInit
    startup_stm32f103xe.o(.text) refers to entry.o(.ARM.Collect$$$$00000000) for __main
    main.o(i.HAL_TIM_PeriodElapsedCallback) refers to stm32f1xx_hal.o(i.HAL_IncTick) for HAL_IncTick
    main.o(i.MX_ADC1_Init) refers to stm32f1xx_hal_adc.o(i.HAL_ADC_Init) for HAL_ADC_Init
    main.o(i.MX_ADC1_Init) refers to stm32f1xx_hal_adc.o(i.HAL_ADC_ConfigChannel) for HAL_ADC_ConfigChannel
    main.o(i.MX_ADC1_Init) refers to main.o(.bss) for .bss
    main.o(i.MX_GPIO_Init) refers to stm32f1xx_hal_gpio.o(i.HAL_GPIO_WritePin) for HAL_GPIO_WritePin
    main.o(i.MX_GPIO_Init) refers to stm32f1xx_hal_gpio.o(i.HAL_GPIO_Init) for HAL_GPIO_Init
    main.o(i.MX_SPI1_Init) refers to stm32f1xx_hal_spi.o(i.HAL_SPI_Init) for HAL_SPI_Init
    main.o(i.MX_SPI1_Init) refers to main.o(.bss) for .bss
    main.o(i.MX_SPI2_Init) refers to stm32f1xx_hal_spi.o(i.HAL_SPI_Init) for HAL_SPI_Init
    main.o(i.MX_SPI2_Init) refers to main.o(.bss) for .bss
    main.o(i.MX_TIM3_Init) refers to memseta.o(.text) for __aeabi_memclr4
    main.o(i.MX_TIM3_Init) refers to stm32f1xx_hal_tim.o(i.HAL_TIM_PWM_Init) for HAL_TIM_PWM_Init
    main.o(i.MX_TIM3_Init) refers to stm32f1xx_hal_tim_ex.o(i.HAL_TIMEx_MasterConfigSynchronization) for HAL_TIMEx_MasterConfigSynchronization
    main.o(i.MX_TIM3_Init) refers to stm32f1xx_hal_tim.o(i.HAL_TIM_PWM_ConfigChannel) for HAL_TIM_PWM_ConfigChannel
    main.o(i.MX_TIM3_Init) refers to stm32f1xx_hal_msp.o(i.HAL_TIM_MspPostInit) for HAL_TIM_MspPostInit
    main.o(i.MX_TIM3_Init) refers to main.o(.bss) for .bss
    main.o(i.StartDefaultTask) refers to freertos.o(i.startAPP) for startAPP
    main.o(i.StartDefaultTask) refers to stm32f1xx_hal_gpio.o(i.HAL_GPIO_WritePin) for HAL_GPIO_WritePin
    main.o(i.StartDefaultTask) refers to cmsis_os2.o(i.osDelay) for osDelay
    main.o(i.SystemClock_Config) refers to memseta.o(.text) for __aeabi_memclr4
    main.o(i.SystemClock_Config) refers to stm32f1xx_hal_rcc.o(i.HAL_RCC_OscConfig) for HAL_RCC_OscConfig
    main.o(i.SystemClock_Config) refers to stm32f1xx_hal_rcc.o(i.HAL_RCC_ClockConfig) for HAL_RCC_ClockConfig
    main.o(i.SystemClock_Config) refers to stm32f1xx_hal_rcc_ex.o(i.HAL_RCCEx_PeriphCLKConfig) for HAL_RCCEx_PeriphCLKConfig
    main.o(i.main) refers to stm32f1xx_hal.o(i.HAL_Init) for HAL_Init
    main.o(i.main) refers to main.o(i.SystemClock_Config) for SystemClock_Config
    main.o(i.main) refers to main.o(i.MX_GPIO_Init) for MX_GPIO_Init
    main.o(i.main) refers to main.o(i.MX_ADC1_Init) for MX_ADC1_Init
    main.o(i.main) refers to stm32f1xx_hal_i2c.o(i.HAL_I2C_Init) for HAL_I2C_Init
    main.o(i.main) refers to stm32f1xx_hal_uart.o(i.HAL_UART_Init) for HAL_UART_Init
    main.o(i.main) refers to main.o(i.MX_TIM3_Init) for MX_TIM3_Init
    main.o(i.main) refers to main.o(i.MX_SPI1_Init) for MX_SPI1_Init
    main.o(i.main) refers to main.o(i.MX_SPI2_Init) for MX_SPI2_Init
    main.o(i.main) refers to cmsis_os2.o(i.osKernelInitialize) for osKernelInitialize
    main.o(i.main) refers to cmsis_os2.o(i.osSemaphoreNew) for osSemaphoreNew
    main.o(i.main) refers to cmsis_os2.o(i.osThreadNew) for osThreadNew
    main.o(i.main) refers to cmsis_os2.o(i.osKernelStart) for osKernelStart
    main.o(i.main) refers to main.o(.bss) for .bss
[...]
    mcounter                                 0x20000134   Data           4  sound_cf2.o(.data)
    counter                                  0x20000138   Data           4  sound_cf2.o(.data)
    pitch                                    0x2000013c   Data           4  sound_cf2.o(.data)
    tilt_freq                                0x20000140   Data           4  sound_cf2.o(.data)
    tilt_ratio                               0x20000144   Data           4  sound_cf2.o(.data)
    timer                                    0x20000148   Data           4  sound_cf2.o(.data)
    effects                                  0x2000014c   Data         168  sound_cf2.o(.data)
    .data                                    0x200001f4   Section        4  buzzer.o(.data)
    ctrl                                     0x200001f4   Data           4  buzzer.o(.data)
    .data                                    0x200001f8   Section        1  piezo.o(.data)
    isInit                                   0x200001f8   Data           1  piezo.o(.data)
    .data                                    0x200001fc   Section        4  ds3231.o(.data)
    rtc_dev                                  0x200001fc   Data           4  ds3231.o(.data)
    .data                                    0x20000200   Section        2  i2cdev.o(.data)
    .data                                    0x20000202   Section        2  ad5422.o(.data)
    .data                                    0x20000204   Section        4  fram.o(.data)
    mem_dev                                  0x20000204   Data           4  fram.o(.data)
    .data                                    0x20000208   Section        4  opto_in.o(.data)
    .data                                    0x2000020c   Section       24  water_flow_time_control_sys.o(.data)
    set_calendar_control                     0x2000020c   Data           1  water_flow_time_control_sys.o(.data)
    reset_set_para                           0x2000020d   Data           1  water_flow_time_control_sys.o(.data)
    i_val                                    0x20000210   Data           4  water_flow_time_control_sys.o(.data)
    .bss                                     0x20000224   Section      628  main.o(.bss)
    .bss                                     0x20000498   Section       64  stm32f1xx_hal_timebase_tim.o(.bss)
    .bss                                     0x200004d8   Section       64  queue.o(.bss)
    .bss                                     0x20000518   Section     1220  tasks.o(.bss)
    pxReadyTasksLists                        0x20000518   Data        1120  tasks.o(.bss)
    xDelayedTaskList1                        0x20000978   Data          20  tasks.o(.bss)
    xDelayedTaskList2                        0x2000098c   Data          20  tasks.o(.bss)
    xPendingReadyList                        0x200009a0   Data          20  tasks.o(.bss)
    xTasksWaitingTermination                 0x200009b4   Data          20  tasks.o(.bss)
    xSuspendedTaskList                       0x200009c8   Data          20  tasks.o(.bss)
    .bss                                     0x200009dc   Section      280  timers.o(.bss)
    xActiveTimerList1                        0x200009dc   Data          20  timers.o(.bss)
    xActiveTimerList2                        0x200009f0   Data          20  timers.o(.bss)
    xStaticTimerQueue                        0x20000a04   Data          80  timers.o(.bss)
    ucStaticTimerQueueStorage                0x20000a54   Data         160  timers.o(.bss)
    .bss                                     0x20000af4   Section    10936  cmsis_os2.o(.bss)
    Idle_TCB                                 0x20000af4   Data          92  cmsis_os2.o(.bss)
    Idle_Stack                               0x20000b50   Data         512  cmsis_os2.o(.bss)
    Timer_TCB                                0x20000d50   Data          92  cmsis_os2.o(.bss)
    Timer_Stack                              0x20000dac   Data       10240  cmsis_os2.o(.bss)
    .bss                                     0x200035ac   Section    30720  heap_4.o(.bss)
    ucHeap                                   0x200035ac   Data       30720  heap_4.o(.bss)
    .bss                                     0x2000adac   Section       96  input.o(.bss)
    polarity                                 0x2000adac   Data          32  input.o(.bss)
    last_time                                0x2000adcc   Data          32  input.o(.bss)
    last_time                                0x2000adec   Data          32  input.o(.bss)
    .bss                                     0x2000ae0c   Section       64  opto_in.o(.bss)
    pressTrigCB                              0x2000ae0c   Data          32  opto_in.o(.bss)
    releaseTrigCB                            0x2000ae2c   Data          32  opto_in.o(.bss)
    .bss                                     0x2000ae4c   Section      364  mem.o(.bss)
    .bss                                     0x2000afb8   Section       22  water_flow_time_control_sys.o(.bss)
    cld                                      0x2000afc4   Data          10  water_flow_time_control_sys.o(.bss)
    STACK                                    0x2000afd0   Section     1024  startup_stm32f103xe.o(STACK)

    Global Symbols

    Symbol Name                              Value     Ov Type        Size  Object(Section)

    BuildAttributes$$THM_ISAv4$P$D$K$B$S$PE$A:L22UL41UL21$X:L11$S22US41US21$IEEE1$IW$USESV6$~STKCKD$USESV7$~SHL$OTIME$ROPI$EBA8$MICROLIB$REQ8$PRES8$EABIv2 0x00000000   Number         0  anon$$obj.o ABSOLUTE
    __ARM_use_no_argv                        0x00000000   Number         0  main.o ABSOLUTE
    __cpp_initialize__aeabi_                  - Undefined Weak Reference
    __cxa_finalize                            - Undefined Weak Reference
    _clock_init                               - Undefined Weak Reference
    _microlib_exit                            - Undefined Weak Reference
    __Vectors_Size                           0x00000130   Number         0  startup_stm32f103xe.o ABSOLUTE
    __Vectors                                0x08000000   Data           4  startup_stm32f103xe.o(RESET)
    __Vectors_End                            0x08000130   Data           0  startup_stm32f103xe.o(RESET)
    __main                                   0x08000131   Thumb Code     0  entry.o(.ARM.Collect$$$$00000000)
    _main_stk                                0x08000131   Thumb Code     0  entry2.o(.ARM.Collect$$$$00000001)
    _main_scatterload                        0x08000135   Thumb Code     0  entry5.o(.ARM.Collect$$$$00000004)
    __main_after_scatterload                 0x08000139   Thumb Code     0  entry5.o(.ARM.Collect$$$$00000004)
    _main_clock                              0x08000139   Thumb Code     0  entry7b.o(.ARM.Collect$$$$00000008)
    _main_cpp_init                           0x08000139   Thumb Code     0  entry8b.o(.ARM.Collect$$$$0000000A)
    _main_init                               0x08000139   Thumb Code     0  entry9a.o(.ARM.Collect$$$$0000000B)
    __rt_final_cpp                           0x08000141   Thumb Code     0  entry10a.o(.ARM.Collect$$$$0000000D)
    __rt_final_exit                          0x08000141   Thumb Code     0  entry11a.o(.ARM.Collect$$$$0000000F)
    SVC_Handler                              0x08000145   Thumb Code    32  port.o(.emb_text)
    __asm___6_port_c_39a90d8d__prvStartFirstTask 0x08000169   Thumb Code    28  port.o(.emb_text)
    PendSV_Handler                           0x08000189   Thumb Code    72  port.o(.emb_text)
    vPortGetIPSR                             0x080001d5   Thumb Code     6  port.o(.emb_text)
    Reset_Handler                            0x080001dd   Thumb Code     8  startup_stm32f103xe.o(.text)
    ADC1_2_IRQHandler                        0x080001f7   Thumb Code     0  startup_stm32f103xe.o(.text)
    ADC3_IRQHandler                          0x080001f7   Thumb Code     0  startup_stm32f103xe.o(.text)
    CAN1_RX1_IRQHandler                      0x080001f7   Thumb Code     0  startup_stm32f103xe.o(.text)
    CAN1_SCE_IRQHandler                      0x080001f7   Thumb Code     0  startup_stm32f103xe.o(.text)
    DMA1_Channel1_IRQHandler                 0x080001f7   Thumb Code     0  startup_stm32f103xe.o(.text)
    DMA1_Channel2_IRQHandler                 0x080001f7   Thumb Code     0  startup_stm32f103xe.o(.text)
    DMA1_Channel3_IRQHandler                 0x080001f7   Thumb Code     0  startup_stm32f103xe.o(.text)
    DMA1_Channel4_IRQHandler                 0x080001f7   Thumb Code     0  startup_stm32f103xe.o(.text)
    DMA1_Channel5_IRQHandler                 0x080001f7   Thumb Code     0  startup_stm32f103xe.o(.text)
    DMA1_Channel6_IRQHandler                 0x080001f7   Thumb Code     0  startup_stm32f103xe.o(.text)
    DMA1_Channel7_IRQHandler                 0x080001f7   Thumb Code     0  startup_stm32f103xe.o(.text)
    DMA2_Channel1_IRQHandler                 0x080001f7   Thumb Code     0  startup_stm32f103xe.o(.text)
    DMA2_Channel2_IRQHandler                 0x080001f7   Thumb Code     0  startup_stm32f103xe.o(.text)
    DMA2_Channel3_IRQHandler                 0x080001f7   Thumb Code     0  startup_stm32f103xe.o(.text)
    DMA2_Channel4_5_IRQHandler               0x080001f7   Thumb Code     0  startup_stm32f103xe.o(.text)
    EXTI0_IRQHandler                         0x080001f7   Thumb Code     0  startup_stm32f103xe.o(.text)
    EXTI15_10_IRQHandler                     0x080001f7   Thumb Code     0  startup_stm32f103xe.o(.text)
    EXTI1_IRQHandler                         0x080001f7   Thumb Code     0  startup_stm32f103xe.o(.text)
    EXTI2_IRQHandler                         0x080001f7   Thumb Code     0  startup_stm32f103xe.o(.text)
    EXTI3_IRQHandler                         0x080001f7   Thumb Code     0  startup_stm32f103xe.o(.text)
    EXTI4_IRQHandler                         0x080001f7   Thumb Code     0  startup_stm32f103xe.o(.text)
    EXTI9_5_IRQHandler                       0x080001f7   Thumb Code     0  startup_stm32f103xe.o(.text)
    FLASH_IRQHandler                         0x080001f7   Thumb Code     0  startup_stm32f103xe.o(.text)
    FSMC_IRQHandler                          0x080001f7   Thumb Code     0  startup_stm32f103xe.o(.text)
    I2C1_ER_IRQHandler                       0x080001f7   Thumb Code     0  startup_stm32f103xe.o(.text)
    I2C1_EV_IRQHandler                       0x080001f7   Thumb Code     0  startup_stm32f103xe.o(.text)
    I2C2_ER_IRQHandler                       0x080001f7   Thumb Code     0  startup_stm32f103xe.o(.text)
    I2C2_EV_IRQHandler                       0x080001f7   Thumb Code     0  startup_stm32f103xe.o(.text)
    PVD_IRQHandler                           0x080001f7   Thumb Code     0  startup_stm32f103xe.o(.text)
    RCC_IRQHandler                           0x080001f7   Thumb Code     0  startup_stm32f103xe.o(.text)
    RTC_Alarm_IRQHandler                     0x080001f7   Thumb Code     0  startup_stm32f103xe.o(.text)
    RTC_IRQHandler                           0x080001f7   Thumb Code     0  startup_stm32f103xe.o(.text)
    SDIO_IRQHandler                          0x080001f7   Thumb Code     0  startup_stm32f103xe.o(.text)
    SPI1_IRQHandler                          0x080001f7   Thumb Code     0  startup_stm32f103xe.o(.text)
    SPI2_IRQHandler                          0x080001f7   Thumb Code     0  startup_stm32f103xe.o(.text)
    SPI3_IRQHandler                          0x080001f7   Thumb Code     0  startup_stm32f103xe.o(.text)
    TAMPER_IRQHandler                        0x080001f7   Thumb Code     0  startup_stm32f103xe.o(.text)
    TIM1_BRK_IRQHandler                      0x080001f7   Thumb Code     0  startup_stm32f103xe.o(.text)
    TIM1_CC_IRQHandler                       0x080001f7   Thumb Code     0  startup_stm32f103xe.o(.text)
    TIM1_TRG_COM_IRQHandler                  0x080001f7   Thumb Code     0  startup_stm32f103xe.o(.text)
    TIM1_UP_IRQHandler                       0x080001f7   Thumb Code     0  startup_stm32f103xe.o(.text)
    TIM2_IRQHandler                          0x080001f7   Thumb Code     0  startup_stm32f103xe.o(.text)
    TIM3_IRQHandler                          0x080001f7   Thumb Code     0  startup_stm32f103xe.o(.text)
    TIM4_IRQHandler                          0x080001f7   Thumb Code     0  startup_stm32f103xe.o(.text)
    TIM5_IRQHandler                          0x080001f7   Thumb Code     0  startup_stm32f103xe.o(.text)
    TIM6_IRQHandler                          0x080001f7   Thumb Code     0  startup_stm32f103xe.o(.text)
    TIM8_BRK_IRQHandler                      0x080001f7   Thumb Code     0  startup_stm32f103xe.o(.text)
    TIM8_CC_IRQHandler                       0x080001f7   Thumb Code     0  startup_stm32f103xe.o(.text)
    TIM8_TRG_COM_IRQHandler                  0x080001f7   Thumb Code     0  startup_stm32f103xe.o(.text)
    TIM8_UP_IRQHandler                       0x080001f7   Thumb Code     0  startup_stm32f103xe.o(.text)
    UART5_IRQHandler                         0x080001f7   Thumb Code     0  startup_stm32f103xe.o(.text)
    USBWakeUp_IRQHandler                     0x080001f7   Thumb Code     0  startup_stm32f103xe.o(.text)
    USB_HP_CAN1_TX_IRQHandler                0x080001f7   Thumb Code     0  startup_stm32f103xe.o(.text)
    USB_LP_CAN1_RX0_IRQHandler               0x080001f7   Thumb Code     0  startup_stm32f103xe.o(.text)
    WWDG_IRQHandler                          0x080001f7   Thumb Code     0  startup_stm32f103xe.o(.text)
    __aeabi_llsr                             0x08000201   Thumb Code    32  llushr.o(.text)
    _ll_ushift_r                             0x08000201   Thumb Code     0  llushr.o(.text)
    __aeabi_memcpy                           0x08000221   Thumb Code    36  memcpya.o(.text)
    __aeabi_memcpy4                          0x08000221   Thumb Code     0  memcpya.o(.text)
    __aeabi_memcpy8                          0x08000221   Thumb Code     0  memcpya.o(.text)
    __aeabi_memset                           0x08000245   Thumb Code    14  memseta.o(.text)
    __aeabi_memset4                          0x08000245   Thumb Code     0  memseta.o(.text)
    __aeabi_memset8                          0x08000245   Thumb Code     0  memseta.o(.text)
    __aeabi_memclr                           0x08000253   Thumb Code     4  memseta.o(.text)
    __aeabi_memclr4                          0x08000253   Thumb Code     0  memseta.o(.text)
    __aeabi_memclr8                          0x08000253   Thumb Code     0  memseta.o(.text)
    memset                                   0x08000257   Thumb Code    18  memseta.o(.text)
    memcmp                                   0x08000269   Thumb Code    26  memcmp.o(.text)
    __aeabi_fadd                             0x08000283   Thumb Code   164  fadd.o(.text)
    __aeabi_fsub                             0x08000327   Thumb Code     6  fadd.o(.text)
    __aeabi_frsub                            0x0800032d   Thumb Code     6  fadd.o(.text)
    __aeabi_fmul                             0x08000333   Thumb Code   100  fmul.o(.text)
    __ARM_scalbnf                            0x08000397   Thumb Code    24  fscalb.o(.text)
    scalbnf                                  0x08000397   Thumb Code     0  fscalb.o(.text)
    __aeabi_dadd                             0x080003af   Thumb Code   322  dadd.o(.text)
    __aeabi_dsub                             0x080004f1   Thumb Code     6  dadd.o(.text)
    __aeabi_drsub                            0x080004f7   Thumb Code     6  dadd.o(.text)
    __aeabi_dmul                             0x080004fd   Thumb Code   228  dmul.o(.text)
    __aeabi_ddiv                             0x080005e1   Thumb Code   222  ddiv.o(.text)
    __ARM_scalbn                             0x080006bf   Thumb Code    46  dscalb.o(.text)
    scalbn                                   0x080006bf   Thumb Code     0  dscalb.o(.text)
    __aeabi_ui2f                             0x080006ed   Thumb Code    10  ffltui.o(.text)
    __aeabi_ui2d                             0x080006f7   Thumb Code    26  dfltui.o(.text)
    __aeabi_d2uiz                            0x08000711   Thumb Code    50  dfixui.o(.text)
    __aeabi_f2d                              0x08000743   Thumb Code    38  f2d.o(.text)
    __aeabi_d2f                              0x08000769   Thumb Code    56  d2f.o(.text)
    __aeabi_llsl                             0x080007a1   Thumb Code    30  llshl.o(.text)
    _ll_shift_l                              0x080007a1   Thumb Code     0  llshl.o(.text)
    __aeabi_lasr                             0x080007bf   Thumb Code    36  llsshr.o(.text)
    _ll_sshift_r                             0x080007bf   Thumb Code     0  llsshr.o(.text)
    __I$use$fp                               0x080007e3   Thumb Code     0  iusefp.o(.text)
    _float_round                             0x080007e3   Thumb Code    18  fepilogue.o(.text)
    _float_epilogue                          0x080007f5   Thumb Code    92  fepilogue.o(.text)
    _double_round                            0x08000851   Thumb Code    30  depilogue.o(.text)
    _double_epilogue                         0x0800086f   Thumb Code   156  depilogue.o(.text)
    __scatterload                            0x0800090d   Thumb Code    28  init.o(.text)
    __scatterload_rt2                        0x0800090d   Thumb Code     0  init.o(.text)
    __decompress                             0x08000931   Thumb Code     0  __dczerorl2.o(.text)
    __decompress1                            0x08000931   Thumb Code    86  __dczerorl2.o(.text)
    AD5410_SetOutPutCurrent                  0x08000989   Thumb Code    24  ad5422.o(i.AD5410_SetOutPutCurrent)
    AD5410_SetOutPutType                     0x080009a5   Thumb Code    36  ad5422.o(i.AD5410_SetOutPutType)
    AD5422_Delay                             0x080009cd   Thumb Code    16  ad5422.o(i.AD5422_Delay)
    AD5422_Init                              0x080009dd   Thumb Code    84  ad5422.o(i.AD5422_Init)
    AD5422_Read24Bits                        0x08000a39   Thumb Code    82  ad5422.o(i.AD5422_Read24Bits)
    AD5422_ReadCtrReg                        0x08000a95   Thumb Code    28  ad5422.o(i.AD5422_ReadCtrReg)
    AD5422_ReadDataReg                       0x08000ab1   Thumb Code    26  ad5422.o(i.AD5422_ReadDataReg)
    AD5422_ReadStatusReg                     0x08000acb   Thumb Code    30  ad5422.o(i.AD5422_ReadStatusReg)
    AD5422_SoftReset                         0x08000ae9   Thumb Code    18  ad5422.o(i.AD5422_SoftReset)
    AD5422_Write24Bits                       0x08000afd   Thumb Code    76  ad5422.o(i.AD5422_Write24Bits)
    AD5422_WriteCtrReg                       0x08000b51   Thumb Code    30  ad5422.o(i.AD5422_WriteCtrReg)
    AD5422_WriteDataReg                      0x08000b6f   Thumb Code    18  ad5422.o(i.AD5422_WriteDataReg)
    ADC_ConversionStop_Disable               0x08000b81   Thumb Code    76  stm32f1xx_hal_adc.o(i.ADC_ConversionStop_Disable)
    BusFault_Handler                         0x08000bcd   Thumb Code     2  stm32f1xx_it.o(i.BusFault_Handler)
    Current_ConvertTo_Number                 0x08000bd1   Thumb Code   146  ad5422.o(i.Current_ConvertTo_Number)
    DebugMon_Handler                         0x08000c7d   Thumb Code     2  stm32f1xx_it.o(i.DebugMon_Handler)
    HAL_ADC_ConfigChannel                    0x08000c81   Thumb Code   240  stm32f1xx_hal_adc.o(i.HAL_ADC_ConfigChannel)
    HAL_ADC_Init                             0x08000d7d   Thumb Code   272  stm32f1xx_hal_adc.o(i.HAL_ADC_Init)
    HAL_ADC_MspInit                          0x08000e9d   Thumb Code    76  stm32f1xx_hal_msp.o(i.HAL_ADC_MspInit)
    HAL_DMA_Abort_IT                         0x08000ef5   Thumb Code   296  stm32f1xx_hal_dma.o(i.HAL_DMA_Abort_IT)
    HAL_GPIO_Init                            0x08001025   Thumb Code   462  stm32f1xx_hal_gpio.o(i.HAL_GPIO_Init)
    HAL_GPIO_ReadPin                         0x0800121d   Thumb Code    10  stm32f1xx_hal_gpio.o(i.HAL_GPIO_ReadPin)
    HAL_GPIO_WritePin                        0x08001227   Thumb Code    10  stm32f1xx_hal_gpio.o(i.HAL_GPIO_WritePin)
    HAL_GetTick                              0x08001231   Thumb Code     6  stm32f1xx_hal.o(i.HAL_GetTick)
    HAL_I2C_Init                             0x0800123d   Thumb Code   356  stm32f1xx_hal_i2c.o(i.HAL_I2C_Init)
    HAL_I2C_Mem_Read                         0x080013b1   Thumb Code   530  stm32f1xx_hal_i2c.o(i.HAL_I2C_Mem_Read)
    HAL_I2C_Mem_Write                        0x080015d1   Thumb Code   294  stm32f1xx_hal_i2c.o(i.HAL_I2C_Mem_Write)
    HAL_I2C_MspInit                          0x08001701   Thumb Code    82  stm32f1xx_hal_msp.o(i.HAL_I2C_MspInit)
    HAL_IncTick                              0x08001761   Thumb Code    12  stm32f1xx_hal.o(i.HAL_IncTick)
    HAL_Init                                 0x08001771   Thumb Code    32  stm32f1xx_hal.o(i.HAL_Init)
    HAL_InitTick                             0x08001795   Thumb Code   100  stm32f1xx_hal_timebase_tim.o(i.HAL_InitTick)
    HAL_MspInit                              0x08001809   Thumb Code    52  stm32f1xx_hal_msp.o(i.HAL_MspInit)
    HAL_NVIC_EnableIRQ                       0x08001845   Thumb Code    26  stm32f1xx_hal_cortex.o(i.HAL_NVIC_EnableIRQ)
    HAL_NVIC_SetPriority                     0x08001861   Thumb Code    60  stm32f1xx_hal_cortex.o(i.HAL_NVIC_SetPriority)
    HAL_NVIC_SetPriorityGrouping             0x080018a1   Thumb Code    26  stm32f1xx_hal_cortex.o(i.HAL_NVIC_SetPriorityGrouping)
    HAL_RCCEx_PeriphCLKConfig                0x080018c5   Thumb Code   224  stm32f1xx_hal_rcc_ex.o(i.HAL_RCCEx_PeriphCLKConfig)
    HAL_RCC_ClockConfig                      0x080019b1   Thumb Code   280  stm32f1xx_hal_rcc.o(i.HAL_RCC_ClockConfig)
    HAL_RCC_GetClockConfig                   0x08001add   Thumb Code    54  stm32f1xx_hal_rcc.o(i.HAL_RCC_GetClockConfig)
    HAL_RCC_GetPCLK1Freq                     0x08001b1d   Thumb Code    20  stm32f1xx_hal_rcc.o(i.HAL_RCC_GetPCLK1Freq)
    HAL_RCC_GetPCLK2Freq                     0x08001b3d   Thumb Code    20  stm32f1xx_hal_rcc.o(i.HAL_RCC_GetPCLK2Freq)
    HAL_RCC_GetSysClockFreq                  0x08001b5d   Thumb Code    74  stm32f1xx_hal_rcc.o(i.HAL_RCC_GetSysClockFreq)
    HAL_RCC_OscConfig                        0x08001bc9   Thumb Code   778  stm32f1xx_hal_rcc.o(i.HAL_RCC_OscConfig)
    HAL_SPI_Init                             0x08001ee9   Thumb Code   124  stm32f1xx_hal_spi.o(i.HAL_SPI_Init)
    HAL_SPI_MspInit                          0x08001f65   Thumb Code   186  stm32f1xx_hal_msp.o(i.HAL_SPI_MspInit)
    HAL_SPI_Receive                          0x08002035   Thumb Code   336  stm32f1xx_hal_spi.o(i.HAL_SPI_Receive)
    HAL_SPI_Transmit                         0x08002185   Thumb Code   348  stm32f1xx_hal_spi.o(i.HAL_SPI_Transmit)
    HAL_SPI_TransmitReceive                  0x080022e1   Thumb Code   482  stm32f1xx_hal_spi.o(i.HAL_SPI_TransmitReceive)
    HAL_TIMEx_BreakCallback                  0x080024c3   Thumb Code     2  stm32f1xx_hal_tim_ex.o(i.HAL_TIMEx_BreakCallback)
    HAL_TIMEx_CommutCallback                 0x080024c5   Thumb Code     2  stm32f1xx_hal_tim_ex.o(i.HAL_TIMEx_CommutCallback)
    HAL_TIMEx_MasterConfigSynchronization    0x080024c7   Thumb Code    66  stm32f1xx_hal_tim_ex.o(i.HAL_TIMEx_MasterConfigSynchronization)
    HAL_TIM_Base_Init                        0x08002509   Thumb Code    54  stm32f1xx_hal_tim.o(i.HAL_TIM_Base_Init)
    HAL_TIM_Base_MspInit                     0x0800253f   Thumb Code     2  stm32f1xx_hal_tim.o(i.HAL_TIM_Base_MspInit)
    HAL_TIM_Base_Start_IT                    0x08002541   Thumb Code    34  stm32f1xx_hal_tim.o(i.HAL_TIM_Base_Start_IT)
    HAL_TIM_IC_CaptureCallback               0x08002563   Thumb Code     2  stm32f1xx_hal_tim.o(i.HAL_TIM_IC_CaptureCallback)
    HAL_TIM_IRQHandler                       0x08002565   Thumb Code   358  stm32f1xx_hal_tim.o(i.HAL_TIM_IRQHandler)
    HAL_TIM_MspPostInit                      0x080026cd   Thumb Code    80  stm32f1xx_hal_msp.o(i.HAL_TIM_MspPostInit)
    HAL_TIM_OC_DelayElapsedCallback          0x0800272d   Thumb Code     2  stm32f1xx_hal_tim.o(i.HAL_TIM_OC_DelayElapsedCallback)
    HAL_TIM_PWM_ConfigChannel                0x0800272f   Thumb Code   208  stm32f1xx_hal_tim.o(i.HAL_TIM_PWM_ConfigChannel)
    HAL_TIM_PWM_Init                         0x080027ff   Thumb Code    54  stm32f1xx_hal_tim.o(i.HAL_TIM_PWM_Init)
    HAL_TIM_PWM_MspInit                      0x08002835   Thumb Code    30  stm32f1xx_hal_msp.o(i.HAL_TIM_PWM_MspInit)
    HAL_TIM_PWM_PulseFinishedCallback        0x0800285d   Thumb Code     2  stm32f1xx_hal_tim.o(i.HAL_TIM_PWM_PulseFinishedCallback)
    HAL_TIM_PWM_Start                        0x08002861   Thumb Code    58  stm32f1xx_hal_tim.o(i.HAL_TIM_PWM_Start)
    HAL_TIM_PeriodElapsedCallback            0x080028a5   Thumb Code    14  main.o(i.HAL_TIM_PeriodElapsedCallback)
    HAL_TIM_TriggerCallback                  0x080028b9   Thumb Code     2  stm32f1xx_hal_tim.o(i.HAL_TIM_TriggerCallback)
    HAL_UART_ErrorCallback                   0x080028bb   Thumb Code     2  stm32f1xx_hal_uart.o(i.HAL_UART_ErrorCallback)
    HAL_UART_IRQHandler                      0x080028bd   Thumb Code   266  stm32f1xx_hal_uart.o(i.HAL_UART_IRQHandler)
    HAL_UART_Init                            0x080029cd   Thumb Code    98  stm32f1xx_hal_uart.o(i.HAL_UART_Init)
    HAL_UART_MspInit                         0x08002a31   Thumb Code   402  stm32f1xx_hal_msp.o(i.HAL_UART_MspInit)
    HAL_UART_RxCpltCallback                  0x08002be9   Thumb Code     2  stm32f1xx_hal_uart.o(i.HAL_UART_RxCpltCallback)
    HAL_UART_TxCpltCallback                  0x08002beb   Thumb Code     2  stm32f1xx_hal_uart.o(i.HAL_UART_TxCpltCallback)
    HardFault_Handler                        0x08002bed   Thumb Code     2  stm32f1xx_it.o(i.HardFault_Handler)
    MemManage_Handler                        0x08003225   Thumb Code     2  stm32f1xx_it.o(i.MemManage_Handler)
    NMI_Handler                              0x08003227   Thumb Code     2  stm32f1xx_it.o(i.NMI_Handler)
    StartDefaultTask                         0x08003339   Thumb Code    44  main.o(i.StartDefaultTask)
    StartTest                                0x08003369   Thumb Code    12  freertos.o(i.StartTest)
    SysTick_Handler                          0x08003375   Thumb Code    38  port.o(i.SysTick_Handler)
    SystemClock_Config                       0x080033a1   Thumb Code    98  main.o(i.SystemClock_Config)
    SystemInit                               0x08003405   Thumb Code    56  system_stm32f1xx.o(i.SystemInit)
    TIM3_CH1_FREQ_DUTY                       0x0800344d   Thumb Code   104  piezo.o(i.TIM3_CH1_FREQ_DUTY)
    TIM7_IRQHandler                          0x080034c1   Thumb Code     6  stm32f1xx_it.o(i.TIM7_IRQHandler)
    TIM_Base_SetConfig                       0x080034cd   Thumb Code   120  stm32f1xx_hal_tim.o(i.TIM_Base_SetConfig)
    TIM_CCxChannelCmd                        0x08003559   Thumb Code    26  stm32f1xx_hal_tim.o(i.TIM_CCxChannelCmd)
    TIM_OC2_SetConfig                        0x080035d5   Thumb Code    98  stm32f1xx_hal_tim.o(i.TIM_OC2_SetConfig)
    UART4_IRQHandler                         0x080036f9   Thumb Code     6  stm32f1xx_it.o(i.UART4_IRQHandler)
    USART1_IRQHandler                        0x080038e5   Thumb Code     6  stm32f1xx_it.o(i.USART1_IRQHandler)
    USART2_IRQHandler                        0x080038f1   Thumb Code     6  stm32f1xx_it.o(i.USART2_IRQHandler)
    USART3_IRQHandler                        0x080038fd   Thumb Code     6  stm32f1xx_it.o(i.USART3_IRQHandler)
    UsageFault_Handler                       0x08003909   Thumb Code     2  stm32f1xx_it.o(i.UsageFault_Handler)
    __scatterload_copy                       0x0800392b   Thumb Code    14  handlers.o(i.__scatterload_copy)
    __scatterload_null                       0x08003939   Thumb Code     2  handlers.o(i.__scatterload_null)
    __scatterload_zeroinit                   0x0800393b   Thumb Code    14  handlers.o(i.__scatterload_zeroinit)
    bcd2dec                                  0x08003949   Thumb Code    18  ds3231.o(i.bcd2dec)
    buzzDeckInit                             0x0800395d   Thumb Code    26  buzzdeck.o(i.buzzDeckInit)
    buzzerOff                                0x08003999   Thumb Code    14  buzzer.o(i.buzzerOff)
    buzzerOn                                 0x080039ad   Thumb Code    14  buzzer.o(i.buzzerOn)
    buzzerSetControl                         0x080039c1   Thumb Code     6  buzzer.o(i.buzzerSetControl)
    calendar_get                             0x080039d9   Thumb Code    56  calendar.o(i.calendar_get)
    calendar_init                            0x08003a11   Thumb Code    16  calendar.o(i.calendar_init)
    calendar_set                             0x08003a21   Thumb Code    54  calendar.o(i.calendar_set)
    dec2bcd                                  0x08003aa1   Thumb Code    22  ds3231.o(i.dec2bcd)
    ds3231_get_time                          0x08003ab9   Thumb Code   148  ds3231.o(i.ds3231_get_time)
    ds3231_init                              0x08003b51   Thumb Code    14  ds3231.o(i.ds3231_init)
    ds3231_set_time                          0x08003b69   Thumb Code   112  ds3231.o(i.ds3231_set_time)
    framInit                                 0x08003bdd   Thumb Code     8  fram.o(i.framInit)
    framRead                                 0x08003bed   Thumb Code    26  fram.o(i.framRead)
    framWrite                                0x08003c0d   Thumb Code    26  fram.o(i.framWrite)
    i2c_dev_read_reg                         0x08003c2d   Thumb Code   112  i2cdev.o(i.i2c_dev_read_reg)
    i2c_dev_write_reg                        0x08003ca5   Thumb Code   108  i2cdev.o(i.i2c_dev_write_reg)
    i2c_master_init                          0x08003d19   Thumb Code    12  i2cdev.o(i.i2c_master_init)
    i_v_out_current                          0x08003d25   Thumb Code    54  iv_out.o(i.i_v_out_current)
    i_v_out_init                             0x08003d61   Thumb Code    34  iv_out.o(i.i_v_out_init)
    i_v_out_set_type                         0x08003d83   Thumb Code    32  iv_out.o(i.i_v_out_set_type)
    init_dev                                 0x08003da5   Thumb Code    70  common.o(i.init_dev)
    inputGetDInEdgeStatus                    0x08003e05   Thumb Code   104  input.o(i.inputGetDInEdgeStatus)
    inputGetDInHoldStatus                    0x08003e75   Thumb Code    90  input.o(i.inputGetDInHoldStatus)
    iv_in_get_i                              0x08003ed9   Thumb Code   130  iv_in.o(i.iv_in_get_i)
    iv_in_get_v                              0x08003f5b   Thumb Code   130  iv_in.o(i.iv_in_get_v)
    iv_in_init                               0x08003fdd   Thumb Code    14  iv_in.o(i.iv_in_init)
    iv_in_set_mode                           0x08003feb   Thumb Code   132  iv_in.o(i.iv_in_set_mode)
    main                                     0x08004071   Thumb Code   208  main.o(i.main)
    memDataOP                                0x080041d5   Thumb Code    80  mem.o(i.memDataOP)
    memForceSetToFactory                     0x0800422d   Thumb Code   198  mem.o(i.memForceSetToFactory)
    memInit                                  0x080042fd   Thumb Code    76  mem.o(i.memInit)
    memReadData                              0x0800434d   Thumb Code    16  mem.o(i.memReadData)
    memReadSet                               0x0800435d   Thumb Code    64  mem.o(i.memReadSet)
    memSetPara                               0x080043a1   Thumb Code    80  mem.o(i.memSetPara)
    memWriteData                             0x080043f5   Thumb Code    16  mem.o(i.memWriteData)
    osDelay                                  0x08004519   Thumb Code    46  cmsis_os2.o(i.osDelay)
    osKernelInitialize                       0x0800454d   Thumb Code    50  cmsis_os2.o(i.osKernelInitialize)
    osKernelStart                            0x08004585   Thumb Code    58  cmsis_os2.o(i.osKernelStart)
    osSemaphoreAcquire                       0x080045c5   Thumb Code   108  cmsis_os2.o(i.osSemaphoreAcquire)
    osSemaphoreNew                           0x08004639   Thumb Code   172  cmsis_os2.o(i.osSemaphoreNew)
    osSemaphoreRelease                       0x080046e9   Thumb Code   102  cmsis_os2.o(i.osSemaphoreRelease)
    osThreadNew                              0x08004759   Thumb Code   160  cmsis_os2.o(i.osThreadNew)
    piezoInit                                0x080047fd   Thumb Code    24  piezo.o(i.piezoInit)
    piezoSetFreq                             0x0800481d   Thumb Code     6  piezo.o(i.piezoSetFreq)
    piezoSetRatio                            0x08004825   Thumb Code    50  piezo.o(i.piezoSetRatio)
    pre_alarm_system_task_start              0x08004865   Thumb Code     2  freertos.o(i.pre_alarm_system_task_start)
    pvPortMalloc                             0x08004ff1   Thumb Code   210  heap_4.o(i.pvPortMalloc)
    pvTaskIncrementMutexHeldCount            0x080050c9   Thumb Code    18  tasks.o(i.pvTaskIncrementMutexHeldCount)
    pxPortInitialiseStack                    0x080050e1   Thumb Code    32  port.o(i.pxPortInitialiseStack)
    soundInit                                0x08005185   Thumb Code    62  sound_cf2.o(i.soundInit)
    soundSetEffect                           0x080051d9   Thumb Code     6  sound_cf2.o(i.soundSetEffect)
    startAPP                                 0x08005221   Thumb Code    38  freertos.o(i.startAPP)
    tpic6b595Action                          0x08005289   Thumb Code   288  tpic6b595.o(i.tpic6b595Action)
    tps08u_chan_data_get                     0x080053b5   Thumb Code   110  tps08u.o(i.tps08u_chan_data_get)
    tps08u_chan_enable_get                   0x08005429   Thumb Code    86  tps08u.o(i.tps08u_chan_enable_get)
    tps08u_chan_enable_set                   0x08005485   Thumb Code    98  tps08u.o(i.tps08u_chan_enable_set)
    tps08u_chan_mode_get                     0x080054ed   Thumb Code    98  tps08u.o(i.tps08u_chan_mode_get)
    tps08u_chan_mode_set                     0x08005555   Thumb Code   104  tps08u.o(i.tps08u_chan_mode_set)
    tps08u_detect                            0x080055c1   Thumb Code    52  tps08u.o(i.tps08u_detect)
    tps08u_init                              0x080055fd   Thumb Code    72  tps08u.o(i.tps08u_init)
    tps08u_platform_mdelay                   0x0800564d   Thumb Code    30  tps08u.o(i.tps08u_platform_mdelay)
    tps08u_platform_read                     0x0800566d   Thumb Code   114  tps08u.o(i.tps08u_platform_read)
    tps08u_platform_write                    0x080056e5   Thumb Code   114  tps08u.o(i.tps08u_platform_write)
    tps08u_reset                             0x0800575d   Thumb Code    44  tps08u.o(i.tps08u_reset)
    tps08u_uint32_to_float                   0x08005791   Thumb Code    48  tps08u.o(i.tps08u_uint32_to_float)
    uxListRemove                             0x080057c1   Thumb Code    38  list.o(i.uxListRemove)
    vApplicationGetIdleTaskMemory            0x080057e9   Thumb Code    16  cmsis_os2.o(i.vApplicationGetIdleTaskMemory)
    vApplicationGetTimerTaskMemory           0x080057fd   Thumb Code    18  cmsis_os2.o(i.vApplicationGetTimerTaskMemory)
    vListInitialise                          0x08005815   Thumb Code    22  list.o(i.vListInitialise)
    vListInitialiseItem                      0x0800582b   Thumb Code     6  list.o(i.vListInitialiseItem)
    vListInsert                              0x08005831   Thumb Code    48  list.o(i.vListInsert)
    vListInsertEnd                           0x08005861   Thumb Code    24  list.o(i.vListInsertEnd)
    vPortEnterCritical                       0x08005879   Thumb Code    54  port.o(i.vPortEnterCritical)
    vPortExitCritical                        0x080058b9   Thumb Code    34  port.o(i.vPortExitCritical)
    vPortFree                                0x080058e1   Thumb Code    88  heap_4.o(i.vPortFree)
    vPortSetupTimerInterrupt                 0x0800593d   Thumb Code    32  port.o(i.vPortSetupTimerInterrupt)
    vPortValidateInterruptPriority           0x08005961   Thumb Code    74  port.o(i.vPortValidateInterruptPriority)
    vQueueAddToRegistry                      0x080059b5   Thumb Code    34  queue.o(i.vQueueAddToRegistry)
    vQueueDelete                             0x080059dd   Thumb Code    46  queue.o(i.vQueueDelete)
    vQueueUnregisterQueue                    0x08005a0d   Thumb Code    36  queue.o(i.vQueueUnregisterQueue)
    vQueueWaitForMessageRestricted           0x08005a35   Thumb Code    68  queue.o(i.vQueueWaitForMessageRestricted)
    vTaskDelay                               0x08005a79   Thumb Code    66  tasks.o(i.vTaskDelay)
    vTaskInternalSetTimeOutState             0x08005ac5   Thumb Code    12  tasks.o(i.vTaskInternalSetTimeOutState)
    vTaskMissedYield                         0x08005ad5   Thumb Code     8  tasks.o(i.vTaskMissedYield)
    vTaskPlaceOnEventList                    0x08005ae1   Thumb Code    44  tasks.o(i.vTaskPlaceOnEventList)
    vTaskPlaceOnEventListRestricted          0x08005b11   Thumb Code    52  tasks.o(i.vTaskPlaceOnEventListRestricted)
    vTaskPriorityDisinheritAfterTimeout      0x08005b49   Thumb Code   134  tasks.o(i.vTaskPriorityDisinheritAfterTimeout)
    vTaskStartScheduler                      0x08005bd9   Thumb Code   118  tasks.o(i.vTaskStartScheduler)
    vTaskSuspendAll                          0x08005c61   Thumb Code    10  tasks.o(i.vTaskSuspendAll)
    vTaskSwitchContext                       0x08005c71   Thumb Code    90  tasks.o(i.vTaskSwitchContext)
    water_flow_time_control_task_start       0x08005cd5   Thumb Code    18  water_flow_time_control_sys.o(i.water_flow_time_control_task_start)
    water_press_flow_control_task_start      0x08005e95   Thumb Code     2  freertos.o(i.water_press_flow_control_task_start)
    water_press_time_control_task_start      0x08005e97   Thumb Code     2  freertos.o(i.water_press_time_control_task_start)
    water_pumb_valve_control_task_start      0x08005e99   Thumb Code     2  freertos.o(i.water_pumb_valve_control_task_start)
    xPortStartScheduler                      0x08005e9d   Thumb Code   154  port.o(i.xPortStartScheduler)
    xQueueCreateCountingSemaphore            0x08005f45   Thumb Code    58  queue.o(i.xQueueCreateCountingSemaphore)
    xQueueCreateCountingSemaphoreStatic      0x08005f7f   Thumb Code    64  queue.o(i.xQueueCreateCountingSemaphoreStatic)
    xQueueGenericCreate                      0x08005fbf   Thumb Code    72  queue.o(i.xQueueGenericCreate)
    xQueueGenericCreateStatic                0x08006007   Thumb Code   102  queue.o(i.xQueueGenericCreateStatic)
    xQueueGenericReset                       0x0800606d   Thumb Code   132  queue.o(i.xQueueGenericReset)
    xQueueGenericSend                        0x080060f5   Thumb Code   346  queue.o(i.xQueueGenericSend)
    xQueueGenericSendFromISR                 0x08006255   Thumb Code   188  queue.o(i.xQueueGenericSendFromISR)
    xQueueGiveFromISR                        0x08006311   Thumb Code   156  queue.o(i.xQueueGiveFromISR)
    xQueueReceive                            0x080063ad   Thumb Code   308  queue.o(i.xQueueReceive)
    xQueueReceiveFromISR                     0x080064e5   Thumb Code   154  queue.o(i.xQueueReceiveFromISR)
    xQueueSemaphoreTake                      0x08006581   Thumb Code   372  queue.o(i.xQueueSemaphoreTake)
    xTaskCheckForTimeOut                     0x080066f9   Thumb Code   112  tasks.o(i.xTaskCheckForTimeOut)
    xTaskCreate                              0x0800676d   Thumb Code    90  tasks.o(i.xTaskCreate)
    xTaskCreateStatic                        0x080067c7   Thumb Code    86  tasks.o(i.xTaskCreateStatic)
    xTaskGetSchedulerState                   0x0800681d   Thumb Code    22  tasks.o(i.xTaskGetSchedulerState)
    xTaskGetTickCount                        0x08006839   Thumb Code     6  tasks.o(i.xTaskGetTickCount)
    xTaskIncrementTick                       0x08006845   Thumb Code   190  tasks.o(i.xTaskIncrementTick)
    xTaskPriorityDisinherit                  0x0800690d   Thumb Code   118  tasks.o(i.xTaskPriorityDisinherit)
    xTaskPriorityInherit                     0x0800698d   Thumb Code   112  tasks.o(i.xTaskPriorityInherit)
    xTaskRemoveFromEventList                 0x08006a05   Thumb Code    98  tasks.o(i.xTaskRemoveFromEventList)
    xTaskResumeAll                           0x08006a75   Thumb Code   182  tasks.o(i.xTaskResumeAll)
    xTimerCreate                             0x08006b39   Thumb Code    52  timers.o(i.xTimerCreate)
    xTimerCreateTimerTask                    0x08006b6d   Thumb Code    78  timers.o(i.xTimerCreateTimerTask)
    xTimerGenericCommand                     0x08006bcd   Thumb Code    98  timers.o(i.xTimerGenericCommand)
    defaultTask_attributes                   0x08006c34   Data          36  main.o(.constdata)
    myI2C2BinarySem_attributes               0x08006c58   Data          16  main.o(.constdata)
    testTask_attributes                      0x08006c68   Data          36  freertos.o(.constdata)
    AHBPrescTable                            0x08006c8c   Data          16  system_stm32f1xx.o(.constdata)
    APBPrescTable                            0x08006c9c   Data           8  system_stm32f1xx.o(.constdata)
    relay_out_dev                            0x0800782c   Data           8  relay_out.o(.constdata)
    optoIn_attributes                        0x08007834   Data          36  opto_in.o(.constdata)
    opto_in_dev                              0x08007858   Data          12  opto_in.o(.constdata)
    calendar_dev                             0x08007864   Data          12  calendar.o(.constdata)
    iv_in_dev                                0x08007870   Data          16  iv_in.o(.constdata)
    iv_out_dev                               0x08007880   Data          12  iv_out.o(.constdata)
    mem_dev                                  0x0800788c   Data          24  mem.o(.constdata)
    waterFlowTimeTask_attributes             0x080078a4   Data          36  water_flow_time_control_sys.o(.constdata)
    Region$$Table$$Base                      0x0800790c   Number         0  anon$$obj.o(Region$$Table)
    Region$$Table$$Limit                     0x0800792c   Number         0  anon$$obj.o(Region$$Table)
    defaultTaskHandle                        0x20000000   Data           4  main.o(.data)
    myI2C2BinarySemHandle                    0x20000004   Data           4  main.o(.data)
    testTaskHandle                           0x20000008   Data           4  freertos.o(.data)
    uwTickFreq                               0x2000000c   Data           1  stm32f1xx_hal.o(.data)
    uwTickPrio                               0x20000010   Data           4  stm32f1xx_hal.o(.data)
    uwTick                                   0x20000014   Data           4  stm32f1xx_hal.o(.data)
    SystemCoreClock                          0x20000018   Data           4  system_stm32f1xx.o(.data)
    pxCurrentTCB                             0x2000001c   Data           4  tasks.o(.data)
    sel_rec                                  0x20000094   Data           2  tpic6b595.o(.data)
    pinState                                 0x20000098   Data           1  input.o(.data)
    errTraceR                                0x20000200   Data           1  i2cdev.o(.data)
    errWrTrace                               0x20000201   Data           1  i2cdev.o(.data)
    ctrRegVal                                0x20000202   Data           2  ad5422.o(.data)
    optoInHandle                             0x20000208   Data           4  opto_in.o(.data)
    waterFlowTimeTaskHandle                  0x20000214   Data           4  water_flow_time_control_sys.o(.data)
    PID                                      0x20000218   Data          12  water_flow_time_control_sys.o(.data)
    hadc1                                    0x20000224   Data          48  main.o(.bss)
    hi2c2                                    0x20000254   Data          84  main.o(.bss)
    hspi1                                    0x200002a8   Data          88  main.o(.bss)
    hspi2                                    0x20000300   Data          88  main.o(.bss)
    htim3                                    0x20000358   Data          64  main.o(.bss)
    huart4                                   0x20000398   Data          64  main.o(.bss)
    huart1                                   0x200003d8   Data          64  main.o(.bss)
    huart2                                   0x20000418   Data          64  main.o(.bss)
    huart3                                   0x20000458   Data          64  main.o(.bss)
    htim7                                    0x20000498   Data          64  stm32f1xx_hal_timebase_tim.o(.bss)
    xQueueRegistry                           0x200004d8   Data          64  queue.o(.bss)
    memData                                  0x2000ae4c   Data         364  mem.o(.bss)
    waterFlowTimeData                        0x2000afb8   Data          12  water_flow_time_control_sys.o(.bss)
    __initial_sp                             0x2000b3d0   Data           0  startup_stm32f103xe.o(STACK)



==============================================================================

Memory Map of the image

  Image Entry point : 0x08000131

  Load Region LR_IROM1 (Base: 0x08000000, Size: 0x00007b50, Max: 0x00080000, ABSOLUTE, COMPRESSED[0x000079ac])

    Execution Region ER_IROM1 (Exec base: 0x08000000, Load base: 0x08000000, Size: 0x0000792c, Max: 0x00080000, ABSOLUTE)

    Exec Addr    Load Addr    Size         Type   Attr      Idx    E Section Name        Object

    0x08000000   0x08000000   0x00000130   Data   RO            3    RESET               startup_stm32f103xe.o
    0x08000130   0x08000130   0x00000000   Code   RO         6569  * .ARM.Collect$$$$00000000  mc_w.l(entry.o)
    0x08000130   0x08000130   0x00000004   Code   RO         6610    .ARM.Collect$$$$00000001  mc_w.l(entry2.o)
    0x08000134   0x08000134   0x00000004   Code   RO         6613    .ARM.Collect$$$$00000004  mc_w.l(entry5.o)
    0x08000138   0x08000138   0x00000000   Code   RO         6615    .ARM.Collect$$$$00000008  mc_w.l(entry7b.o)
    0x08000138   0x08000138   0x00000000   Code   RO         6617    .ARM.Collect$$$$0000000A  mc_w.l(entry8b.o)
    0x08000138   0x08000138   0x00000008   Code   RO         6618    .ARM.Collect$$$$0000000B  mc_w.l(entry9a.o)
    0x08000140   0x08000140   0x00000000   Code   RO         6620    .ARM.Collect$$$$0000000D  mc_w.l(entry10a.o)
    0x08000140   0x08000140   0x00000000   Code   RO         6622    .ARM.Collect$$$$0000000F  mc_w.l(entry11a.o)
    0x08000140   0x08000140   0x00000004   Code   RO         6611    .ARM.Collect$$$$00002712  mc_w.l(entry2.o)
    0x08000144   0x08000144   0x00000096   Code   RO         5441    .emb_text           port.o
    0x080001da   0x080001da   0x00000002   PAD
    0x080001dc   0x080001dc   0x00000024   Code   RO            4    .text               startup_stm32f103xe.o
    0x08000200   0x08000200   0x00000020   Code   RO         6572    .text               mc_w.l(llushr.o)
    0x08000220   0x08000220   0x00000024   Code   RO         6574    .text               mc_w.l(memcpya.o)
    0x08000244   0x08000244   0x00000024   Code   RO         6578    .text               mc_w.l(memseta.o)
    0x08000268   0x08000268   0x0000001a   Code   RO         6580    .text               mc_w.l(memcmp.o)
    0x08000282   0x08000282   0x000000b0   Code   RO         6584    .text               mf_w.l(fadd.o)
    0x08000332   0x08000332   0x00000064   Code   RO         6586    .text               mf_w.l(fmul.o)
    0x08000396   0x08000396   0x00000018   Code   RO         6588    .text               mf_w.l(fscalb.o)
    0x080003ae   0x080003ae   0x0000014e   Code   RO         6590    .text               mf_w.l(dadd.o)
    0x080004fc   0x080004fc   0x000000e4   Code   RO         6592    .text               mf_w.l(dmul.o)
    0x080005e0   0x080005e0   0x000000de   Code   RO         6594    .text               mf_w.l(ddiv.o)
    0x080006be   0x080006be   0x0000002e   Code   RO         6596    .text               mf_w.l(dscalb.o)
    0x080006ec   0x080006ec   0x0000000a   Code   RO         6598    .text               mf_w.l(ffltui.o)
    0x080006f6   0x080006f6   0x0000001a   Code   RO         6602    .text               mf_w.l(dfltui.o)
    0x08000710   0x08000710   0x00000032   Code   RO         6604    .text               mf_w.l(dfixui.o)
    0x08000742   0x08000742   0x00000026   Code   RO         6606    .text               mf_w.l(f2d.o)
    0x08000768   0x08000768   0x00000038   Code   RO         6608    .text               mf_w.l(d2f.o)
    0x080007a0   0x080007a0   0x0000001e   Code   RO         6624    .text               mc_w.l(llshl.o)
    0x080007be   0x080007be   0x00000024   Code   RO         6626    .text               mc_w.l(llsshr.o)
    0x080007e2   0x080007e2   0x00000000   Code   RO         6628    .text               mc_w.l(iusefp.o)
    0x080007e2   0x080007e2   0x0000006e   Code   RO         6629    .text               mf_w.l(fepilogue.o)
    0x08000850   0x08000850   0x000000ba   Code   RO         6631    .text               mf_w.l(depilogue.o)
    0x0800090a   0x0800090a   0x00000002   PAD
    0x0800090c   0x0800090c   0x00000024   Code   RO         6633    .text               mc_w.l(init.o)
    0x08000930   0x08000930   0x00000056   Code   RO         6643    .text               mc_w.l(__dczerorl2.o)
    0x08000986   0x08000986   0x00000002   PAD
    0x08000988   0x08000988   0x0000001c   Code   RO         6062    i.AD5410_SetOutPutCurrent  ad5422.o
    0x080009a4   0x080009a4   0x00000028   Code   RO         6063    i.AD5410_SetOutPutType  ad5422.o
    0x080009cc   0x080009cc   0x00000010   Code   RO         6065    i.AD5422_Delay      ad5422.o
    0x080009dc   0x080009dc   0x0000005c   Code   RO         6066    i.AD5422_Init       ad5422.o
    0x08000a38   0x08000a38   0x0000005c   Code   RO         6067    i.AD5422_Read24Bits  ad5422.o
    0x08000a94   0x08000a94   0x0000001c   Code   RO         6068    i.AD5422_ReadCtrReg  ad5422.o
    0x08000ab0   0x08000ab0   0x0000001a   Code   RO         6069    i.AD5422_ReadDataReg  ad5422.o
    0x08000aca   0x08000aca   0x0000001e   Code   RO         6070    i.AD5422_ReadStatusReg  ad5422.o
    0x08000ae8   0x08000ae8   0x00000012   Code   RO         6071    i.AD5422_SoftReset  ad5422.o
    0x08000afa   0x08000afa   0x00000002   PAD
    0x08000afc   0x08000afc   0x00000054   Code   RO         6072    i.AD5422_Write24Bits  ad5422.o
    0x08000b50   0x08000b50   0x0000001e   Code   RO         6073    i.AD5422_WriteCtrReg  ad5422.o
    0x08000b6e   0x08000b6e   0x00000012   Code   RO         6074    i.AD5422_WriteDataReg  ad5422.o
    0x08000b80   0x08000b80   0x0000004c   Code   RO          618    i.ADC_ConversionStop_Disable  stm32f1xx_hal_adc.o
    0x08000bcc   0x08000bcc   0x00000002   Code   RO          365    i.BusFault_Handler  stm32f1xx_it.o
    0x08000bce   0x08000bce   0x00000002   PAD
    0x08000bd0   0x08000bd0   0x000000ac   Code   RO         6075    i.Current_ConvertTo_Number  ad5422.o
    0x08000c7c   0x08000c7c   0x00000002   Code   RO          366    i.DebugMon_Handler  stm32f1xx_it.o
    0x08000c7e   0x08000c7e   0x00000002   PAD
    0x08000c80   0x08000c80   0x000000fc   Code   RO          624    i.HAL_ADC_ConfigChannel  stm32f1xx_hal_adc.o
    0x08000d7c   0x08000d7c   0x00000120   Code   RO          633    i.HAL_ADC_Init      stm32f1xx_hal_adc.o
    0x08000e9c   0x08000e9c   0x00000058   Code   RO          454    i.HAL_ADC_MspInit   stm32f1xx_hal_msp.o
    0x08000ef4   0x08000ef4   0x00000130   Code   RO         1274    i.HAL_DMA_Abort_IT  stm32f1xx_hal_dma.o
    0x08001024   0x08001024   0x000001f8   Code   RO         1209    i.HAL_GPIO_Init     stm32f1xx_hal_gpio.o
    0x0800121c   0x0800121c   0x0000000a   Code   RO         1211    i.HAL_GPIO_ReadPin  stm32f1xx_hal_gpio.o
    0x08001226   0x08001226   0x0000000a   Code   RO         1213    i.HAL_GPIO_WritePin  stm32f1xx_hal_gpio.o
    0x08001230   0x08001230   0x0000000c   Code   RO          905    i.HAL_GetTick       stm32f1xx_hal.o
    0x0800123c   0x0800123c   0x00000174   Code   RO         1880    i.HAL_I2C_Init      stm32f1xx_hal_i2c.o
    0x080013b0   0x080013b0   0x00000220   Code   RO         1898    i.HAL_I2C_Mem_Read  stm32f1xx_hal_i2c.o
    0x080015d0   0x080015d0   0x00000130   Code   RO         1901    i.HAL_I2C_Mem_Write  stm32f1xx_hal_i2c.o
    0x08001700   0x08001700   0x00000060   Code   RO          456    i.HAL_I2C_MspInit   stm32f1xx_hal_msp.o
    0x08001760   0x08001760   0x00000010   Code   RO          911    i.HAL_IncTick       stm32f1xx_hal.o
    0x08001770   0x08001770   0x00000024   Code   RO          912    i.HAL_Init          stm32f1xx_hal.o
    0x08001794   0x08001794   0x00000074   Code   RO          543    i.HAL_InitTick      stm32f1xx_hal_timebase_tim.o
    0x08001808   0x08001808   0x0000003c   Code   RO          457    i.HAL_MspInit       stm32f1xx_hal_msp.o
    0x08001844   0x08001844   0x0000001a   Code   RO         1369    i.HAL_NVIC_EnableIRQ  stm32f1xx_hal_cortex.o
    0x0800185e   0x0800185e   0x00000002   PAD
    0x08001860   0x08001860   0x00000040   Code   RO         1375    i.HAL_NVIC_SetPriority  stm32f1xx_hal_cortex.o
    0x080018a0   0x080018a0   0x00000024   Code   RO         1376    i.HAL_NVIC_SetPriorityGrouping  stm32f1xx_hal_cortex.o
    0x080018c4   0x080018c4   0x000000ec   Code   RO         1172    i.HAL_RCCEx_PeriphCLKConfig  stm32f1xx_hal_rcc_ex.o
    0x080019b0   0x080019b0   0x0000012c   Code   RO         1069    i.HAL_RCC_ClockConfig  stm32f1xx_hal_rcc.o
    0x08001adc   0x08001adc   0x00000040   Code   RO         1073    i.HAL_RCC_GetClockConfig  stm32f1xx_hal_rcc.o
    0x08001b1c   0x08001b1c   0x00000020   Code   RO         1076    i.HAL_RCC_GetPCLK1Freq  stm32f1xx_hal_rcc.o
    0x08001b3c   0x08001b3c   0x00000020   Code   RO         1077    i.HAL_RCC_GetPCLK2Freq  stm32f1xx_hal_rcc.o
    0x08001b5c   0x08001b5c   0x0000006c   Code   RO         1078    i.HAL_RCC_GetSysClockFreq  stm32f1xx_hal_rcc.o
    0x08001bc8   0x08001bc8   0x00000320   Code   RO         1081    i.HAL_RCC_OscConfig  stm32f1xx_hal_rcc.o
    0x08001ee8   0x08001ee8   0x0000007c   Code   RO         2302    i.HAL_SPI_Init      stm32f1xx_hal_spi.o
    0x08001f64   0x08001f64   0x000000d0   Code   RO          459    i.HAL_SPI_MspInit   stm32f1xx_hal_msp.o
    0x08002034   0x08002034   0x00000150   Code   RO         2305    i.HAL_SPI_Receive   stm32f1xx_hal_spi.o
    0x08002184   0x08002184   0x0000015c   Code   RO         2310    i.HAL_SPI_Transmit  stm32f1xx_hal_spi.o
    0x080022e0   0x080022e0   0x000001e2   Code   RO         2311    i.HAL_SPI_TransmitReceive  stm32f1xx_hal_spi.o
    0x080024c2   0x080024c2   0x00000002   Code   RO         3290    i.HAL_TIMEx_BreakCallback  stm32f1xx_hal_tim_ex.o
    0x080024c4   0x080024c4   0x00000002   Code   RO         3291    i.HAL_TIMEx_CommutCallback  stm32f1xx_hal_tim_ex.o
    0x080024c6   0x080024c6   0x00000042   Code   RO         3308    i.HAL_TIMEx_MasterConfigSynchronization  stm32f1xx_hal_tim_ex.o
    0x08002508   0x08002508   0x00000036   Code   RO         2615    i.HAL_TIM_Base_Init  stm32f1xx_hal_tim.o
    0x0800253e   0x0800253e   0x00000002   Code   RO         2617    i.HAL_TIM_Base_MspInit  stm32f1xx_hal_tim.o
    0x08002540   0x08002540   0x00000022   Code   RO         2620    i.HAL_TIM_Base_Start_IT  stm32f1xx_hal_tim.o
    0x08002562   0x08002562   0x00000002   Code   RO         2644    i.HAL_TIM_IC_CaptureCallback  stm32f1xx_hal_tim.o
    0x08002564   0x08002564   0x00000166   Code   RO         2658    i.HAL_TIM_IRQHandler  stm32f1xx_hal_tim.o
    0x080026ca   0x080026ca   0x00000002   PAD
    0x080026cc   0x080026cc   0x00000060   Code   RO          460    i.HAL_TIM_MspPostInit  stm32f1xx_hal_msp.o
    0x0800272c   0x0800272c   0x00000002   Code   RO         2661    i.HAL_TIM_OC_DelayElapsedCallback  stm32f1xx_hal_tim.o
    0x0800272e   0x0800272e   0x000000d0   Code   RO         2682    i.HAL_TIM_PWM_ConfigChannel  stm32f1xx_hal_tim.o
    0x080027fe   0x080027fe   0x00000036   Code   RO         2685    i.HAL_TIM_PWM_Init  stm32f1xx_hal_tim.o
    0x08002834   0x08002834   0x00000028   Code   RO          462    i.HAL_TIM_PWM_MspInit  stm32f1xx_hal_msp.o
    0x0800285c   0x0800285c   0x00000002   Code   RO         2688    i.HAL_TIM_PWM_PulseFinishedCallback  stm32f1xx_hal_tim.o
    0x0800285e   0x0800285e   0x00000002   PAD
    0x08002860   0x08002860   0x00000044   Code   RO         2690    i.HAL_TIM_PWM_Start  stm32f1xx_hal_tim.o
    0x080028a4   0x080028a4   0x00000014   Code   RO           14    i.HAL_TIM_PeriodElapsedCallback  main.o
    0x080028b8   0x080028b8   0x00000002   Code   RO         2701    i.HAL_TIM_TriggerCallback  stm32f1xx_hal_tim.o
    0x080028ba   0x080028ba   0x00000002   Code   RO         3562    i.HAL_UART_ErrorCallback  stm32f1xx_hal_uart.o
    0x080028bc   0x080028bc   0x00000110   Code   RO         3565    i.HAL_UART_IRQHandler  stm32f1xx_hal_uart.o
    0x080029cc   0x080029cc   0x00000062   Code   RO         3566    i.HAL_UART_Init     stm32f1xx_hal_uart.o
    0x08002a2e   0x08002a2e   0x00000002   PAD
    0x08002a30   0x08002a30   0x000001b8   Code   RO          464    i.HAL_UART_MspInit  stm32f1xx_hal_msp.o
    0x08002be8   0x08002be8   0x00000002   Code   RO         3572    i.HAL_UART_RxCpltCallback  stm32f1xx_hal_uart.o
    0x08002bea   0x08002bea   0x00000002   Code   RO         3577    i.HAL_UART_TxCpltCallback  stm32f1xx_hal_uart.o
    0x08002bec   0x08002bec   0x00000002   Code   RO          367    i.HardFault_Handler  stm32f1xx_it.o
    0x08002bee   0x08002bee   0x0000002e   Code   RO         1922    i.I2C_IsAcknowledgeFailed  stm32f1xx_hal_i2c.o
    0x08002c1c   0x08002c1c   0x000000e6   Code   RO         1931    i.I2C_RequestMemoryRead  stm32f1xx_hal_i2c.o
    0x08002d02   0x08002d02   0x00000002   PAD
    0x08002d04   0x08002d04   0x00000094   Code   RO         1932    i.I2C_RequestMemoryWrite  stm32f1xx_hal_i2c.o
    0x08002d98   0x08002d98   0x0000004c   Code   RO         1935    i.I2C_WaitOnBTFFlagUntilTimeout  stm32f1xx_hal_i2c.o
    0x08002de4   0x08002de4   0x00000068   Code   RO         1936    i.I2C_WaitOnFlagUntilTimeout  stm32f1xx_hal_i2c.o
    0x08002e4c   0x08002e4c   0x00000096   Code   RO         1937    i.I2C_WaitOnMasterAddressFlagUntilTimeout  stm32f1xx_hal_i2c.o
    0x08002ee2   0x08002ee2   0x00000066   Code   RO         1938    i.I2C_WaitOnRXNEFlagUntilTimeout  stm32f1xx_hal_i2c.o
    0x08002f48   0x08002f48   0x0000004c   Code   RO         1939    i.I2C_WaitOnTXEFlagUntilTimeout  stm32f1xx_hal_i2c.o
    0x08002f94   0x08002f94   0x00000040   Code   RO           15    i.MX_ADC1_Init      main.o
    0x08002fd4   0x08002fd4   0x00000184   Code   RO           16    i.MX_GPIO_Init      main.o
    0x08003158   0x08003158   0x00000038   Code   RO           17    i.MX_SPI1_Init      main.o
    0x08003190   0x08003190   0x00000038   Code   RO           18    i.MX_SPI2_Init      main.o
    0x080031c8   0x080031c8   0x0000005c   Code   RO           19    i.MX_TIM3_Init      main.o
    0x08003224   0x08003224   0x00000002   Code   RO          368    i.MemManage_Handler  stm32f1xx_it.o
    0x08003226   0x08003226   0x00000002   Code   RO          369    i.NMI_Handler       stm32f1xx_it.o
    0x08003228   0x08003228   0x0000005c   Code   RO         2339    i.SPI_EndRxTransaction  stm32f1xx_hal_spi.o
    0x08003284   0x08003284   0x00000020   Code   RO         2340    i.SPI_EndRxTxTransaction  stm32f1xx_hal_spi.o
    0x080032a4   0x080032a4   0x00000094   Code   RO         2345    i.SPI_WaitFlagStateUntilTimeout  stm32f1xx_hal_spi.o
    0x08003338   0x08003338   0x00000030   Code   RO           20    i.StartDefaultTask  main.o
    0x08003368   0x08003368   0x0000000c   Code   RO          216    i.StartTest         freertos.o
    0x08003374   0x08003374   0x0000002c   Code   RO         5442    i.SysTick_Handler   port.o
    0x080033a0   0x080033a0   0x00000062   Code   RO           21    i.SystemClock_Config  main.o
    0x08003402   0x08003402   0x00000002   PAD
    0x08003404   0x08003404   0x00000048   Code   RO         3868    i.SystemInit        system_stm32f1xx.o
    0x0800344c   0x0800344c   0x00000074   Code   RO         5857    i.TIM3_CH1_FREQ_DUTY  piezo.o
    0x080034c0   0x080034c0   0x0000000c   Code   RO          370    i.TIM7_IRQHandler   stm32f1xx_it.o
    0x080034cc   0x080034cc   0x0000008c   Code   RO         2703    i.TIM_Base_SetConfig  stm32f1xx_hal_tim.o
    0x08003558   0x08003558   0x0000001a   Code   RO         2704    i.TIM_CCxChannelCmd  stm32f1xx_hal_tim.o
    0x08003572   0x08003572   0x00000002   PAD
    0x08003574   0x08003574   0x00000060   Code   RO         2716    i.TIM_OC1_SetConfig  stm32f1xx_hal_tim.o
    0x080035d4   0x080035d4   0x0000006c   Code   RO         2717    i.TIM_OC2_SetConfig  stm32f1xx_hal_tim.o
    0x08003640   0x08003640   0x00000068   Code   RO         2718    i.TIM_OC3_SetConfig  stm32f1xx_hal_tim.o
    0x080036a8   0x080036a8   0x00000050   Code   RO         2719    i.TIM_OC4_SetConfig  stm32f1xx_hal_tim.o
    0x080036f8   0x080036f8   0x0000000c   Code   RO          371    i.UART4_IRQHandler  stm32f1xx_it.o
    0x08003704   0x08003704   0x00000010   Code   RO         3579    i.UART_DMAAbortOnError  stm32f1xx_hal_uart.o
    0x08003714   0x08003714   0x0000001c   Code   RO         3589    i.UART_EndRxTransfer  stm32f1xx_hal_uart.o
    0x08003730   0x08003730   0x00000096   Code   RO         3591    i.UART_Receive_IT   stm32f1xx_hal_uart.o
    0x080037c6   0x080037c6   0x00000002   PAD
    0x080037c8   0x080037c8   0x000000b8   Code   RO         3592    i.UART_SetConfig    stm32f1xx_hal_uart.o
    0x08003880   0x08003880   0x00000062   Code   RO         3593    i.UART_Transmit_IT  stm32f1xx_hal_uart.o
    0x080038e2   0x080038e2   0x00000002   PAD
    0x080038e4   0x080038e4   0x0000000c   Code   RO          372    i.USART1_IRQHandler  stm32f1xx_it.o
    0x080038f0   0x080038f0   0x0000000c   Code   RO          373    i.USART2_IRQHandler  stm32f1xx_it.o
    0x080038fc   0x080038fc   0x0000000c   Code   RO          374    i.USART3_IRQHandler  stm32f1xx_it.o
    0x08003908   0x08003908   0x00000002   Code   RO          375    i.UsageFault_Handler  stm32f1xx_it.o
    0x0800390a   0x0800390a   0x00000020   Code   RO         1382    i.__NVIC_SetPriority  stm32f1xx_hal_cortex.o
    0x0800392a   0x0800392a   0x0000000e   Code   RO         6637    i.__scatterload_copy  mc_w.l(handlers.o)
    0x08003938   0x08003938   0x00000002   Code   RO         6638    i.__scatterload_null  mc_w.l(handlers.o)
    0x0800393a   0x0800393a   0x0000000e   Code   RO         6639    i.__scatterload_zeroinit  mc_w.l(handlers.o)
    0x08003948   0x08003948   0x00000012   Code   RO         5908    i.bcd2dec           ds3231.o
    0x0800395a   0x0800395a   0x00000002   PAD
    0x0800395c   0x0800395c   0x00000020   Code   RO         5694    i.buzzDeckInit      buzzdeck.o
    0x0800397c   0x0800397c   0x00000006   Code   RO         5695    i.buzzDeckOff       buzzdeck.o
    0x08003982   0x08003982   0x00000014   Code   RO         5696    i.buzzDeckOn        buzzdeck.o
    0x08003996   0x08003996   0x00000002   PAD
    0x08003998   0x08003998   0x00000014   Code   RO         5817    i.buzzerOff         buzzer.o
    0x080039ac   0x080039ac   0x00000014   Code   RO         5818    i.buzzerOn          buzzer.o
    0x080039c0   0x080039c0   0x0000000c   Code   RO         5819    i.buzzerSetControl  buzzer.o
    0x080039cc   0x080039cc   0x0000000c   Code   RO         5736    i.bypass            sound_cf2.o
    0x080039d8   0x080039d8   0x00000038   Code   RO         6297    i.calendar_get      calendar.o
    0x08003a10   0x08003a10   0x00000010   Code   RO         6298    i.calendar_init     calendar.o
    0x08003a20   0x08003a20   0x00000036   Code   RO         6299    i.calendar_set      calendar.o
    0x08003a56   0x08003a56   0x00000002   PAD
    0x08003a58   0x08003a58   0x00000048   Code   RO         5548    i.dInSR_GetStatus   input.o
    0x08003aa0   0x08003aa0   0x00000016   Code   RO         5909    i.dec2bcd           ds3231.o
    0x08003ab6   0x08003ab6   0x00000002   PAD
    0x08003ab8   0x08003ab8   0x00000098   Code   RO         5913    i.ds3231_get_time   ds3231.o
    0x08003b50   0x08003b50   0x00000018   Code   RO         5914    i.ds3231_init       ds3231.o
    0x08003b68   0x08003b68   0x00000074   Code   RO         5915    i.ds3231_set_time   ds3231.o
    0x08003bdc   0x08003bdc   0x00000010   Code   RO         6171    i.framInit          fram.o
    0x08003bec   0x08003bec   0x00000020   Code   RO         6172    i.framRead          fram.o
    0x08003c0c   0x08003c0c   0x00000020   Code   RO         6173    i.framWrite         fram.o
    0x08003c2c   0x08003c2c   0x00000078   Code   RO         5978    i.i2c_dev_read_reg  i2cdev.o
    0x08003ca4   0x08003ca4   0x00000074   Code   RO         5979    i.i2c_dev_write_reg  i2cdev.o
    0x08003d18   0x08003d18   0x0000000c   Code   RO         5980    i.i2c_master_init   i2cdev.o
    0x08003d24   0x08003d24   0x0000003c   Code   RO         6390    i.i_v_out_current   iv_out.o
    0x08003d60   0x08003d60   0x00000022   Code   RO         6391    i.i_v_out_init      iv_out.o
    0x08003d82   0x08003d82   0x00000020   Code   RO         6392    i.i_v_out_set_type  iv_out.o
    0x08003da2   0x08003da2   0x00000002   PAD
    0x08003da4   0x08003da4   0x00000060   Code   RO         6505    i.init_dev          common.o
    0x08003e04   0x08003e04   0x00000070   Code   RO         5549    i.inputGetDInEdgeStatus  input.o
    0x08003e74   0x08003e74   0x00000064   Code   RO         5550    i.inputGetDInHoldStatus  input.o
    0x08003ed8   0x08003ed8   0x00000082   Code   RO         6342    i.iv_in_get_i       iv_in.o
    0x08003f5a   0x08003f5a   0x00000082   Code   RO         6343    i.iv_in_get_v       iv_in.o
    0x08003fdc   0x08003fdc   0x0000000e   Code   RO         6344    i.iv_in_init        iv_in.o
    0x08003fea   0x08003fea   0x00000084   Code   RO         6345    i.iv_in_set_mode    iv_in.o
    0x0800406e   0x0800406e   0x00000002   PAD
    0x08004070   0x08004070   0x000000fc   Code   RO           22    i.main              main.o
    0x0800416c   0x0800416c   0x00000068   Code   RO         5737    i.melodyplayer      sound_cf2.o
    0x080041d4   0x080041d4   0x00000058   Code   RO         6432    i.memDataOP         mem.o
    0x0800422c   0x0800422c   0x000000d0   Code   RO         6433    i.memForceSetToFactory  mem.o
    0x080042fc   0x080042fc   0x00000050   Code   RO         6434    i.memInit           mem.o
    0x0800434c   0x0800434c   0x00000010   Code   RO         6435    i.memReadData       mem.o
    0x0800435c   0x0800435c   0x00000044   Code   RO         6436    i.memReadSet        mem.o
    0x080043a0   0x080043a0   0x00000054   Code   RO         6437    i.memSetPara        mem.o
    0x080043f4   0x080043f4   0x00000010   Code   RO         6438    i.memWriteData      mem.o
    0x08004404   0x08004404   0x00000004   Code   RO         5738    i.off               sound_cf2.o
    0x08004408   0x08004408   0x00000074   Code   RO         6244    i.optoInTimerCB     opto_in.o
    0x0800447c   0x0800447c   0x0000004c   Code   RO         6245    i.opto_in_hold_status  opto_in.o
    0x080044c8   0x080044c8   0x00000020   Code   RO         6246    i.opto_in_init      opto_in.o
    0x080044e8   0x080044e8   0x00000020   Code   RO         6247    i.opto_in_register_edge_evt_cb  opto_in.o
    0x08004508   0x08004508   0x0000000e   Code   RO         6248    i.opto_in_task      opto_in.o
    0x08004516   0x08004516   0x00000002   PAD
    0x08004518   0x08004518   0x00000034   Code   RO         4971    i.osDelay           cmsis_os2.o
    0x0800454c   0x0800454c   0x00000038   Code   RO         4985    i.osKernelInitialize  cmsis_os2.o
    0x08004584   0x08004584   0x00000040   Code   RO         4988    i.osKernelStart     cmsis_os2.o
    0x080045c4   0x080045c4   0x00000074   Code   RO         5004    i.osSemaphoreAcquire  cmsis_os2.o
    0x08004638   0x08004638   0x000000b0   Code   RO         5007    i.osSemaphoreNew    cmsis_os2.o
    0x080046e8   0x080046e8   0x00000070   Code   RO         5008    i.osSemaphoreRelease  cmsis_os2.o
    0x08004758   0x08004758   0x000000a4   Code   RO         5022    i.osThreadNew       cmsis_os2.o
    0x080047fc   0x080047fc   0x00000020   Code   RO         5858    i.piezoInit         piezo.o
    0x0800481c   0x0800481c   0x00000006   Code   RO         5859    i.piezoSetFreq      piezo.o
    0x08004822   0x08004822   0x00000002   PAD
    0x08004824   0x08004824   0x00000040   Code   RO         5860    i.piezoSetRatio     piezo.o
    0x08004864   0x08004864   0x00000002   Code   RO          217    i.pre_alarm_system_task_start  freertos.o
    0x08004866   0x08004866   0x00000002   PAD
    0x08004868   0x08004868   0x0000005c   Code   RO         4467    i.prvAddCurrentTaskToDelayedList  tasks.o
    0x080048c4   0x080048c4   0x000000d0   Code   RO         4468    i.prvAddNewTaskToReadyList  tasks.o
    0x08004994   0x08004994   0x00000058   Code   RO         4817    i.prvCheckForValidListAndQueue  timers.o
    0x080049ec   0x080049ec   0x00000026   Code   RO         4070    i.prvCopyDataFromQueue  queue.o
    0x08004a12   0x08004a12   0x0000006c   Code   RO         4071    i.prvCopyDataToQueue  queue.o
    0x08004a7e   0x08004a7e   0x00000034   Code   RO         4469    i.prvDeleteTCB      tasks.o
    0x08004ab2   0x08004ab2   0x00000002   PAD
    0x08004ab4   0x08004ab4   0x0000004c   Code   RO         5392    i.prvHeapInit       heap_4.o
    0x08004b00   0x08004b00   0x00000060   Code   RO         4470    i.prvIdleTask       tasks.o
    0x08004b60   0x08004b60   0x00000022   Code   RO         4073    i.prvInitialiseNewQueue  queue.o
    0x08004b82   0x08004b82   0x0000009c   Code   RO         4471    i.prvInitialiseNewTask  tasks.o
    0x08004c1e   0x08004c1e   0x00000044   Code   RO         4818    i.prvInitialiseNewTimer  timers.o
    0x08004c62   0x08004c62   0x00000002   PAD
    0x08004c64   0x08004c64   0x0000004c   Code   RO         5393    i.prvInsertBlockIntoFreeList  heap_4.o
    0x08004cb0   0x08004cb0   0x00000038   Code   RO         4819    i.prvInsertTimerInActiveList  timers.o
    0x08004ce8   0x08004ce8   0x0000001c   Code   RO         4074    i.prvIsQueueEmpty   queue.o
    0x08004d04   0x08004d04   0x000000cc   Code   RO         4820    i.prvProcessReceivedCommands  timers.o
    0x08004dd0   0x08004dd0   0x000000b4   Code   RO         4821    i.prvProcessTimerOrBlockTask  timers.o
    0x08004e84   0x08004e84   0x00000020   Code   RO         4473    i.prvResetNextTaskUnblockTime  tasks.o
    0x08004ea4   0x08004ea4   0x00000028   Code   RO         4822    i.prvSampleTimeNow  timers.o
    0x08004ecc   0x08004ecc   0x0000006c   Code   RO         4823    i.prvSwitchTimerLists  timers.o
    0x08004f38   0x08004f38   0x00000028   Code   RO         5443    i.prvTaskExitError  port.o
    0x08004f60   0x08004f60   0x00000024   Code   RO         4824    i.prvTimerTask      timers.o
    0x08004f84   0x08004f84   0x0000006a   Code   RO         4075    i.prvUnlockQueue    queue.o
    0x08004fee   0x08004fee   0x00000002   PAD
    0x08004ff0   0x08004ff0   0x000000d8   Code   RO         5394    i.pvPortMalloc      heap_4.o
    0x080050c8   0x080050c8   0x00000018   Code   RO         4476    i.pvTaskIncrementMutexHeldCount  tasks.o
    0x080050e0   0x080050e0   0x00000024   Code   RO         5444    i.pxPortInitialiseStack  port.o
    0x08005104   0x08005104   0x0000003c   Code   RO         6210    i.relay_out         relay_out.o
    0x08005140   0x08005140   0x0000000e   Code   RO         6211    i.relay_out_init    relay_out.o
    0x0800514e   0x0800514e   0x00000002   PAD
    0x08005150   0x08005150   0x00000034   Code   RO         5739    i.siren             sound_cf2.o
    0x08005184   0x08005184   0x00000054   Code   RO         5740    i.soundInit         sound_cf2.o
    0x080051d8   0x080051d8   0x0000000c   Code   RO         5741    i.soundSetEffect    sound_cf2.o
    0x080051e4   0x080051e4   0x0000003c   Code   RO         5744    i.soundTimer        sound_cf2.o
    0x08005220   0x08005220   0x00000034   Code   RO          218    i.startAPP          freertos.o
    0x08005254   0x08005254   0x00000034   Code   RO         5745    i.tilt              sound_cf2.o
    0x08005288   0x08005288   0x0000012c   Code   RO         5521    i.tpic6b595Action   tpic6b595.o
    0x080053b4   0x080053b4   0x00000074   Code   RO         5596    i.tps08u_chan_data_get  tps08u.o
    0x08005428   0x08005428   0x0000005c   Code   RO         5597    i.tps08u_chan_enable_get  tps08u.o
    0x08005484   0x08005484   0x00000068   Code   RO         5598    i.tps08u_chan_enable_set  tps08u.o
    0x080054ec   0x080054ec   0x00000068   Code   RO         5599    i.tps08u_chan_mode_get  tps08u.o
    0x08005554   0x08005554   0x0000006c   Code   RO         5600    i.tps08u_chan_mode_set  tps08u.o
    0x080055c0   0x080055c0   0x0000003c   Code   RO         5601    i.tps08u_detect     tps08u.o
    0x080055fc   0x080055fc   0x00000050   Code   RO         5602    i.tps08u_init       tps08u.o
    0x0800564c   0x0800564c   0x0000001e   Code   RO         5603    i.tps08u_platform_mdelay  tps08u.o
    0x0800566a   0x0800566a   0x00000002   PAD
    0x0800566c   0x0800566c   0x00000078   Code   RO         5604    i.tps08u_platform_read  tps08u.o
    0x080056e4   0x080056e4   0x00000078   Code   RO         5605    i.tps08u_platform_write  tps08u.o
    0x0800575c   0x0800575c   0x00000034   Code   RO         5606    i.tps08u_reset      tps08u.o
    0x08005790   0x08005790   0x00000030   Code   RO         5608    i.tps08u_uint32_to_float  tps08u.o
    0x080057c0   0x080057c0   0x00000026   Code   RO         4030    i.uxListRemove      list.o
    0x080057e6   0x080057e6   0x00000002   PAD
    0x080057e8   0x080057e8   0x00000014   Code   RO         5034    i.vApplicationGetIdleTaskMemory  cmsis_os2.o
    0x080057fc   0x080057fc   0x00000018   Code   RO         5035    i.vApplicationGetTimerTaskMemory  cmsis_os2.o
    0x08005814   0x08005814   0x00000016   Code   RO         4031    i.vListInitialise   list.o
    0x0800582a   0x0800582a   0x00000006   Code   RO         4032    i.vListInitialiseItem  list.o
    0x08005830   0x08005830   0x00000030   Code   RO         4033    i.vListInsert       list.o
    0x08005860   0x08005860   0x00000018   Code   RO         4034    i.vListInsertEnd    list.o
    0x08005878   0x08005878   0x00000040   Code   RO         5446    i.vPortEnterCritical  port.o
    0x080058b8   0x080058b8   0x00000028   Code   RO         5447    i.vPortExitCritical  port.o
    0x080058e0   0x080058e0   0x0000005c   Code   RO         5395    i.vPortFree         heap_4.o
    0x0800593c   0x0800593c   0x00000024   Code   RO         5448    i.vPortSetupTimerInterrupt  port.o
    0x08005960   0x08005960   0x00000054   Code   RO         5449    i.vPortValidateInterruptPriority  port.o
    0x080059b4   0x080059b4   0x00000028   Code   RO         4081    i.vQueueAddToRegistry  queue.o
    0x080059dc   0x080059dc   0x0000002e   Code   RO         4082    i.vQueueDelete      queue.o
    0x08005a0a   0x08005a0a   0x00000002   PAD
    0x08005a0c   0x08005a0c   0x00000028   Code   RO         4084    i.vQueueUnregisterQueue  queue.o
    0x08005a34   0x08005a34   0x00000044   Code   RO         4085    i.vQueueWaitForMessageRestricted  queue.o
    0x08005a78   0x08005a78   0x0000004c   Code   RO         4485    i.vTaskDelay        tasks.o
    0x08005ac4   0x08005ac4   0x00000010   Code   RO         4490    i.vTaskInternalSetTimeOutState  tasks.o
    0x08005ad4   0x08005ad4   0x0000000c   Code   RO         4491    i.vTaskMissedYield  tasks.o
    0x08005ae0   0x08005ae0   0x00000030   Code   RO         4493    i.vTaskPlaceOnEventList  tasks.o
    0x08005b10   0x08005b10   0x00000038   Code   RO         4494    i.vTaskPlaceOnEventListRestricted  tasks.o
    0x08005b48   0x08005b48   0x00000090   Code   RO         4496    i.vTaskPriorityDisinheritAfterTimeout  tasks.o
    0x08005bd8   0x08005bd8   0x00000088   Code   RO         4502    i.vTaskStartScheduler  tasks.o
    0x08005c60   0x08005c60   0x00000010   Code   RO         4504    i.vTaskSuspendAll   tasks.o
    0x08005c70   0x08005c70   0x00000064   Code   RO         4505    i.vTaskSwitchContext  tasks.o
    0x08005cd4   0x08005cd4   0x00000020   Code   RO         6533    i.water_flow_time_control_task_start  water_flow_time_control_sys.o
    0x08005cf4   0x08005cf4   0x000001a0   Code   RO         6534    i.water_flow_time_task  water_flow_time_control_sys.o
    0x08005e94   0x08005e94   0x00000002   Code   RO          220    i.water_press_flow_control_task_start  freertos.o
    0x08005e96   0x08005e96   0x00000002   Code   RO          221    i.water_press_time_control_task_start  freertos.o
    0x08005e98   0x08005e98   0x00000002   Code   RO          222    i.water_pumb_valve_control_task_start  freertos.o
    0x08005e9a   0x08005e9a   0x00000002   PAD
    0x08005e9c   0x08005e9c   0x000000a8   Code   RO         5450    i.xPortStartScheduler  port.o
    0x08005f44   0x08005f44   0x0000003a   Code   RO         4086    i.xQueueCreateCountingSemaphore  queue.o
    0x08005f7e   0x08005f7e   0x00000040   Code   RO         4087    i.xQueueCreateCountingSemaphoreStatic  queue.o
    0x08005fbe   0x08005fbe   0x00000048   Code   RO         4090    i.xQueueGenericCreate  queue.o
    0x08006006   0x08006006   0x00000066   Code   RO         4091    i.xQueueGenericCreateStatic  queue.o
    0x0800606c   0x0800606c   0x00000088   Code   RO         4092    i.xQueueGenericReset  queue.o
    0x080060f4   0x080060f4   0x00000160   Code   RO         4093    i.xQueueGenericSend  queue.o
    0x08006254   0x08006254   0x000000bc   Code   RO         4094    i.xQueueGenericSendFromISR  queue.o
    0x08006310   0x08006310   0x0000009c   Code   RO         4097    i.xQueueGiveFromISR  queue.o
    0x080063ac   0x080063ac   0x00000138   Code   RO         4103    i.xQueueReceive     queue.o
    0x080064e4   0x080064e4   0x0000009a   Code   RO         4104    i.xQueueReceiveFromISR  queue.o
    0x0800657e   0x0800657e   0x00000002   PAD
    0x08006580   0x08006580   0x00000178   Code   RO         4105    i.xQueueSemaphoreTake  queue.o
    0x080066f8   0x080066f8   0x00000074   Code   RO         4506    i.xTaskCheckForTimeOut  tasks.o
    0x0800676c   0x0800676c   0x0000005a   Code   RO         4507    i.xTaskCreate       tasks.o
    0x080067c6   0x080067c6   0x00000056   Code   RO         4508    i.xTaskCreateStatic  tasks.o
    0x0800681c   0x0800681c   0x0000001c   Code   RO         4512    i.xTaskGetSchedulerState  tasks.o
    0x08006838   0x08006838   0x0000000c   Code   RO         4513    i.xTaskGetTickCount  tasks.o
    0x08006844   0x08006844   0x000000c8   Code   RO         4515    i.xTaskIncrementTick  tasks.o
    0x0800690c   0x0800690c   0x00000080   Code   RO         4518    i.xTaskPriorityDisinherit  tasks.o
    0x0800698c   0x0800698c   0x00000078   Code   RO         4519    i.xTaskPriorityInherit  tasks.o
    0x08006a04   0x08006a04   0x00000070   Code   RO         4520    i.xTaskRemoveFromEventList  tasks.o
    0x08006a74   0x08006a74   0x000000c4   Code   RO         4521    i.xTaskResumeAll    tasks.o
    0x08006b38   0x08006b38   0x00000034   Code   RO         4829    i.xTimerCreate      timers.o
    0x08006b6c   0x08006b6c   0x00000060   Code   RO         4831    i.xTimerCreateTimerTask  timers.o
    0x08006bcc   0x08006bcc   0x00000068   Code   RO         4832    i.xTimerGenericCommand  timers.o
    0x08006c34   0x08006c34   0x00000034   Data   RO           24    .constdata          main.o
    0x08006c68   0x08006c68   0x00000024   Data   RO          223    .constdata          freertos.o
    0x08006c8c   0x08006c8c   0x00000010   Data   RO         3869    .constdata          system_stm32f1xx.o
    0x08006c9c   0x08006c9c   0x00000008   Data   RO         3870    .constdata          system_stm32f1xx.o
    0x08006ca4   0x08006ca4   0x00000148   Data   RO         5746    .constdata          sound_cf2.o
    0x08006dec   0x08006dec   0x00000148   Data   RO         5747    .constdata          sound_cf2.o
    0x08006f34   0x08006f34   0x00000148   Data   RO         5748    .constdata          sound_cf2.o
    0x0800707c   0x0800707c   0x00000148   Data   RO         5749    .constdata          sound_cf2.o
    0x080071c4   0x080071c4   0x00000148   Data   RO         5750    .constdata          sound_cf2.o
    0x0800730c   0x0800730c   0x00000148   Data   RO         5751    .constdata          sound_cf2.o
    0x08007454   0x08007454   0x00000148   Data   RO         5752    .constdata          sound_cf2.o
    0x0800759c   0x0800759c   0x00000148   Data   RO         5753    .constdata          sound_cf2.o
    0x080076e4   0x080076e4   0x00000148   Data   RO         5754    .constdata          sound_cf2.o
    0x0800782c   0x0800782c   0x00000008   Data   RO         6212    .constdata          relay_out.o
    0x08007834   0x08007834   0x00000024   Data   RO         6250    .constdata          opto_in.o
    0x08007858   0x08007858   0x0000000c   Data   RO         6251    .constdata          opto_in.o
    0x08007864   0x08007864   0x0000000c   Data   RO         6300    .constdata          calendar.o
    0x08007870   0x08007870   0x00000010   Data   RO         6346    .constdata          iv_in.o
    0x08007880   0x08007880   0x0000000c   Data   RO         6393    .constdata          iv_out.o
    0x0800788c   0x0800788c   0x00000018   Data   RO         6440    .constdata          mem.o
    0x080078a4   0x080078a4   0x00000024   Data   RO         6536    .constdata          water_flow_time_control_sys.o
    0x080078c8   0x080078c8   0x0000001c   Data   RO           25    .conststring        main.o
    0x080078e4   0x080078e4   0x00000009   Data   RO          224    .conststring        freertos.o
    0x080078ed   0x080078ed   0x00000003   PAD
    0x080078f0   0x080078f0   0x00000007   Data   RO         6252    .conststring        opto_in.o
    0x080078f7   0x080078f7   0x00000001   PAD
    0x080078f8   0x080078f8   0x00000012   Data   RO         6537    .conststring        water_flow_time_control_sys.o
    0x0800790a   0x0800790a   0x00000002   PAD
    0x0800790c   0x0800790c   0x00000020   Data   RO         6635    Region$$Table       anon$$obj.o


    Execution Region RW_IRAM1 (Exec base: 0x20000000, Load base: 0x0800792c, Size: 0x0000b3d0, Max: 0x00010000, ABSOLUTE, COMPRESSED[0x00000080])

    Exec Addr    Load Addr    Size         Type   Attr      Idx    E Section Name        Object

    0x20000000   COMPRESSED   0x00000008   Data   RW           26    .data               main.o
    0x20000008   COMPRESSED   0x00000004   Data   RW          225    .data               freertos.o
    0x2000000c   COMPRESSED   0x0000000c   Data   RW          919    .data               stm32f1xx_hal.o
    0x20000018   COMPRESSED   0x00000004   Data   RW         3871    .data               system_stm32f1xx.o
    0x2000001c   COMPRESSED   0x0000003c   Data   RW         4524    .data               tasks.o
    0x20000058   COMPRESSED   0x00000014   Data   RW         4840    .data               timers.o
    0x2000006c   COMPRESSED   0x00000004   Data   RW         5037    .data               cmsis_os2.o
    0x20000070   COMPRESSED   0x00000018   Data   RW         5400    .data               heap_4.o
    0x20000088   COMPRESSED   0x0000000c   Data   RW         5451    .data               port.o
    0x20000094   COMPRESSED   0x00000002   Data   RW         5522    .data               tpic6b595.o
    0x20000096   COMPRESSED   0x00000002   PAD
    0x20000098   COMPRESSED   0x00000074   Data   RW         5553    .data               input.o
    0x2000010c   COMPRESSED   0x00000004   Data   RW         5609    .data               tps08u.o
    0x20000110   COMPRESSED   0x0000000c   Data   RW         5697    .data               buzzdeck.o
    0x2000011c   COMPRESSED   0x000000d8   Data   RW         5755    .data               sound_cf2.o
    0x200001f4   COMPRESSED   0x00000004   Data   RW         5821    .data               buzzer.o
    0x200001f8   COMPRESSED   0x00000001   Data   RW         5862    .data               piezo.o
    0x200001f9   COMPRESSED   0x00000003   PAD
    0x200001fc   COMPRESSED   0x00000004   Data   RW         5916    .data               ds3231.o
    0x20000200   COMPRESSED   0x00000002   Data   RW         5981    .data               i2cdev.o
    0x20000202   COMPRESSED   0x00000002   Data   RW         6077    .data               ad5422.o
    0x20000204   COMPRESSED   0x00000004   Data   RW         6174    .data               fram.o
    0x20000208   COMPRESSED   0x00000004   Data   RW         6253    .data               opto_in.o
    0x2000020c   COMPRESSED   0x00000018   Data   RW         6539    .data               water_flow_time_control_sys.o
    0x20000224        -       0x00000274   Zero   RW           23    .bss                main.o
    0x20000498        -       0x00000040   Zero   RW          546    .bss                stm32f1xx_hal_timebase_tim.o
    0x200004d8        -       0x00000040   Zero   RW         4107    .bss                queue.o
    0x20000518        -       0x000004c4   Zero   RW         4523    .bss                tasks.o
    0x200009dc        -       0x00000118   Zero   RW         4839    .bss                timers.o
    0x20000af4        -       0x00002ab8   Zero   RW         5036    .bss                cmsis_os2.o
    0x200035ac        -       0x00007800   Zero   RW         5399    .bss                heap_4.o
    0x2000adac        -       0x00000060   Zero   RW         5552    .bss                input.o
    0x2000ae0c        -       0x00000040   Zero   RW         6249    .bss                opto_in.o
    0x2000ae4c        -       0x0000016c   Zero   RW         6439    .bss                mem.o
    0x2000afb8        -       0x00000016   Zero   RW         6535    .bss                water_flow_time_control_sys.o
    0x2000afce   COMPRESSED   0x00000002   PAD
    0x2000afd0        -       0x00000400   Zero   RW            1    STACK               startup_stm32f103xe.o


==============================================================================

Image component sizes


      Code (inc. data)   RO Data    RW Data    ZI Data      Debug   Object Name

       674         60          0          2          0       7657   ad5422.o
        58          6          0         12          0       4367   buzzdeck.o
        52         18          0          4          0       1766   buzzer.o
       126          0         12          0          0       3381   calendar.o
       784         54          0          4      10936      20321   cmsis_os2.o
        96         26          0          0          0        519   common.o
       332         18          0          4          0       4234   ds3231.o
         0          0          0          0          0      17688   event_groups.o
        80         20          0          4          0       2210   fram.o
        72         14         45          4          0      21434   freertos.o
       460         24          0         24      30720       4655   heap_4.o
       248         16          0          2          0       3090   i2cdev.o
       284         26          0        116         96       2999   input.o
       406         24         16          0          0       4702   iv_in.o
       126          6         12          0          0       3373   iv_out.o
       138          0          0          0          0       3378   list.o
      1074        118         80          8        628     524541   main.o
       560         30         24          0        364       7188   mem.o
       270         38         55          4         64       4885   opto_in.o
       218         34          0          1          0       2184   piezo.o
       662         70          0         12          0      10765   port.o
      2478         28          0          0         64      25632   queue.o
        74          8          8          0          0       2512   relay_out.o
       380         48       2952        216          0       5465   sound_cf2.o
        36          8        304          0       1024        800   startup_stm32f103xe.o
        64         14          0         12          0       5230   stm32f1xx_hal.o
       616         28          0          0          0       3332   stm32f1xx_hal_adc.o
       158         14          0          0          0      28170   stm32f1xx_hal_cortex.o
       304          8          0          0          0       1159   stm32f1xx_hal_dma.o
       524         42          0          0          0       3519   stm32f1xx_hal_gpio.o
      2152         44          0          0          0      12274   stm32f1xx_hal_i2c.o
      1028        120          0          0          0       5419   stm32f1xx_hal_msp.o
      1336        110          0          0          0       5793   stm32f1xx_hal_rcc.o
       236         12          0          0          0       1380   stm32f1xx_hal_rcc_ex.o
      1562          0          0          0          0       7934   stm32f1xx_hal_spi.o
      1340         66          0          0          0      12575   stm32f1xx_hal_tim.o
        70          0          0          0          0       2337   stm32f1xx_hal_tim_ex.o
       116         16          0          0         64       1411   stm32f1xx_hal_timebase_tim.o
       852         12          0          0          0       7031   stm32f1xx_hal_uart.o
        72         30          0          0          0       4726   stm32f1xx_it.o
         0          0          0          0          0       8892   stream_buffer.o
        72         16         24          4          0       1171   system_stm32f1xx.o
      2352        194          0         60       1220      25609   tasks.o
      1032         82          0         20        280      27786   timers.o
       300         12          0          2          0       1484   tpic6b595.o
      1034         64          0          4          0       9499   tps08u.o
       448         54         54         24         22       3161   water_flow_time_control_sys.o

    ----------------------------------------------------------------------
     25418       1632       3624        548      45484     869638   Object Totals
         0          0         32          0          0          0   (incl. Generated)
        62          0          6          5          2          0   (incl. Padding)

    ----------------------------------------------------------------------

      Code (inc. data)   RO Data    RW Data    ZI Data      Debug   Library Member Name

        86          0          0          0          0          0   __dczerorl2.o
         0          0          0          0          0          0   entry.o
         0          0          0          0          0          0   entry10a.o
         0          0          0          0          0          0   entry11a.o
         8          4          0          0          0          0   entry2.o
         4          0          0          0          0          0   entry5.o
         0          0          0          0          0          0   entry7b.o
         0          0          0          0          0          0   entry8b.o
         8          4          0          0          0          0   entry9a.o
        30          0          0          0          0          0   handlers.o
        36          8          0          0          0         68   init.o
         0          0          0          0          0          0   iusefp.o
        30          0          0          0          0         68   llshl.o
        36          0          0          0          0         68   llsshr.o
        32          0          0          0          0         68   llushr.o
        26          0          0          0          0         80   memcmp.o
        36          0          0          0          0         68   memcpya.o
        36          0          0          0          0        108   memseta.o
        56          0          0          0          0         88   d2f.o
       334          0          0          0          0        148   dadd.o
       222          0          0          0          0        100   ddiv.o
       186          0          0          0          0        176   depilogue.o
        50          0          0          0          0         76   dfixui.o
        26          0          0          0          0         76   dfltui.o
       228          0          0          0          0         96   dmul.o
        46          0          0          0          0         80   dscalb.o
        38          0          0          0          0         68   f2d.o
       176          0          0          0          0        140   fadd.o
       110          0          0          0          0        168   fepilogue.o
        10          0          0          0          0         68   ffltui.o
       100          0          0          0          0         76   fmul.o
        24          0          0          0          0         68   fscalb.o

    ----------------------------------------------------------------------
      1978         16          0          0          0       1956   Library Totals
         4          0          0          0          0          0   (incl. Padding)

    ----------------------------------------------------------------------

      Code (inc. data)   RO Data    RW Data    ZI Data      Debug   Library Name

       368         16          0          0          0        528   mc_w.l
      1606          0          0          0          0       1428   mf_w.l

    ----------------------------------------------------------------------
      1978         16          0          0          0       1956   Library Totals

    ----------------------------------------------------------------------

==============================================================================


      Code (inc. data)   RO Data    RW Data    ZI Data      Debug   

     27396       1648       3624        548      45484     856850   Grand Totals
     27396       1648       3624        128      45484     856850   ELF Image Totals (compressed)
     27396       1648       3624        128          0          0   ROM Totals

==============================================================================

    Total RO  Size (Code + RO Data)                31020 (  30.29kB)
    Total RW  Size (RW Data + ZI Data)             46032 (  44.95kB)
    Total ROM Size (Code + RO Data + RW Data)      31148 (  30.42kB)

==============================================================================

