<html>
<body>
<pre>
<h1>µVision Build Log</h1>
<h2>Tool Versions:</h2>
IDE-Version: ¦ÌVision V5.16a
Copyright (C) 2015 ARM Ltd and ARM Germany GmbH. All rights reserved.
License Information: 11 meiko, 1, LIC=9N02Z-JC7CQ-23DM4-FRGG9-09QM6-JBGQA
 
Tool Versions:
Toolchain:       MDK-ARM Professional  Version: 5.16a
Toolchain Path:  C:\Keil_v5\ARM\ARMCC\Bin
C Compiler:      Armcc.exe V5.06 (build 20)
Assembler:       Armasm.exe V5.06 (build 20)
Linker/Locator:  ArmLink.exe V5.06 (build 20)
Library Manager: ArmAr.exe V5.06 (build 20)
Hex Converter:   FromElf.exe V5.06 (build 20)
CPU DLL:         SARMCM3.DLL V5.16a
Dialog DLL:      DCM.DLL V1.13.2.0
Target DLL:      STLink\ST-LINKIII-KEIL_SWO.dll V2.0.17.0
Dialog DLL:      TCM.DLL V1.14.5.0
 
<h2>Project:</h2>
E:\githubcode\WaterValve\software\Firmware\MDK-ARM\myPLC.uvprojx
Project File Date:  09/02/2020

<h2>Output:</h2>
*** Using Compiler 'V5.06 (build 20)', folder: 'C:\Keil_v5\ARM\ARMCC\Bin'
Build target 'myPLC'
assembling startup_stm32f103xe.s...
compiling stm32f1xx_hal_timebase_tim.c...
compiling stm32f1xx_hal_gpio_ex.c...
compiling stm32f1xx_it.c...
compiling stm32f1xx_hal_msp.c...
compiling stm32f1xx_hal_adc.c...
compiling freertos.c...
compiling main.c...
compiling stm32f1xx_hal.c...
compiling stm32f1xx_hal_cortex.c...
compiling stm32f1xx_hal_adc_ex.c...
compiling stm32f1xx_hal_gpio.c...
compiling stm32f1xx_hal_rcc_ex.c...
compiling stm32f1xx_hal_rcc.c...
compiling stm32f1xx_hal_dma.c...
compiling stm32f1xx_hal_pwr.c...
compiling stm32f1xx_hal_flash.c...
compiling stm32f1xx_hal_flash_ex.c...
compiling stm32f1xx_hal_exti.c...
compiling croutine.c...
compiling event_groups.c...
compiling stm32f1xx_hal_spi.c...
compiling stm32f1xx_hal_i2c.c...
compiling list.c...
compiling stream_buffer.c...
compiling queue.c...
compiling stm32f1xx_hal_tim.c...
compiling tasks.c...
compiling heap_4.c...
compiling timers.c...
compiling port.c...
compiling system_stm32f1xx.c...
compiling cmsis_os2.c...
compiling stm32f1xx_hal_uart.c...
compiling stm32f1xx_hal_tim_ex.c...
compiling sound_cf2.c...
..\BSP\deck_core.h(162): warning:  #1295-D: Deprecated declaration deckDriverCount - give arg types
  int deckDriverCount();
..\BSP\deck_core.h(173): warning:  #1295-D: Deprecated declaration deckGetRequiredEstimator - give arg types
  StateEstimatorType deckGetRequiredEstimator();
..\BSP\deck_core.h(175): warning:  #1295-D: Deprecated declaration deckGetRequiredLowInterferenceRadioMode - give arg types
  
ool deckGetRequiredLowInterferenceRadioMode();
..\BSP\sound_cf2.c(55): warning:  #550-D: variable "neffect" was set but never used
  static uint32_t neffect = 0;
..\BSP\sound_cf2.c(62): warning:  #177-D: variable "calibrated" was declared but never referenced
  const static Melody calibrated = {.bpm = 120, .delay = 1, .notes = {{C4, S}, {E4, S}, {G4, S}, {C5, E}, STOP}};
..\BSP\sound_cf2.c(65): warning:  #177-D: variable "usb_disconnect" was declared but never referenced
  const static Melody usb_disconnect = {.bpm = 120, .delay = 1, .notes = {{C4, E}, STOP}};
..\BSP\sound_cf2.c(66): warning:  #177-D: variable "usb_connect" was declared but never referenced
  const static Melody usb_connect = {.bpm = 120, .delay = 1, .notes = {{A4, E}, STOP}};
..\BSP\sound_cf2.c(90): warning:  #177-D: variable "target_stop" was declared but never referenced
  const static Melody target_stop = {.bpm = 240, .delay = 1, .notes = {{Bb3, S},{Bb3, S},
..\BSP\sound_cf2.c(93): warning:  #177-D: variable "over_current" was declared but never referenced
  const static Melody over_current = {.bpm = 240, .delay = 1, .notes = {{F3, ES},{F3, ES},
..\BSP\sound_cf2.c(96): warning:  #177-D: variable "target_do_diff" was declared but never referenced
  const static Melody target_do_diff = {.bpm = 120, .delay = 1, .notes = {{C5, E}, {G4, S}, {E4, S}, {C4, S}, STOP}};
..\BSP\sound_cf2.c(139): warning:  #177-D: variable "static_ratio" was declared but never referenced
  static uint8_t static_ratio = 0;
..\BSP\sound_cf2.c(164): warning:  #177-D: variable "pitchid" was declared but never referenced
  static int pitchid;
..\BSP\sound_cf2.c(165): warning:  #177-D: variable "rollid" was declared but never referenced
  static int rollid;
..\BSP\sound_cf2.c(167): warning:  #177-D: variable "roll" was declared but never referenced
  static int roll;
..\BSP\sound_cf2.c(169): warning:  #550-D: variable "tilt_ratio" was set but never used
  static int tilt_ratio;
..\BSP\sound_cf2.c: 15 warnings, 0 errors
compiling buzzer.c...
compiling TPIC6B595.c...
compiling input.c...
compiling buzzdeck.c...
..\BSP\deck_core.h(162): warning:  #1295-D: Deprecated declaration deckDriverCount - give arg types
  int deckDriverCount();
..\BSP\deck_core.h(173): warning:  #1295-D: Deprecated declaration deckGetRequiredEstimator - give arg types
  StateEstimatorType deckGetRequiredEstimator();
..\BSP\deck_core.h(175): warning:  #1295-D: Deprecated declaration deckGetRequiredLowInterferenceRadioMode - give arg types
  
ool deckGetRequiredLowInterferenceRadioMode();
..\BSP\buzzdeck.c(66): warning:  #177-D: variable "buzzer_deck" was declared but never referenced
  static const DeckDriver buzzer_deck = {
..\BSP\buzzdeck.c: 4 warnings, 0 errors
compiling tps08u.c...
compiling ds3231.c...
compiling piezo.c...
compiling i2cdev.c...
compiling uart.c...
compiling AD5422.c...
compiling fram.c...
compiling relay_out.c...
compiling opto_in.c...
..\Module\opto_in.c(24): warning:  #177-D: variable "optoInTimer" was declared but never referenced
  static xTimerHandle optoInTimer;
..\Module\opto_in.c: 1 warning, 0 errors
compiling wh_ble.c...
..\BSP\wh_ble.c(28): warning:  #167-D: argument of type "uint8_t *" is incompatible with parameter of type "const char *"
  						if(strstr(buf, "ok") == NULL){
..\BSP\wh_ble.c(224): warning:  #177-D: variable "delay_time" was declared but never referenced
  		uint16_t delay_time = (buf[6] << 8) + buf[7];
..\BSP\wh_ble.c(234): warning:  #177-D: variable "delay_time" was declared but never referenced
  		uint16_t delay_time = (buf[6] << 8) + buf[7];
..\BSP\wh_ble.c(244): warning:  #177-D: variable "delay_time" was declared but never referenced
  		uint16_t delay_time = (buf[6] << 8) + buf[7];
..\BSP\wh_ble.c(273): warning:  #177-D: variable "end_time" was declared but never referenced
  		uint8_t end_time 				= buf[8];												//??Ö¹Ê±??
..\BSP\wh_ble.c(297): warning:  #177-D: variable "state" was declared but never referenced
  		uint8_t state = buf[6];
..\BSP\wh_ble.c: 6 warnings, 0 errors
compiling calendar.c...
compiling iv_in.c...
compiling iv_out.c...
compiling mem.c...
compiling water_press_time_control_sys.c...
..\APP\water_press_time_control_sys.c(229): warning:  #177-D: function "pre_ImaToPressure" was declared but never referenced
  static uint16_t pre_ImaToPressure(float MA)
..\APP\water_press_time_control_sys.c(234): warning:  #177-D: function "openingDegreeToIma" was declared but never referenced
  static float openingDegreeToIma(int8_t percent)
..\APP\water_press_time_control_sys.c(241): warning:  #177-D: function "get_pressure" was declared but never referenced
  static uint8_t get_pressure(uint16_t *Pressure)
..\APP\water_press_time_control_sys.c(259): warning:  #177-D: function "get_flow" was declared but never referenced
  static uint8_t get_flow(uint16_t *Flow)
..\APP\water_press_time_control_sys.c: 4 warnings, 0 errors
linking...
Program Size: Code=30688 RO-data=3624 RW-data=556 ZI-data=48052  
FromELF: creating hex file...
"myPLC\myPLC.axf" - 0 Error(s), 30 Warning(s).

<h2>Software Packages used:</h2>

Package Vendor: ARM
                http://www.keil.com/pack/ARM.CMSIS.4.3.0.pack
                ARM::CMSIS:CORE:4.1.0
                CMSIS (Cortex Microcontroller Software Interface Standard)
   * Component: CORE Version: 4.1.0

<h2>Collection of Component include folders:</h2>
  E:\githubcode\WaterValve\software\Firmware\MDK-ARM\RTE
  C:\Keil_v5\ARM\PACK\ARM\CMSIS\4.3.0\CMSIS\Include
  C:\Keil_v5\ARM\PACK\Keil\STM32F1xx_DFP\2.3.0\Device\Include

<h2>Collection of Component Files used:</h2>

   * Component: ARM::CMSIS:CORE:4.1.0
Build Time Elapsed:  00:00:48
</pre>
</body>
</html>
