Component: ARM Compiler 5.06 (build 20) Tool: armlink [4d35a3]

==============================================================================

Section Cross References

    startup_stm32f103xe.o(RESET) refers to startup_stm32f103xe.o(STACK) for __initial_sp
    startup_stm32f103xe.o(RESET) refers to startup_stm32f103xe.o(.text) for Reset_Handler
    startup_stm32f103xe.o(RESET) refers to stm32f1xx_it.o(i.NMI_Handler) for NMI_Handler
    startup_stm32f103xe.o(RESET) refers to stm32f1xx_it.o(i.HardFault_Handler) for HardFault_Handler
    startup_stm32f103xe.o(RESET) refers to stm32f1xx_it.o(i.MemManage_Handler) for MemManage_Handler
    startup_stm32f103xe.o(RESET) refers to stm32f1xx_it.o(i.BusFault_Handler) for BusFault_Handler
    startup_stm32f103xe.o(RESET) refers to stm32f1xx_it.o(i.UsageFault_Handler) for UsageFault_Handler
    startup_stm32f103xe.o(RESET) refers to port.o(.emb_text) for SVC_Handler
    startup_stm32f103xe.o(RESET) refers to stm32f1xx_it.o(i.DebugMon_Handler) for DebugMon_Handler
    startup_stm32f103xe.o(RESET) refers to port.o(i.SysTick_Handler) for SysTick_Handler
    startup_stm32f103xe.o(RESET) refers to stm32f1xx_it.o(i.DMA1_Channel4_IRQHandler) for DMA1_Channel4_IRQHandler
    startup_stm32f103xe.o(RESET) refers to stm32f1xx_it.o(i.DMA1_Channel5_IRQHandler) for DMA1_Channel5_IRQHandler
    startup_stm32f103xe.o(RESET) refers to stm32f1xx_it.o(i.TIM2_IRQHandler) for TIM2_IRQHandler
    startup_stm32f103xe.o(RESET) refers to stm32f1xx_it.o(i.TIM3_IRQHandler) for TIM3_IRQHandler
    startup_stm32f103xe.o(RESET) refers to stm32f1xx_it.o(i.USART1_IRQHandler) for USART1_IRQHandler
    startup_stm32f103xe.o(.text) refers to system_stm32f1xx.o(i.SystemInit) for SystemInit
    startup_stm32f103xe.o(.text) refers to entry.o(.ARM.Collect$$$$00000000) for __main
    main.o(i.HAL_TIM_PeriodElapsedCallback) refers to stm32f1xx_hal.o(i.HAL_IncTick) for HAL_IncTick
    main.o(i.SystemClock_Config) refers to memseta.o(.text) for __aeabi_memclr4
    main.o(i.SystemClock_Config) refers to stm32f1xx_hal_rcc.o(i.HAL_RCC_OscConfig) for HAL_RCC_OscConfig
    main.o(i.SystemClock_Config) refers to stm32f1xx_hal_rcc.o(i.HAL_RCC_ClockConfig) for HAL_RCC_ClockConfig
    main.o(i.main) refers to stm32f1xx_hal.o(i.HAL_Init) for HAL_Init
    main.o(i.main) refers to main.o(i.SystemClock_Config) for SystemClock_Config
    main.o(i.main) refers to gpio.o(i.MX_GPIO_Init) for MX_GPIO_Init
    main.o(i.main) refers to dma.o(i.MX_DMA_Init) for MX_DMA_Init
    main.o(i.main) refers to usart.o(i.MX_USART1_UART_Init) for MX_USART1_UART_Init
    main.o(i.main) refers to tim.o(i.MX_TIM3_Init) for MX_TIM3_Init
    main.o(i.main) refers to freertos.o(i.MX_FREERTOS_Init) for MX_FREERTOS_Init
    main.o(i.main) refers to cmsis_os.o(i.osKernelStart) for osKernelStart
    gpio.o(i.LED_OFF) refers to stm32f1xx_hal_gpio.o(i.HAL_GPIO_WritePin) for HAL_GPIO_WritePin
    gpio.o(i.LED_OFF) refers to gpio.o(.constdata) for .constdata
    gpio.o(i.LED_OFF) refers to gpio.o(.data) for .data
    gpio.o(i.LED_ON) refers to stm32f1xx_hal_gpio.o(i.HAL_GPIO_WritePin) for HAL_GPIO_WritePin
    gpio.o(i.LED_ON) refers to gpio.o(.constdata) for .constdata
    gpio.o(i.LED_ON) refers to gpio.o(.data) for .data
    gpio.o(i.LED_Toggle) refers to stm32f1xx_hal_gpio.o(i.HAL_GPIO_TogglePin) for HAL_GPIO_TogglePin
    gpio.o(i.LED_Toggle) refers to gpio.o(.constdata) for .constdata
    gpio.o(i.LED_Toggle) refers to gpio.o(.data) for .data
    gpio.o(i.MX_GPIO_Init) refers to stm32f1xx_hal_gpio.o(i.HAL_GPIO_WritePin) for HAL_GPIO_WritePin
    gpio.o(i.MX_GPIO_Init) refers to stm32f1xx_hal_gpio.o(i.HAL_GPIO_Init) for HAL_GPIO_Init
    dma.o(i.MX_DMA_Init) refers to stm32f1xx_hal_cortex.o(i.HAL_NVIC_SetPriority) for HAL_NVIC_SetPriority
    dma.o(i.MX_DMA_Init) refers to stm32f1xx_hal_cortex.o(i.HAL_NVIC_EnableIRQ) for HAL_NVIC_EnableIRQ
    freertos.o(i.MX_FREERTOS_Init) refers to memcpya.o(.text) for __aeabi_memcpy4
    freertos.o(i.MX_FREERTOS_Init) refers to cmsis_os.o(i.osThreadCreate) for osThreadCreate
    freertos.o(i.MX_FREERTOS_Init) refers to freertos.o(.constdata) for .constdata
    freertos.o(i.MX_FREERTOS_Init) refers to freertos.o(.data) for .data
    freertos.o(i.StartDefaultTask) refers to at_api.o(i.IOT_ATM_Init) for IOT_ATM_Init
    freertos.o(i.StartDefaultTask) refers to memseta.o(.text) for __aeabi_memclr4
    freertos.o(i.StartDefaultTask) refers to wrapper.o(i.HAL_GetProductKey) for HAL_GetProductKey
    freertos.o(i.StartDefaultTask) refers to wrapper.o(i.HAL_GetDeviceName) for HAL_GetDeviceName
    freertos.o(i.StartDefaultTask) refers to wrapper.o(i.HAL_GetDeviceSecret) for HAL_GetDeviceSecret
    freertos.o(i.StartDefaultTask) refers to dev_sign_mqtt.o(i.IOT_Sign_MQTT) for IOT_Sign_MQTT
    freertos.o(i.StartDefaultTask) refers to mqtt_api.o(i.IOT_MQTT_Construct) for IOT_MQTT_Construct
    freertos.o(i.StartDefaultTask) refers to freertos.o(i.subscribe) for subscribe
[...]
    Error_Handler                            0x08001231   Thumb Code     2  main.o(i.Error_Handler)
    HAL_AT_CONN_Close                        0x08001233   Thumb Code     4  wrapper.o(i.HAL_AT_CONN_Close)
    HAL_AT_CONN_DomainToIp                   0x08001239   Thumb Code    32  wrapper.o(i.HAL_AT_CONN_DomainToIp)
    HAL_AT_CONN_Init                         0x0800125d   Thumb Code   124  wrapper.o(i.HAL_AT_CONN_Init)
    HAL_AT_CONN_Send                         0x080012e1   Thumb Code     4  wrapper.o(i.HAL_AT_CONN_Send)
    HAL_AT_CONN_Start                        0x080012e5   Thumb Code     4  wrapper.o(i.HAL_AT_CONN_Start)
    HAL_AT_Uart_Init                         0x080012e9   Thumb Code    40  wrapper.o(i.HAL_AT_Uart_Init)
    HAL_AT_Uart_Recv                         0x08001319   Thumb Code   122  wrapper.o(i.HAL_AT_Uart_Recv)
    HAL_AT_Uart_Send                         0x08001399   Thumb Code    62  wrapper.o(i.HAL_AT_Uart_Send)
    HAL_DMA_Abort                            0x080013dd   Thumb Code    70  stm32f1xx_hal_dma.o(i.HAL_DMA_Abort)
    HAL_DMA_Abort_IT                         0x08001425   Thumb Code   296  stm32f1xx_hal_dma.o(i.HAL_DMA_Abort_IT)
    HAL_DMA_IRQHandler                       0x08001555   Thumb Code   552  stm32f1xx_hal_dma.o(i.HAL_DMA_IRQHandler)
    HAL_DMA_Init                             0x0800179d   Thumb Code   112  stm32f1xx_hal_dma.o(i.HAL_DMA_Init)
    HAL_DMA_Start_IT                         0x08001819   Thumb Code   112  stm32f1xx_hal_dma.o(i.HAL_DMA_Start_IT)
    HAL_Free                                 0x08001889   Thumb Code     4  wrapper.o(i.HAL_Free)
    HAL_GPIO_Init                            0x0800188d   Thumb Code   462  stm32f1xx_hal_gpio.o(i.HAL_GPIO_Init)
    HAL_GPIO_WritePin                        0x08001a85   Thumb Code    10  stm32f1xx_hal_gpio.o(i.HAL_GPIO_WritePin)
    HAL_GetDeviceName                        0x08001a91   Thumb Code    32  wrapper.o(i.HAL_GetDeviceName)
    HAL_GetDeviceSecret                      0x08001ac1   Thumb Code    26  wrapper.o(i.HAL_GetDeviceSecret)
    HAL_GetFirmwareVersion                   0x08001b01   Thumb Code    36  wrapper.o(i.HAL_GetFirmwareVersion)
    HAL_GetProductKey                        0x08001b3d   Thumb Code    26  wrapper.o(i.HAL_GetProductKey)
    HAL_GetTick                              0x08001b65   Thumb Code     6  stm32f1xx_hal.o(i.HAL_GetTick)
    HAL_IncTick                              0x08001b71   Thumb Code    12  stm32f1xx_hal.o(i.HAL_IncTick)
    HAL_Init                                 0x08001b81   Thumb Code    32  stm32f1xx_hal.o(i.HAL_Init)
    HAL_InitTick                             0x08001ba5   Thumb Code   102  stm32f1xx_hal_timebase_tim.o(i.HAL_InitTick)
    HAL_Malloc                               0x08001c19   Thumb Code     4  wrapper.o(i.HAL_Malloc)
    HAL_MspInit                              0x08001c1d   Thumb Code    62  stm32f1xx_hal_msp.o(i.HAL_MspInit)
    HAL_MutexCreate                          0x08001c65   Thumb Code     6  wrapper.o(i.HAL_MutexCreate)
    HAL_MutexDestroy                         0x08001c6b   Thumb Code    10  wrapper.o(i.HAL_MutexDestroy)
    HAL_MutexLock                            0x08001c75   Thumb Code    30  wrapper.o(i.HAL_MutexLock)
    HAL_MutexUnlock                          0x08001c93   Thumb Code    16  wrapper.o(i.HAL_MutexUnlock)
    HAL_NVIC_EnableIRQ                       0x08001ca3   Thumb Code    26  stm32f1xx_hal_cortex.o(i.HAL_NVIC_EnableIRQ)
    HAL_NVIC_SetPriority                     0x08001cbd   Thumb Code    60  stm32f1xx_hal_cortex.o(i.HAL_NVIC_SetPriority)
    HAL_NVIC_SetPriorityGrouping             0x08001cfd   Thumb Code    26  stm32f1xx_hal_cortex.o(i.HAL_NVIC_SetPriorityGrouping)
    HAL_Printf                               0x08001d21   Thumb Code    24  wrapper.o(i.HAL_Printf)
    HAL_RCC_ClockConfig                      0x08001d3d   Thumb Code   280  stm32f1xx_hal_rcc.o(i.HAL_RCC_ClockConfig)
    HAL_RCC_GetClockConfig                   0x08001e69   Thumb Code    54  stm32f1xx_hal_rcc.o(i.HAL_RCC_GetClockConfig)
    HAL_RCC_GetPCLK1Freq                     0x08001ea9   Thumb Code    20  stm32f1xx_hal_rcc.o(i.HAL_RCC_GetPCLK1Freq)
    HAL_RCC_GetPCLK2Freq                     0x08001ec9   Thumb Code    20  stm32f1xx_hal_rcc.o(i.HAL_RCC_GetPCLK2Freq)
    HAL_RCC_GetSysClockFreq                  0x08001ee9   Thumb Code    74  stm32f1xx_hal_rcc.o(i.HAL_RCC_GetSysClockFreq)
    HAL_RCC_OscConfig                        0x08001f55   Thumb Code   778  stm32f1xx_hal_rcc.o(i.HAL_RCC_OscConfig)
    HAL_SemaphoreCreate                      0x08002275   Thumb Code     8  wrapper.o(i.HAL_SemaphoreCreate)
    HAL_SemaphoreDestroy                     0x0800227d   Thumb Code    10  wrapper.o(i.HAL_SemaphoreDestroy)
    HAL_SemaphorePost                        0x08002287   Thumb Code    16  wrapper.o(i.HAL_SemaphorePost)
    HAL_SemaphoreWait                        0x08002297   Thumb Code    24  wrapper.o(i.HAL_SemaphoreWait)
    HAL_SleepMs                              0x080022af   Thumb Code     4  wrapper.o(i.HAL_SleepMs)
    HAL_Snprintf                             0x080022b3   Thumb Code    18  wrapper.o(i.HAL_Snprintf)
    HAL_TIMEx_BreakCallback                  0x080022c5   Thumb Code     2  stm32f1xx_hal_tim_ex.o(i.HAL_TIMEx_BreakCallback)
    HAL_TIMEx_CommutCallback                 0x080022c7   Thumb Code     2  stm32f1xx_hal_tim_ex.o(i.HAL_TIMEx_CommutCallback)
    HAL_TIMEx_MasterConfigSynchronization    0x080022c9   Thumb Code    66  stm32f1xx_hal_tim_ex.o(i.HAL_TIMEx_MasterConfigSynchronization)
    HAL_TIM_Base_Init                        0x0800230b   Thumb Code    54  stm32f1xx_hal_tim.o(i.HAL_TIM_Base_Init)
    HAL_TIM_Base_MspInit                     0x08002341   Thumb Code    50  tim.o(i.HAL_TIM_Base_MspInit)
    HAL_TIM_Base_Start_IT                    0x0800237d   Thumb Code    34  stm32f1xx_hal_tim.o(i.HAL_TIM_Base_Start_IT)
    HAL_TIM_ConfigClockSource                0x0800239f   Thumb Code   214  stm32f1xx_hal_tim.o(i.HAL_TIM_ConfigClockSource)
    HAL_TIM_IC_CaptureCallback               0x08002475   Thumb Code     2  stm32f1xx_hal_tim.o(i.HAL_TIM_IC_CaptureCallback)
    HAL_TIM_IRQHandler                       0x08002477   Thumb Code   358  stm32f1xx_hal_tim.o(i.HAL_TIM_IRQHandler)
    HAL_TIM_OC_DelayElapsedCallback          0x080025dd   Thumb Code     2  stm32f1xx_hal_tim.o(i.HAL_TIM_OC_DelayElapsedCallback)
    HAL_TIM_PWM_PulseFinishedCallback        0x080025df   Thumb Code     2  stm32f1xx_hal_tim.o(i.HAL_TIM_PWM_PulseFinishedCallback)
    HAL_TIM_PeriodElapsedCallback            0x080025e1   Thumb Code    14  main.o(i.HAL_TIM_PeriodElapsedCallback)
    HAL_TIM_TriggerCallback                  0x080025ef   Thumb Code     2  stm32f1xx_hal_tim.o(i.HAL_TIM_TriggerCallback)
    HAL_ThreadCreate                         0x080025f1   Thumb Code    80  wrapper.o(i.HAL_ThreadCreate)
    HAL_UART_DMAStop                         0x08002651   Thumb Code    88  stm32f1xx_hal_uart.o(i.HAL_UART_DMAStop)
    HAL_UART_ErrorCallback                   0x080026a9   Thumb Code     2  stm32f1xx_hal_uart.o(i.HAL_UART_ErrorCallback)
    HAL_UART_IRQHandler                      0x080026ad   Thumb Code   266  stm32f1xx_hal_uart.o(i.HAL_UART_IRQHandler)
    HAL_UART_Init                            0x080027bd   Thumb Code    98  stm32f1xx_hal_uart.o(i.HAL_UART_Init)
    HAL_UART_MspInit                         0x08002821   Thumb Code   198  usart.o(i.HAL_UART_MspInit)
    HAL_UART_Receive_DMA                     0x080028fd   Thumb Code   138  stm32f1xx_hal_uart.o(i.HAL_UART_Receive_DMA)
    HAL_UART_Receive_IT                      0x08002995   Thumb Code    82  stm32f1xx_hal_uart.o(i.HAL_UART_Receive_IT)
    HAL_UART_RxCpltCallback                  0x080029e9   Thumb Code    38  wrapper.o(i.HAL_UART_RxCpltCallback)
    HAL_UART_RxHalfCpltCallback              0x08002a19   Thumb Code     2  stm32f1xx_hal_uart.o(i.HAL_UART_RxHalfCpltCallback)
    HAL_UART_Transmit_IT                     0x08002a1b   Thumb Code    62  stm32f1xx_hal_uart.o(i.HAL_UART_Transmit_IT)
    HAL_UART_TxCpltCallback                  0x08002a59   Thumb Code     8  wrapper.o(i.HAL_UART_TxCpltCallback)
    HAL_UptimeMs                             0x08002a65   Thumb Code    10  wrapper.o(i.HAL_UptimeMs)
    HardFault_Handler                        0x08002a6f   Thumb Code     2  stm32f1xx_it.o(i.HardFault_Handler)
    IOT_ATM_Init                             0x08002a71   Thumb Code    30  at_api.o(i.IOT_ATM_Init)
    IOT_Ioctl                                0x08002a91   Thumb Code   246  infra_compat.o(i.IOT_Ioctl)
    IOT_MQTT_Construct                       0x08002b95   Thumb Code   550  mqtt_api.o(i.IOT_MQTT_Construct)
    IOT_MQTT_Destroy                         0x08002ddd   Thumb Code    42  mqtt_api.o(i.IOT_MQTT_Destroy)
    IOT_MQTT_Publish                         0x08002e0d   Thumb Code    46  mqtt_api.o(i.IOT_MQTT_Publish)
    IOT_MQTT_Publish_Simple                  0x08002e41   Thumb Code    98  mqtt_api.o(i.IOT_MQTT_Publish_Simple)
    IOT_MQTT_Subscribe                       0x08002ea9   Thumb Code    88  mqtt_api.o(i.IOT_MQTT_Subscribe)
    IOT_MQTT_Yield                           0x08002f05   Thumb Code    10  mqtt_api.o(i.IOT_MQTT_Yield)
    IOT_Sign_MQTT                            0x08002f15   Thumb Code   428  dev_sign_mqtt.o(i.IOT_Sign_MQTT)
    MQTTConnect                              0x080030c9   Thumb Code   154  iotx_mqtt_client.o(i.MQTTConnect)
    MQTTDeserialize_ack                      0x08003163   Thumb Code    62  mqttdeserializepublish.o(i.MQTTDeserialize_ack)
    MQTTDeserialize_connack                  0x080031a1   Thumb Code    86  mqttconnectclient.o(i.MQTTDeserialize_connack)
    MQTTDeserialize_publish                  0x080031f7   Thumb Code   134  mqttdeserializepublish.o(i.MQTTDeserialize_publish)
    MQTTDeserialize_suback                   0x0800327d   Thumb Code   118  mqttsubscribeclient.o(i.MQTTDeserialize_suback)
    MQTTDeserialize_unsuback                 0x080032f3   Thumb Code    38  mqttunsubscribeclient.o(i.MQTTDeserialize_unsuback)
    MQTTPacket_decode                        0x08003403   Thumb Code    54  mqttpacket.o(i.MQTTPacket_decode)
    MQTTPacket_decodeBuf                     0x08003439   Thumb Code    10  mqttpacket.o(i.MQTTPacket_decodeBuf)
    MQTTPacket_encode                        0x0800344d   Thumb Code    40  mqttpacket.o(i.MQTTPacket_encode)
    MQTTPacket_equals                        0x08003475   Thumb Code    52  mqttpacket.o(i.MQTTPacket_equals)
    MQTTPacket_len                           0x080034a9   Thumb Code    34  mqttpacket.o(i.MQTTPacket_len)
    MQTTPublish                              0x08003635   Thumb Code   314  iotx_mqtt_client.o(i.MQTTPublish)
    MQTTSerialize_ack                        0x08003771   Thumb Code    82  mqttserializepublish.o(i.MQTTSerialize_ack)
    MQTTSerialize_connect                    0x080037c5   Thumb Code   262  mqttconnectclient.o(i.MQTTSerialize_connect)
    MQTTSerialize_connectLength              0x080038dd   Thumb Code   118  mqttconnectclient.o(i.MQTTSerialize_connectLength)
    MQTTSerialize_disconnect                 0x08003953   Thumb Code     6  mqttconnectclient.o(i.MQTTSerialize_disconnect)
    MQTTSerialize_pingreq                    0x08003959   Thumb Code     6  mqttconnectclient.o(i.MQTTSerialize_pingreq)
    MQTTSerialize_publish                    0x0800395f   Thumb Code   144  mqttserializepublish.o(i.MQTTSerialize_publish)
    MQTTSerialize_publishLength              0x080039ef   Thumb Code    30  mqttserializepublish.o(i.MQTTSerialize_publishLength)
    MQTTSerialize_subscribe                  0x08003a0d   Thumb Code   136  mqttsubscribeclient.o(i.MQTTSerialize_subscribe)
    MQTTSerialize_subscribeLength            0x08003a95   Thumb Code    46  mqttsubscribeclient.o(i.MQTTSerialize_subscribeLength)
    MQTTSerialize_zero                       0x08003ac3   Thumb Code    48  mqttconnectclient.o(i.MQTTSerialize_zero)
    MQTTstrlen                               0x08003c89   Thumb Code    14  mqttpacket.o(i.MQTTstrlen)
    MX_DMA_Init                              0x08003c99   Thumb Code    56  dma.o(i.MX_DMA_Init)
    MX_FREERTOS_Init                         0x08003cd5   Thumb Code    30  freertos.o(i.MX_FREERTOS_Init)
    MX_GPIO_Init                             0x08003cfd   Thumb Code   104  gpio.o(i.MX_GPIO_Init)
    MX_TIM3_Init                             0x08003d6d   Thumb Code    94  tim.o(i.MX_TIM3_Init)
    MX_USART1_UART_Init                      0x08003dd5   Thumb Code    66  usart.o(i.MX_USART1_UART_Init)
    MemManage_Handler                        0x08003e25   Thumb Code     2  stm32f1xx_it.o(i.MemManage_Handler)
    NMI_Handler                              0x08003e27   Thumb Code     2  stm32f1xx_it.o(i.NMI_Handler)
    StartDefaultTask                         0x08003e29   Thumb Code   210  freertos.o(i.StartDefaultTask)
    SysTick_Handler                          0x08003f01   Thumb Code    38  port.o(i.SysTick_Handler)
    SystemClock_Config                       0x08003f2d   Thumb Code    78  main.o(i.SystemClock_Config)
    SystemInit                               0x08003f7d   Thumb Code    56  system_stm32f1xx.o(i.SystemInit)
    TIM2_IRQHandler                          0x08003fc5   Thumb Code     6  stm32f1xx_it.o(i.TIM2_IRQHandler)
    TIM3_IRQHandler                          0x08003fd1   Thumb Code     6  stm32f1xx_it.o(i.TIM3_IRQHandler)
    TIM_Base_SetConfig                       0x08003fdd   Thumb Code   120  stm32f1xx_hal_tim.o(i.TIM_Base_SetConfig)
    TIM_ETR_SetConfig                        0x08004069   Thumb Code    20  stm32f1xx_hal_tim.o(i.TIM_ETR_SetConfig)
    UART_IDLE_Callback                       0x080041a1   Thumb Code   106  usart.o(i.UART_IDLE_Callback)
    USART1_IRQHandler                        0x080043d1   Thumb Code    18  stm32f1xx_it.o(i.USART1_IRQHandler)
    UsageFault_Handler                       0x080043e9   Thumb Code     2  stm32f1xx_it.o(i.UsageFault_Handler)
    __0vprintf                               0x080043ed   Thumb Code     8  printfa.o(i.__0vprintf)
    __1vprintf                               0x080043ed   Thumb Code     0  printfa.o(i.__0vprintf)
    __2vprintf                               0x080043ed   Thumb Code     0  printfa.o(i.__0vprintf)
    __c89vprintf                             0x080043ed   Thumb Code     0  printfa.o(i.__0vprintf)
    vprintf                                  0x080043ed   Thumb Code     0  printfa.o(i.__0vprintf)
    __0vsnprintf                             0x080043fd   Thumb Code    32  printfa.o(i.__0vsnprintf)
    __1vsnprintf                             0x080043fd   Thumb Code     0  printfa.o(i.__0vsnprintf)
    __2vsnprintf                             0x080043fd   Thumb Code     0  printfa.o(i.__0vsnprintf)
    __c89vsnprintf                           0x080043fd   Thumb Code     0  printfa.o(i.__0vsnprintf)
    vsnprintf                                0x080043fd   Thumb Code     0  printfa.o(i.__0vsnprintf)
    __aeabi_errno_addr                       0x08004441   Thumb Code     4  errno.o(i.__aeabi_errno_addr)
    __rt_errno_addr                          0x08004441   Thumb Code     0  errno.o(i.__aeabi_errno_addr)
    __scatterload_copy                       0x08004449   Thumb Code    14  handlers.o(i.__scatterload_copy)
    __scatterload_null                       0x08004457   Thumb Code     2  handlers.o(i.__scatterload_null)
    __scatterload_zeroinit                   0x08004459   Thumb Code    14  handlers.o(i.__scatterload_zeroinit)
    _iotx_generate_sign_string               0x080047a1   Thumb Code   330  dev_sign_mqtt.o(i._iotx_generate_sign_string)
    _is_digit                                0x08004975   Thumb Code    14  scanf_fp.o(i._is_digit)
    _mqtt_cycle                              0x08004bd5   Thumb Code    80  iotx_mqtt_client.o(i._mqtt_cycle)
    _sign_get_clientid                       0x080053d9   Thumb Code   282  dev_sign_mqtt.o(i._sign_get_clientid)
    add_log_header                           0x08005531   Thumb Code    22  dm_log_report.o(i.add_log_header)
    add_tail                                 0x0800557d   Thumb Code    30  dm_log_report.o(i.add_tail)
    at_conn_close                            0x080055a5   Thumb Code    62  at_conn_mgmt.o(i.at_conn_close)
    at_conn_getaddrinfo                      0x080055e9   Thumb Code    40  at_conn_mgmt.o(i.at_conn_getaddrinfo)
    at_conn_init                             0x08005611   Thumb Code    64  at_conn_mgmt.o(i.at_conn_init)
    at_conn_recv                             0x08005659   Thumb Code   206  at_conn_mgmt.o(i.at_conn_recv)
    at_conn_recvbufempty                     0x08005727   Thumb Code    44  at_conn_mgmt.o(i.at_conn_recvbufempty)
    at_conn_send                             0x08005753   Thumb Code    70  at_conn_mgmt.o(i.at_conn_send)
    at_conn_setup                            0x08005799   Thumb Code    72  at_conn_mgmt.o(i.at_conn_setup)
    at_conn_start                            0x080057e5   Thumb Code   126  at_conn_mgmt.o(i.at_conn_start)
    at_mbox_empty                            0x08005961   Thumb Code    26  at_conn_mbox.o(i.at_mbox_empty)
    at_mbox_fetch                            0x0800597b   Thumb Code    80  at_conn_mbox.o(i.at_mbox_fetch)
    at_mbox_free                             0x080059cb   Thumb Code    28  at_conn_mbox.o(i.at_mbox_free)
    at_mbox_new                              0x080059e9   Thumb Code    62  at_conn_mbox.o(i.at_mbox_new)
    at_mbox_set_invalid                      0x08005a4d   Thumb Code    10  at_conn_mbox.o(i.at_mbox_set_invalid)
    at_mbox_tryfetch                         0x08005a57   Thumb Code    26  at_conn_mbox.o(i.at_mbox_tryfetch)
    at_mbox_valid                            0x08005a71   Thumb Code    14  at_conn_mbox.o(i.at_mbox_valid)
    at_parser_init                           0x08005ad9   Thumb Code   294  at_parser.o(i.at_parser_init)
    at_send_no_reply                         0x08005de9   Thumb Code   116  at_parser.o(i.at_send_no_reply)
    at_send_wait_reply                       0x08005e65   Thumb Code   358  at_parser.o(i.at_send_wait_reply)
    bufchar                                  0x08006181   Thumb Code    30  mqttpacket.o(i.bufchar)
    dm_client_publish                        0x080061dd   Thumb Code    44  dm_client_adapter.o(i.dm_client_publish)
    dm_mgr_upstream_thing_log_post           0x0800620d   Thumb Code   148  dm_manager.o(i.dm_mgr_upstream_thing_log_post)
    dm_msg_request                           0x080062c5   Thumb Code   222  dm_message.o(i.dm_msg_request)
    dm_opt_set                               0x080063ad   Thumb Code    44  dm_opt.o(i.dm_opt_set)
    dm_utils_json_object_item                0x080063dd   Thumb Code    98  dm_utils.o(i.dm_utils_json_object_item)
    dm_utils_json_parse                      0x0800643f   Thumb Code    82  dm_utils.o(i.dm_utils_json_parse)
    dm_utils_service_name                    0x08006491   Thumb Code   158  dm_utils.o(i.dm_utils_service_name)
    event_handle                             0x0800652f   Thumb Code     2  freertos.o(i.event_handle)
    fputc                                    0x08006531   Thumb Code    18  fputc.o(i.fputc)
    get_msgid                                0x08006575   Thumb Code   132  dm_log_report.o(i.get_msgid)
    infra_strtok                             0x08006639   Thumb Code   178  infra_string.o(i.infra_strtok)
    iotx_cm_pub                              0x080066f1   Thumb Code    70  iotx_cm.o(i.iotx_cm_pub)
    iotx_dm_log_post                         0x08006741   Thumb Code    46  dm_api.o(i.iotx_dm_log_post)
    iotx_dm_set_opt                          0x0800676f   Thumb Code     6  dm_api.o(i.iotx_dm_set_opt)
    iotx_event_callback                      0x08006775   Thumb Code    22  infra_compat.o(i.iotx_event_callback)
    iotx_facility_json_print                 0x08006791   Thumb Code   558  infra_prt_nwk_payload.o(i.iotx_facility_json_print)
    iotx_net_connect                         0x0800784d   Thumb Code    40  infra_net.o(i.iotx_net_connect)
    iotx_net_disconnect                      0x08007875   Thumb Code    32  infra_net.o(i.iotx_net_disconnect)
    iotx_net_init                            0x08007895   Thumb Code    58  infra_net.o(i.iotx_net_init)
    iotx_report_devinfo                      0x080078e1   Thumb Code   170  infra_report.o(i.iotx_report_devinfo)
    iotx_report_firmware_version             0x080079bd   Thumb Code   156  infra_report.o(i.iotx_report_firmware_version)
    iotx_report_id                           0x08007aa1   Thumb Code    18  infra_report.o(i.iotx_report_id)
    iotx_report_mid                          0x08007ab9   Thumb Code     4  infra_report.o(i.iotx_report_mid)
    iotx_set_report_func                     0x08007abd   Thumb Code     6  infra_report.o(i.iotx_set_report_func)
    iotx_time_init                           0x08007ac9   Thumb Code    10  infra_timer.o(i.iotx_time_init)
    iotx_time_left                           0x08007ad3   Thumb Code    26  infra_timer.o(i.iotx_time_left)
    iotx_time_start                          0x08007aed   Thumb Code    14  infra_timer.o(i.iotx_time_start)
    lite_cjson_array_item                    0x08007afb   Thumb Code   194  infra_cjson.o(i.lite_cjson_array_item)
    lite_cjson_is_object                     0x08007bbd   Thumb Code    22  infra_cjson.o(i.lite_cjson_is_object)
    lite_cjson_object_item                   0x08007bd3   Thumb Code   246  infra_cjson.o(i.lite_cjson_object_item)
    lite_cjson_parse                         0x08007cc9   Thumb Code    86  infra_cjson.o(i.lite_cjson_parse)
    lte_ip_init                              0x08007d25   Thumb Code   398  wrapper.o(i.lte_ip_init)
    lte_uart_init                            0x08007f59   Thumb Code   338  wrapper.o(i.lte_uart_init)
    main                                     0x0800810d   Thumb Code    34  main.o(i.main)
    message_arrive                           0x0800813b   Thumb Code     2  freertos.o(i.message_arrive)
    osDelay                                  0x0800813d   Thumb Code    14  cmsis_os.o(i.osDelay)
    osKernelStart                            0x0800814b   Thumb Code    10  cmsis_os.o(i.osKernelStart)
    osThreadCreate                           0x08008155   Thumb Code    84  cmsis_os.o(i.osThreadCreate)
    parse_msg_id                             0x08008271   Thumb Code    44  dm_log_report.o(i.parse_msg_id)
    publish                                  0x08008a79   Thumb Code   160  freertos.o(i.publish)
    push_log                                 0x08008b39   Thumb Code    44  dm_log_report.o(i.push_log)
    pvPortMalloc                             0x08008b69   Thumb Code   210  heap_4.o(i.pvPortMalloc)
    pvTaskIncrementMutexHeldCount            0x08008c41   Thumb Code    18  tasks.o(i.pvTaskIncrementMutexHeldCount)
    pxPortInitialiseStack                    0x08008c59   Thumb Code    32  port.o(i.pxPortInitialiseStack)
    readChar                                 0x08008c7d   Thumb Code    12  mqttpacket.o(i.readChar)
    readInt                                  0x08008c89   Thumb Code    18  mqttpacket.o(i.readInt)
    readMQTTLenString                        0x08008c9b   Thumb Code    52  mqttpacket.o(i.readMQTTLenString)
    remove_log_poll                          0x08008cd1   Thumb Code    22  dm_log_report.o(i.remove_log_poll)
    reset_log_poll                           0x08008ced   Thumb Code    34  dm_log_report.o(i.reset_log_poll)
    send_permance_info                       0x08008d15   Thumb Code   156  dm_log_report.o(i.send_permance_info)
    set_target_msg                           0x08008db9   Thumb Code    56  dm_log_report.o(i.set_target_msg)
    stop_sample                              0x08008df9   Thumb Code    36  dm_log_report.o(i.stop_sample)
    strtod                                   0x08008e21   Thumb Code    28  strtod.o(i.strtod)
    subscribe                                0x08008e3d   Thumb Code   130  freertos.o(i.subscribe)
    utils_hmac_sha256                        0x08008ed9   Thumb Code   180  infra_sha256.o(i.utils_hmac_sha256)
    utils_net_read                           0x08008f8d   Thumb Code    22  infra_net.o(i.utils_net_read)
    utils_net_write                          0x08008fa3   Thumb Code    22  infra_net.o(i.utils_net_write)
    utils_sha256_finish                      0x08008fb9   Thumb Code   288  infra_sha256.o(i.utils_sha256_finish)
    utils_sha256_init                        0x080090dd   Thumb Code     6  infra_sha256.o(i.utils_sha256_init)
    utils_sha256_process                     0x080090e5   Thumb Code   288  infra_sha256.o(i.utils_sha256_process)
    utils_sha256_starts                      0x08009209   Thumb Code    42  infra_sha256.o(i.utils_sha256_starts)
    utils_sha256_update                      0x08009255   Thumb Code   112  infra_sha256.o(i.utils_sha256_update)
    utils_time_countdown_ms                  0x080092c5   Thumb Code    18  infra_timer.o(i.utils_time_countdown_ms)
    utils_time_is_expired                    0x080092d7   Thumb Code    30  infra_timer.o(i.utils_time_is_expired)
    utils_time_spend                         0x080092f5   Thumb Code    20  infra_timer.o(i.utils_time_spend)
    uxListRemove                             0x08009309   Thumb Code    38  list.o(i.uxListRemove)
    vApplicationGetIdleTaskMemory            0x08009331   Thumb Code    16  freertos.o(i.vApplicationGetIdleTaskMemory)
    vListInitialise                          0x08009345   Thumb Code    22  list.o(i.vListInitialise)
    vListInitialiseItem                      0x0800935b   Thumb Code     6  list.o(i.vListInitialiseItem)
    vListInsert                              0x08009361   Thumb Code    48  list.o(i.vListInsert)
    vListInsertEnd                           0x08009391   Thumb Code    24  list.o(i.vListInsertEnd)
    vPortEnterCritical                       0x080093a9   Thumb Code    54  port.o(i.vPortEnterCritical)
    vPortExitCritical                        0x080093e9   Thumb Code    34  port.o(i.vPortExitCritical)
    vPortFree                                0x08009411   Thumb Code    88  heap_4.o(i.vPortFree)
    vPortSetupTimerInterrupt                 0x0800946d   Thumb Code    32  port.o(i.vPortSetupTimerInterrupt)
    vQueueDelete                             0x08009491   Thumb Code    46  queue.o(i.vQueueDelete)
    vQueueUnregisterQueue                    0x080094c1   Thumb Code    36  queue.o(i.vQueueUnregisterQueue)
    vTaskDelay                               0x080094e9   Thumb Code    66  tasks.o(i.vTaskDelay)
    vTaskInternalSetTimeOutState             0x08009535   Thumb Code    12  tasks.o(i.vTaskInternalSetTimeOutState)
    vTaskMissedYield                         0x08009545   Thumb Code     8  tasks.o(i.vTaskMissedYield)
    vTaskPlaceOnEventList                    0x08009551   Thumb Code    44  tasks.o(i.vTaskPlaceOnEventList)
    vTaskPriorityDisinheritAfterTimeout      0x08009581   Thumb Code   160  tasks.o(i.vTaskPriorityDisinheritAfterTimeout)
    vTaskStartScheduler                      0x08009629   Thumb Code    90  tasks.o(i.vTaskStartScheduler)
    vTaskSuspendAll                          0x08009695   Thumb Code    10  tasks.o(i.vTaskSuspendAll)
    vTaskSwitchContext                       0x080096a5   Thumb Code    82  tasks.o(i.vTaskSwitchContext)
    wrapper_mqtt_check_state                 0x08009701   Thumb Code    22  iotx_mqtt_client.o(i.wrapper_mqtt_check_state)
    wrapper_mqtt_connect                     0x08009719   Thumb Code    70  iotx_mqtt_client.o(i.wrapper_mqtt_connect)
    wrapper_mqtt_init                        0x08009765   Thumb Code    42  iotx_mqtt_client.o(i.wrapper_mqtt_init)
    wrapper_mqtt_publish                     0x0800978f   Thumb Code   132  iotx_mqtt_client.o(i.wrapper_mqtt_publish)
    wrapper_mqtt_release                     0x08009815   Thumb Code   224  iotx_mqtt_client.o(i.wrapper_mqtt_release)
    wrapper_mqtt_subscribe                   0x080098f5   Thumb Code   116  iotx_mqtt_client.o(i.wrapper_mqtt_subscribe)
    wrapper_mqtt_yield                       0x08009969   Thumb Code    64  iotx_mqtt_client.o(i.wrapper_mqtt_yield)
    writeCString                             0x080099a9   Thumb Code    40  mqttpacket.o(i.writeCString)
    writeChar                                0x080099d1   Thumb Code    12  mqttpacket.o(i.writeChar)
    writeInt                                 0x080099dd   Thumb Code    30  mqttpacket.o(i.writeInt)
    writeMQTTString                          0x080099fb   Thumb Code    54  mqttpacket.o(i.writeMQTTString)
    xPortStartScheduler                      0x08009a31   Thumb Code   154  port.o(i.xPortStartScheduler)
    xQueueCreateCountingSemaphore            0x08009ad9   Thumb Code    58  queue.o(i.xQueueCreateCountingSemaphore)
    xQueueCreateMutex                        0x08009b13   Thumb Code    22  queue.o(i.xQueueCreateMutex)
    xQueueGenericCreate                      0x08009b29   Thumb Code    72  queue.o(i.xQueueGenericCreate)
    xQueueGenericReset                       0x08009b71   Thumb Code   132  queue.o(i.xQueueGenericReset)
    xQueueGenericSend                        0x08009bf9   Thumb Code   346  queue.o(i.xQueueGenericSend)
    xQueueSemaphoreTake                      0x08009d59   Thumb Code   372  queue.o(i.xQueueSemaphoreTake)
    xTaskCheckForTimeOut                     0x08009ed1   Thumb Code   112  tasks.o(i.xTaskCheckForTimeOut)
    xTaskCreate                              0x08009f45   Thumb Code    90  tasks.o(i.xTaskCreate)
    xTaskCreateStatic                        0x08009f9f   Thumb Code    86  tasks.o(i.xTaskCreateStatic)
    xTaskGetSchedulerState                   0x08009ff5   Thumb Code    22  tasks.o(i.xTaskGetSchedulerState)
    xTaskGetTickCount                        0x0800a011   Thumb Code     6  tasks.o(i.xTaskGetTickCount)
    xTaskIncrementTick                       0x0800a01d   Thumb Code   192  tasks.o(i.xTaskIncrementTick)
    xTaskPriorityDisinherit                  0x0800a0e5   Thumb Code   144  tasks.o(i.xTaskPriorityDisinherit)
    xTaskPriorityInherit                     0x0800a17d   Thumb Code   138  tasks.o(i.xTaskPriorityInherit)
    xTaskRemoveFromEventList                 0x0800a211   Thumb Code   108  tasks.o(i.xTaskRemoveFromEventList)
    xTaskResumeAll                           0x0800a285   Thumb Code   182  tasks.o(i.xTaskResumeAll)
    AHBPrescTable                            0x0800a364   Data          16  system_stm32f1xx.o(.constdata)
    APBPrescTable                            0x0800a374   Data           8  system_stm32f1xx.o(.constdata)
    THING_LOG_POST_PARAMS_BODY               0x0800a37c   Data           8  dm_log_report.o(.constdata)
    THING_LOG_POST_PARAMS_HEAD               0x0800a384   Data          14  dm_log_report.o(.constdata)
    THING_LOG_POST_PARAMS_END                0x0800a392   Data           9  dm_log_report.o(.constdata)
    DM_MSG_SEND_MSG_TIMEOUT_FMT              0x0800a39b   Data          31  dm_message.o(.constdata)
    DM_MSG_REQUEST                           0x0800a3ba   Data          55  dm_message.o(.constdata)
    DM_MSG_RESPONSE_WITH_DATA                0x0800a3f1   Data          36  dm_message.o(.constdata)
    DM_MSG_THING_MODEL_DOWN_FMT              0x0800a415   Data          30  dm_message.o(.constdata)
    DM_MSG_PROPERTY_SET_FMT                  0x0800a433   Data          41  dm_message.o(.constdata)
    DM_MSG_THING_PROPERTY_GET_FMT            0x0800a45c   Data          51  dm_message.o(.constdata)
    DM_MSG_SERVICE_REQUEST_FMT               0x0800a48f   Data          70  dm_message.o(.constdata)
    DM_MSG_EVENT_RRPC_REQUEST_FMT            0x0800a4d5   Data          75  dm_message.o(.constdata)
    DM_MSG_EVENT_PROPERTY_POST_REPLY_FMT     0x0800a520   Data          46  dm_message.o(.constdata)
    DM_MSG_EVENT_SPECIFIC_POST_REPLY_FMT     0x0800a54e   Data          65  dm_message.o(.constdata)
    DM_MSG_EVENT_DEVICEINFO_UPDATE_REPLY_FMT 0x0800a58f   Data          31  dm_message.o(.constdata)
    DM_MSG_EVENT_DEVICEINFO_DELETE_REPLY_FMT 0x0800a5ae   Data          31  dm_message.o(.constdata)
    DM_MSG_THING_NTP_RESPONSE_FMT            0x0800a5cd   Data          15  dm_message.o(.constdata)
    DM_URI_SYS_PREFIX                        0x0800a5dc   Data          12  dm_msg_process.o(.constdata)
    DM_URI_THING_LOG_POST                    0x0800a5e8   Data          15  dm_msg_process.o(.constdata)
    __ctype_table                            0x0800a790   Data         129  ctype_o.o(.constdata)
    Region$$Table$$Base                      0x0800ab28   Number         0  anon$$obj.o(Region$$Table)
    Region$$Table$$Limit                     0x0800ab48   Number         0  anon$$obj.o(Region$$Table)
    Task_LedHandle                           0x20000000   Data           4  freertos.o(.data)
    DMA_Usart_RxSize                         0x20000004   Data           1  usart.o(.data)
    RxBuf_LOCK                               0x20000005   Data           1  usart.o(.data)
    RxBufSize                                0x20000006   Data           1  usart.o(.data)
    uwTickFreq                               0x20000008   Data           1  stm32f1xx_hal.o(.data)
    uwTickPrio                               0x2000000c   Data           4  stm32f1xx_hal.o(.data)
    uwTick                                   0x20000010   Data           4  stm32f1xx_hal.o(.data)
    SystemCoreClock                          0x20000014   Data           4  system_stm32f1xx.o(.data)
    g_report_status                          0x20000024   Data           1  dm_log_report.o(.data)
    g_log_poll                               0x20000028   Data           4  dm_log_report.o(.data)
    clientid_kv                              0x20000060   Data          56  dev_sign_mqtt.o(.data)
    g_infra_mqtt_domain                      0x20000128   Data          24  infra_defs.o(.data)
    g_infra_http_domain                      0x20000140   Data          24  infra_defs.o(.data)
    DEVICE_INFO_UPDATE_FMT                   0x2000017c   Data           4  infra_report.o(.data)
    pxCurrentTCB                             0x200001b0   Data           4  tasks.o(.data)
    __stdout                                 0x20000210   Data           4  stdout.o(.data)
    htim3                                    0x200004ec   Data          64  tim.o(.bss)
    RxDMABuf                                 0x2000062b   Data         255  usart.o(.bss)
    RxBuf                                    0x2000072a   Data         255  usart.o(.bss)
    huart1                                   0x2000082c   Data          64  usart.o(.bss)
    hdma_usart1_rx                           0x2000086c   Data          68  usart.o(.bss)
    hdma_usart1_tx                           0x200008b0   Data          68  usart.o(.bss)
    htim2                                    0x200008f4   Data          64  stm32f1xx_hal_timebase_tim.o(.bss)
    msg_array                                0x20000cd4   Data          64  dm_log_report.o(.bss)
    g_sdk_impl_ctx                           0x20000d30   Data         224  infra_compat.o(.bss)
    g_default_sign                           0x20000e38   Data         396  mqtt_api.o(.bss)
    xQueueRegistry                           0x200011e0   Data          64  queue.o(.bss)
    __initial_sp                             0x20002310   Data           0  startup_stm32f103xe.o(STACK)



==============================================================================

Memory Map of the image

  Image Entry point : 0x08000131

  Load Region LR_IROM1 (Base: 0x08000000, Size: 0x0000ad60, Max: 0x00080000, ABSOLUTE, COMPRESSED[0x0000abf0])

    Execution Region ER_IROM1 (Base: 0x08000000, Size: 0x0000ab48, Max: 0x00080000, ABSOLUTE)

    Base Addr    Size         Type   Attr      Idx    E Section Name        Object

    0x08000000   0x00000130   Data   RO            3    RESET               startup_stm32f103xe.o
    0x08000130   0x00000000   Code   RO         8124  * .ARM.Collect$$$$00000000  mc_w.l(entry.o)
    0x08000130   0x00000004   Code   RO         8459    .ARM.Collect$$$$00000001  mc_w.l(entry2.o)
    0x08000134   0x00000004   Code   RO         8462    .ARM.Collect$$$$00000004  mc_w.l(entry5.o)
    0x08000138   0x00000000   Code   RO         8464    .ARM.Collect$$$$00000008  mc_w.l(entry7b.o)
    0x08000138   0x00000000   Code   RO         8466    .ARM.Collect$$$$0000000A  mc_w.l(entry8b.o)
    0x08000138   0x00000008   Code   RO         8467    .ARM.Collect$$$$0000000B  mc_w.l(entry9a.o)
    0x08000140   0x00000000   Code   RO         8469    .ARM.Collect$$$$0000000D  mc_w.l(entry10a.o)
    0x08000140   0x00000000   Code   RO         8471    .ARM.Collect$$$$0000000F  mc_w.l(entry11a.o)
    0x08000140   0x00000004   Code   RO         8460    .ARM.Collect$$$$00002712  mc_w.l(entry2.o)
    0x08000144   0x00000096   Code   RO         8043    .emb_text           port.o
    0x080001da   0x00000002   PAD
    0x080001dc   0x00000024   Code   RO            4    .text               startup_stm32f103xe.o
    0x08000200   0x00000020   Code   RO         8130    .text               mc_w.l(llushr.o)
    0x08000220   0x00000024   Code   RO         8136    .text               mc_w.l(memcpya.o)
    0x08000244   0x00000024   Code   RO         8140    .text               mc_w.l(memseta.o)
    0x08000268   0x00000024   Code   RO         8144    .text               mc_w.l(strstr.o)
    0x0800028c   0x00000018   Code   RO         8146    .text               mc_w.l(strncpy.o)
    0x080002a4   0x00000014   Code   RO         8148    .text               mc_w.l(strchr.o)
    0x080002b8   0x0000000e   Code   RO         8150    .text               mc_w.l(strlen.o)
    0x080002c6   0x0000001a   Code   RO         8154    .text               mc_w.l(memcmp.o)
    0x080002e0   0x00000012   Code   RO         8156    .text               mc_w.l(strcpy.o)
    0x080002f2   0x0000001e   Code   RO         8158    .text               mc_w.l(strncmp.o)
    0x08000310   0x00000338   Code   RO         8443    .text               mc_w.l(scanf_fp.o)
    0x08000648   0x0000001a   Code   RO         8447    .text               mc_w.l(atoi.o)
    0x08000662   0x0000003e   Code   RO         8451    .text               mf_w.l(dfixi.o)
    0x080006a0   0x00000030   Code   RO         8455    .text               mf_w.l(cdcmple.o)
    0x080006d0   0x00000030   Code   RO         8457    .text               mf_w.l(cdrcmple.o)
    0x08000700   0x0000002c   Code   RO         8475    .text               mc_w.l(uidiv.o)
    0x0800072c   0x00000062   Code   RO         8477    .text               mc_w.l(uldiv.o)
    0x0800078e   0x00000040   Code   RO         8492    .text               mc_w.l(_sgetc.o)
    0x080007ce   0x00000002   PAD
    0x080007d0   0x0000009c   Code   RO         8494    .text               mc_w.l(strtod.o)
    0x0800086c   0x00000070   Code   RO         8496    .text               mc_w.l(strtol.o)
    0x080008dc   0x00000000   Code   RO         8498    .text               mc_w.l(iusefp.o)
    0x080008dc   0x000000ba   Code   RO         8499    .text               mf_w.l(depilogue.o)
    0x08000996   0x0000014e   Code   RO         8501    .text               mf_w.l(dadd.o)
    0x08000ae4   0x000000e4   Code   RO         8503    .text               mf_w.l(dmul.o)
    0x08000bc8   0x000000de   Code   RO         8505    .text               mf_w.l(ddiv.o)
    0x08000ca6   0x00000018   Code   RO         8507    .text               mf_w.l(dfltul.o)
    0x08000cbe   0x00000030   Code   RO         8509    .text               mf_w.l(dfixul.o)
    0x08000cee   0x00000038   Code   RO         8511    .text               mf_w.l(d2f.o)
    0x08000d26   0x00000002   PAD
    0x08000d28   0x00000024   Code   RO         8513    .text               mc_w.l(init.o)
    0x08000d4c   0x00000000   Code   RO         8515    .text               mc_w.l(semi.o)
    0x08000d4c   0x0000001e   Code   RO         8516    .text               mc_w.l(llshl.o)
    0x08000d6a   0x00000024   Code   RO         8518    .text               mc_w.l(llsshr.o)
    0x08000d8e   0x00000002   PAD
    0x08000d90   0x00000008   Code   RO         8522    .text               mc_w.l(ctype_o.o)
    0x08000d98   0x00000012   Code   RO         8544    .text               mc_w.l(isspace_o.o)
    0x08000daa   0x0000009e   Code   RO         8552    .text               mc_w.l(_strtoul.o)
    0x08000e48   0x00000000   Code   RO         8554    .text               mc_w.l(iusesemip.o)
    0x08000e48   0x0000006e   Code   RO         8555    .text               mf_w.l(fepilogue.o)
    0x08000eb6   0x0000001c   Code   RO         8560    .text               mc_w.l(_chval.o)
    0x08000ed2   0x00000056   Code   RO         8570    .text               mc_w.l(__dczerorl2.o)
    0x08000f28   0x0000002c   Code   RO         3289    i.AT_TCP_Destroy    at_tcp.o
    0x08000f54   0x00000148   Code   RO         3290    i.AT_TCP_Establish  at_tcp.o
    0x0800109c   0x000000b8   Code   RO         3291    i.AT_TCP_Read       at_tcp.o
    0x08001154   0x00000094   Code   RO         3292    i.AT_TCP_Write      at_tcp.o
    0x080011e8   0x00000002   Code   RO          476    i.BusFault_Handler  stm32f1xx_it.o
    0x080011ea   0x00000002   PAD
    0x080011ec   0x0000000c   Code   RO          477    i.DMA1_Channel4_IRQHandler  stm32f1xx_it.o
    0x080011f8   0x0000000c   Code   RO          478    i.DMA1_Channel5_IRQHandler  stm32f1xx_it.o
    0x08001204   0x0000002a   Code   RO         1101    i.DMA_SetConfig     stm32f1xx_hal_dma.o
    0x0800122e   0x00000002   Code   RO          479    i.DebugMon_Handler  stm32f1xx_it.o
    0x08001230   0x00000002   Code   RO           13    i.Error_Handler     main.o
    0x08001232   0x00000004   Code   RO         6593    i.HAL_AT_CONN_Close  wrapper.o
    0x08001236   0x00000002   PAD
    0x08001238   0x00000024   Code   RO         6595    i.HAL_AT_CONN_DomainToIp  wrapper.o
    0x0800125c   0x00000084   Code   RO         6596    i.HAL_AT_CONN_Init  wrapper.o
    0x080012e0   0x00000004   Code   RO         6597    i.HAL_AT_CONN_Send  wrapper.o
    0x080012e4   0x00000004   Code   RO         6598    i.HAL_AT_CONN_Start  wrapper.o
    0x080012e8   0x00000030   Code   RO         6600    i.HAL_AT_Uart_Init  wrapper.o
    0x08001318   0x00000080   Code   RO         6601    i.HAL_AT_Uart_Recv  wrapper.o
    0x08001398   0x00000044   Code   RO         6602    i.HAL_AT_Uart_Send  wrapper.o
    0x080013dc   0x00000046   Code   RO         1102    i.HAL_DMA_Abort     stm32f1xx_hal_dma.o
    0x08001422   0x00000002   PAD
    0x08001424   0x00000130   Code   RO         1103    i.HAL_DMA_Abort_IT  stm32f1xx_hal_dma.o
    0x08001554   0x00000248   Code   RO         1107    i.HAL_DMA_IRQHandler  stm32f1xx_hal_dma.o
    0x0800179c   0x0000007c   Code   RO         1108    i.HAL_DMA_Init      stm32f1xx_hal_dma.o
    0x08001818   0x00000070   Code   RO         1112    i.HAL_DMA_Start_IT  stm32f1xx_hal_dma.o
    0x08001888   0x00000004   Code   RO         6603    i.HAL_Free          wrapper.o
    0x0800188c   0x000001f8   Code   RO         1038    i.HAL_GPIO_Init     stm32f1xx_hal_gpio.o
    0x08001a84   0x0000000a   Code   RO         1042    i.HAL_GPIO_WritePin  stm32f1xx_hal_gpio.o
    0x08001a8e   0x00000002   PAD
    0x08001a90   0x00000030   Code   RO         6604    i.HAL_GetDeviceName  wrapper.o
    0x08001ac0   0x00000040   Code   RO         6605    i.HAL_GetDeviceSecret  wrapper.o
    0x08001b00   0x0000003c   Code   RO         6606    i.HAL_GetFirmwareVersion  wrapper.o
    0x08001b3c   0x00000028   Code   RO         6607    i.HAL_GetProductKey  wrapper.o
    0x08001b64   0x0000000c   Code   RO          734    i.HAL_GetTick       stm32f1xx_hal.o
    0x08001b70   0x00000010   Code   RO          740    i.HAL_IncTick       stm32f1xx_hal.o
    0x08001b80   0x00000024   Code   RO          741    i.HAL_Init          stm32f1xx_hal.o
    0x08001ba4   0x00000074   Code   RO          588    i.HAL_InitTick      stm32f1xx_hal_timebase_tim.o
    0x08001c18   0x00000004   Code   RO         6609    i.HAL_Malloc        wrapper.o
    0x08001c1c   0x00000048   Code   RO          564    i.HAL_MspInit       stm32f1xx_hal_msp.o
    0x08001c64   0x00000006   Code   RO         6610    i.HAL_MutexCreate   wrapper.o
    0x08001c6a   0x0000000a   Code   RO         6611    i.HAL_MutexDestroy  wrapper.o
    0x08001c74   0x0000001e   Code   RO         6612    i.HAL_MutexLock     wrapper.o
    0x08001c92   0x00000010   Code   RO         6613    i.HAL_MutexUnlock   wrapper.o
    0x08001ca2   0x0000001a   Code   RO         1198    i.HAL_NVIC_EnableIRQ  stm32f1xx_hal_cortex.o
    0x08001cbc   0x00000040   Code   RO         1204    i.HAL_NVIC_SetPriority  stm32f1xx_hal_cortex.o
    0x08001cfc   0x00000024   Code   RO         1205    i.HAL_NVIC_SetPriorityGrouping  stm32f1xx_hal_cortex.o
    0x08001d20   0x0000001c   Code   RO         6614    i.HAL_Printf        wrapper.o
    0x08001d3c   0x0000012c   Code   RO          898    i.HAL_RCC_ClockConfig  stm32f1xx_hal_rcc.o
    0x08001e68   0x00000040   Code   RO          902    i.HAL_RCC_GetClockConfig  stm32f1xx_hal_rcc.o
    0x08001ea8   0x00000020   Code   RO          905    i.HAL_RCC_GetPCLK1Freq  stm32f1xx_hal_rcc.o
    0x08001ec8   0x00000020   Code   RO          906    i.HAL_RCC_GetPCLK2Freq  stm32f1xx_hal_rcc.o
    0x08001ee8   0x0000006c   Code   RO          907    i.HAL_RCC_GetSysClockFreq  stm32f1xx_hal_rcc.o
    0x08001f54   0x00000320   Code   RO          910    i.HAL_RCC_OscConfig  stm32f1xx_hal_rcc.o
    0x08002274   0x00000008   Code   RO         6616    i.HAL_SemaphoreCreate  wrapper.o
    0x0800227c   0x0000000a   Code   RO         6617    i.HAL_SemaphoreDestroy  wrapper.o
    0x08002286   0x00000010   Code   RO         6618    i.HAL_SemaphorePost  wrapper.o
    0x08002296   0x00000018   Code   RO         6619    i.HAL_SemaphoreWait  wrapper.o
    0x080022ae   0x00000004   Code   RO         6624    i.HAL_SleepMs       wrapper.o
    0x080022b2   0x00000012   Code   RO         6625    i.HAL_Snprintf      wrapper.o
    0x080022c4   0x00000002   Code   RO         2375    i.HAL_TIMEx_BreakCallback  stm32f1xx_hal_tim_ex.o
    0x080022c6   0x00000002   Code   RO         2376    i.HAL_TIMEx_CommutCallback  stm32f1xx_hal_tim_ex.o
    0x080022c8   0x00000042   Code   RO         2393    i.HAL_TIMEx_MasterConfigSynchronization  stm32f1xx_hal_tim_ex.o
    0x0800230a   0x00000036   Code   RO         1700    i.HAL_TIM_Base_Init  stm32f1xx_hal_tim.o
    0x08002340   0x0000003c   Code   RO          373    i.HAL_TIM_Base_MspInit  tim.o
    0x0800237c   0x00000022   Code   RO         1705    i.HAL_TIM_Base_Start_IT  stm32f1xx_hal_tim.o
    0x0800239e   0x000000d6   Code   RO         1709    i.HAL_TIM_ConfigClockSource  stm32f1xx_hal_tim.o
    0x08002474   0x00000002   Code   RO         1729    i.HAL_TIM_IC_CaptureCallback  stm32f1xx_hal_tim.o
    0x08002476   0x00000166   Code   RO         1743    i.HAL_TIM_IRQHandler  stm32f1xx_hal_tim.o
    0x080025dc   0x00000002   Code   RO         1746    i.HAL_TIM_OC_DelayElapsedCallback  stm32f1xx_hal_tim.o
    0x080025de   0x00000002   Code   RO         1773    i.HAL_TIM_PWM_PulseFinishedCallback  stm32f1xx_hal_tim.o
    0x080025e0   0x0000000e   Code   RO           14    i.HAL_TIM_PeriodElapsedCallback  main.o
    0x080025ee   0x00000002   Code   RO         1786    i.HAL_TIM_TriggerCallback  stm32f1xx_hal_tim.o
    0x080025f0   0x00000060   Code   RO         6627    i.HAL_ThreadCreate  wrapper.o
    0x08002650   0x00000058   Code   RO         2645    i.HAL_UART_DMAStop  stm32f1xx_hal_uart.o
    0x080026a8   0x00000002   Code   RO         2647    i.HAL_UART_ErrorCallback  stm32f1xx_hal_uart.o
    0x080026aa   0x00000002   PAD
    0x080026ac   0x00000110   Code   RO         2650    i.HAL_UART_IRQHandler  stm32f1xx_hal_uart.o
    0x080027bc   0x00000062   Code   RO         2651    i.HAL_UART_Init     stm32f1xx_hal_uart.o
    0x0800281e   0x00000002   PAD
    0x08002820   0x000000dc   Code   RO          415    i.HAL_UART_MspInit  usart.o
    0x080028fc   0x00000098   Code   RO         2655    i.HAL_UART_Receive_DMA  stm32f1xx_hal_uart.o
    0x08002994   0x00000052   Code   RO         2656    i.HAL_UART_Receive_IT  stm32f1xx_hal_uart.o
    0x080029e6   0x00000002   PAD
    0x080029e8   0x00000030   Code   RO         6628    i.HAL_UART_RxCpltCallback  wrapper.o
    0x08002a18   0x00000002   Code   RO         2658    i.HAL_UART_RxHalfCpltCallback  stm32f1xx_hal_uart.o
    0x08002a1a   0x0000003e   Code   RO         2661    i.HAL_UART_Transmit_IT  stm32f1xx_hal_uart.o
    0x08002a58   0x0000000c   Code   RO         6629    i.HAL_UART_TxCpltCallback  wrapper.o
    0x08002a64   0x0000000a   Code   RO         6630    i.HAL_UptimeMs      wrapper.o
    0x08002a6e   0x00000002   Code   RO          480    i.HardFault_Handler  stm32f1xx_it.o
    0x08002a70   0x0000001e   Code   RO         2987    i.IOT_ATM_Init      at_api.o
    0x08002a8e   0x00000002   PAD
    0x08002a90   0x00000104   Code   RO         5017    i.IOT_Ioctl         infra_compat.o
    0x08002b94   0x00000248   Code   RO         5782    i.IOT_MQTT_Construct  mqtt_api.o
    0x08002ddc   0x00000030   Code   RO         5783    i.IOT_MQTT_Destroy  mqtt_api.o
    0x08002e0c   0x00000034   Code   RO         5785    i.IOT_MQTT_Publish  mqtt_api.o
    0x08002e40   0x00000068   Code   RO         5786    i.IOT_MQTT_Publish_Simple  mqtt_api.o
    0x08002ea8   0x0000005c   Code   RO         5787    i.IOT_MQTT_Subscribe  mqtt_api.o
    0x08002f04   0x00000010   Code   RO         5790    i.IOT_MQTT_Yield    mqtt_api.o
    0x08002f14   0x000001b4   Code   RO         4871    i.IOT_Sign_MQTT     dev_sign_mqtt.o
    0x080030c8   0x0000009a   Code   RO         5492    i.MQTTConnect       iotx_mqtt_client.o
    0x08003162   0x0000003e   Code   RO         5912    i.MQTTDeserialize_ack  mqttdeserializepublish.o
    0x080031a0   0x00000056   Code   RO         5870    i.MQTTDeserialize_connack  mqttconnectclient.o
    0x080031f6   0x00000086   Code   RO         5913    i.MQTTDeserialize_publish  mqttdeserializepublish.o
    0x0800327c   0x00000076   Code   RO         6051    i.MQTTDeserialize_suback  mqttsubscribeclient.o
    0x080032f2   0x00000026   Code   RO         6075    i.MQTTDeserialize_unsuback  mqttunsubscribeclient.o
    0x08003318   0x0000005e   Code   RO         5493    i.MQTTDisconnect    iotx_mqtt_client.o
    0x08003376   0x0000008c   Code   RO         5494    i.MQTTKeepalive     iotx_mqtt_client.o
    0x08003402   0x00000036   Code   RO         5930    i.MQTTPacket_decode  mqttpacket.o
    0x08003438   0x00000014   Code   RO         5931    i.MQTTPacket_decodeBuf  mqttpacket.o
    0x0800344c   0x00000028   Code   RO         5932    i.MQTTPacket_encode  mqttpacket.o
    0x08003474   0x00000034   Code   RO         5933    i.MQTTPacket_equals  mqttpacket.o
    0x080034a8   0x00000028   Code   RO         5934    i.MQTTPacket_len    mqttpacket.o
    0x080034d0   0x000000b6   Code   RO         5495    i.MQTTPubInfoProc   iotx_mqtt_client.o
    0x08003586   0x000000ae   Code   RO         5496    i.MQTTPuback        iotx_mqtt_client.o
    0x08003634   0x0000013a   Code   RO         5497    i.MQTTPublish       iotx_mqtt_client.o
    0x0800376e   0x00000002   PAD
    0x08003770   0x00000052   Code   RO         6027    i.MQTTSerialize_ack  mqttserializepublish.o
    0x080037c2   0x00000002   PAD
    0x080037c4   0x00000118   Code   RO         5871    i.MQTTSerialize_connect  mqttconnectclient.o
    0x080038dc   0x00000076   Code   RO         5872    i.MQTTSerialize_connectLength  mqttconnectclient.o
    0x08003952   0x00000006   Code   RO         5873    i.MQTTSerialize_disconnect  mqttconnectclient.o
    0x08003958   0x00000006   Code   RO         5874    i.MQTTSerialize_pingreq  mqttconnectclient.o
    0x0800395e   0x00000090   Code   RO         6028    i.MQTTSerialize_publish  mqttserializepublish.o
    0x080039ee   0x0000001e   Code   RO         6029    i.MQTTSerialize_publishLength  mqttserializepublish.o
    0x08003a0c   0x00000088   Code   RO         6052    i.MQTTSerialize_subscribe  mqttsubscribeclient.o
    0x08003a94   0x0000002e   Code   RO         6053    i.MQTTSerialize_subscribeLength  mqttsubscribeclient.o
    0x08003ac2   0x00000030   Code   RO         5875    i.MQTTSerialize_zero  mqttconnectclient.o
    0x08003af2   0x00000196   Code   RO         5498    i.MQTTSubscribe     iotx_mqtt_client.o
    0x08003c88   0x0000000e   Code   RO         5935    i.MQTTstrlen        mqttpacket.o
    0x08003c96   0x00000002   PAD
    0x08003c98   0x0000003c   Code   RO          242    i.MX_DMA_Init       dma.o
    0x08003cd4   0x00000028   Code   RO          266    i.MX_FREERTOS_Init  freertos.o
    0x08003cfc   0x00000070   Code   RO          199    i.MX_GPIO_Init      gpio.o
    0x08003d6c   0x00000068   Code   RO          374    i.MX_TIM3_Init      tim.o
    0x08003dd4   0x00000050   Code   RO          416    i.MX_USART1_UART_Init  usart.o
    0x08003e24   0x00000002   Code   RO          481    i.MemManage_Handler  stm32f1xx_it.o
    0x08003e26   0x00000002   Code   RO          482    i.NMI_Handler       stm32f1xx_it.o
    0x08003e28   0x000000d8   Code   RO          267    i.StartDefaultTask  freertos.o
    0x08003f00   0x0000002c   Code   RO         8044    i.SysTick_Handler   port.o
    0x08003f2c   0x0000004e   Code   RO           15    i.SystemClock_Config  main.o
    0x08003f7a   0x00000002   PAD
    0x08003f7c   0x00000048   Code   RO         2953    i.SystemInit        system_stm32f1xx.o
    0x08003fc4   0x0000000c   Code   RO          483    i.TIM2_IRQHandler   stm32f1xx_it.o
    0x08003fd0   0x0000000c   Code   RO          484    i.TIM3_IRQHandler   stm32f1xx_it.o
    0x08003fdc   0x0000008c   Code   RO         1788    i.TIM_Base_SetConfig  stm32f1xx_hal_tim.o
    0x08004068   0x00000014   Code   RO         1799    i.TIM_ETR_SetConfig  stm32f1xx_hal_tim.o
    0x0800407c   0x00000010   Code   RO         1800    i.TIM_ITRx_SetConfig  stm32f1xx_hal_tim.o
    0x0800408c   0x00000022   Code   RO         1806    i.TIM_TI1_ConfigInputStage  stm32f1xx_hal_tim.o
    0x080040ae   0x00000024   Code   RO         1808    i.TIM_TI2_ConfigInputStage  stm32f1xx_hal_tim.o
    0x080040d2   0x00000010   Code   RO         2664    i.UART_DMAAbortOnError  stm32f1xx_hal_uart.o
    0x080040e2   0x0000004a   Code   RO         2665    i.UART_DMAError     stm32f1xx_hal_uart.o
    0x0800412c   0x0000003c   Code   RO         2666    i.UART_DMAReceiveCplt  stm32f1xx_hal_uart.o
    0x08004168   0x0000000a   Code   RO         2668    i.UART_DMARxHalfCplt  stm32f1xx_hal_uart.o
    0x08004172   0x0000001c   Code   RO         2674    i.UART_EndRxTransfer  stm32f1xx_hal_uart.o
    0x0800418e   0x00000012   Code   RO         2675    i.UART_EndTxTransfer  stm32f1xx_hal_uart.o
    0x080041a0   0x0000007c   Code   RO          417    i.UART_IDLE_Callback  usart.o
    0x0800421c   0x00000096   Code   RO         2676    i.UART_Receive_IT   stm32f1xx_hal_uart.o
    0x080042b2   0x00000002   PAD
    0x080042b4   0x000000b8   Code   RO         2677    i.UART_SetConfig    stm32f1xx_hal_uart.o
    0x0800436c   0x00000062   Code   RO         2678    i.UART_Transmit_IT  stm32f1xx_hal_uart.o
    0x080043ce   0x00000002   PAD
    0x080043d0   0x00000018   Code   RO          485    i.USART1_IRQHandler  stm32f1xx_it.o
    0x080043e8   0x00000002   Code   RO          486    i.UsageFault_Handler  stm32f1xx_it.o
    0x080043ea   0x00000002   PAD
    0x080043ec   0x00000010   Code   RO         8399    i.__0vprintf        mc_w.l(printfa.o)
    0x080043fc   0x00000024   Code   RO         8400    i.__0vsnprintf      mc_w.l(printfa.o)
    0x08004420   0x00000020   Code   RO         1211    i.__NVIC_SetPriority  stm32f1xx_hal_cortex.o
    0x08004440   0x00000008   Code   RO         8483    i.__aeabi_errno_addr  mc_w.l(errno.o)
    0x08004448   0x0000000e   Code   RO         8564    i.__scatterload_copy  mc_w.l(handlers.o)
    0x08004456   0x00000002   Code   RO         8565    i.__scatterload_null  mc_w.l(handlers.o)
    0x08004458   0x0000000e   Code   RO         8566    i.__scatterload_zeroinit  mc_w.l(handlers.o)
    0x08004466   0x00000002   PAD
    0x08004468   0x0000006c   Code   RO         5500    i._alloc_recv_buffer  iotx_mqtt_client.o
    0x080044d4   0x00000044   Code   RO         5501    i._alloc_send_buffer  iotx_mqtt_client.o
    0x08004518   0x00000014   Code   RO         3329    i._dm_api_lock      dm_api.o
    0x0800452c   0x00000014   Code   RO         3330    i._dm_api_unlock    dm_api.o
    0x08004540   0x0000002c   Code   RO         3876    i._dm_mgr_search_dev_by_devid  dm_manager.o
    0x0800456c   0x0000006c   Code   RO         3878    i._dm_mgr_upstream_request_assemble  dm_manager.o
    0x080045d8   0x0000003c   Code   RO         4723    i._fd_is_valid      iotx_cm.o
    0x08004614   0x00000164   Code   RO         8402    i._fp_digits        mc_w.l(printfa.o)
    0x08004778   0x00000004   Code   RO         3293    i._get_time_ms      at_tcp.o
    0x0800477c   0x00000024   Code   RO         5502    i._handle_event     iotx_mqtt_client.o
    0x080047a0   0x000001d4   Code   RO         4872    i._iotx_generate_sign_string  dev_sign_mqtt.o
    0x08004974   0x0000000e   Code   RO         8445    i._is_digit         mc_w.l(scanf_fp.o)
    0x08004982   0x00000002   PAD
    0x08004984   0x00000098   Code   RO         4909    i._lite_cjson_key_array_index  infra_cjson.o
    0x08004a1c   0x0000010a   Code   RO         4910    i._lite_cjson_object_item  infra_cjson.o
    0x08004b26   0x000000ae   Code   RO         5503    i._mqtt_connect     iotx_mqtt_client.o
    0x08004bd4   0x00000050   Code   RO         5504    i._mqtt_cycle       iotx_mqtt_client.o
    0x08004c24   0x0000004c   Code   RO         5791    i._offline_subs_list_deinit  mqtt_api.o
    0x08004c70   0x000006dc   Code   RO         8403    i._printf_core      mc_w.l(printfa.o)
    0x0800534c   0x00000024   Code   RO         8404    i._printf_post_padding  mc_w.l(printfa.o)
    0x08005370   0x0000002e   Code   RO         8405    i._printf_pre_padding  mc_w.l(printfa.o)
    0x0800539e   0x0000001c   Code   RO         5505    i._reset_recv_buffer  iotx_mqtt_client.o
    0x080053ba   0x0000001c   Code   RO         5506    i._reset_send_buffer  iotx_mqtt_client.o
    0x080053d6   0x00000002   PAD
    0x080053d8   0x00000128   Code   RO         4873    i._sign_get_clientid  dev_sign_mqtt.o
    0x08005500   0x00000016   Code   RO         8406    i._snputc           mc_w.l(printfa.o)
    0x08005516   0x00000018   Code   RO         3294    i._time_left        at_tcp.o
    0x0800552e   0x00000002   PAD
    0x08005530   0x0000004c   Code   RO         3786    i.add_log_header    dm_log_report.o
    0x0800557c   0x00000028   Code   RO         3787    i.add_tail          dm_log_report.o
    0x080055a4   0x00000044   Code   RO         3102    i.at_conn_close     at_conn_mgmt.o
    0x080055e8   0x00000028   Code   RO         3103    i.at_conn_getaddrinfo  at_conn_mgmt.o
    0x08005610   0x00000048   Code   RO         3104    i.at_conn_init      at_conn_mgmt.o
    0x08005658   0x000000ce   Code   RO         3106    i.at_conn_recv      at_conn_mgmt.o
    0x08005726   0x0000002c   Code   RO         3107    i.at_conn_recvbufempty  at_conn_mgmt.o
    0x08005752   0x00000046   Code   RO         3108    i.at_conn_send      at_conn_mgmt.o
    0x08005798   0x0000004c   Code   RO         3109    i.at_conn_setup     at_conn_mgmt.o
    0x080057e4   0x0000008c   Code   RO         3110    i.at_conn_start     at_conn_mgmt.o
    0x08005870   0x00000014   Code   RO         3206    i.at_deinit_task_mutex  at_parser.o
    0x08005884   0x00000014   Code   RO         3207    i.at_deinit_uart_recv_mutex  at_parser.o
    0x08005898   0x0000006e   Code   RO         3111    i.at_freeconn       at_conn_mgmt.o
    0x08005906   0x00000002   PAD
    0x08005908   0x00000058   Code   RO         3208    i.at_getc           at_parser.o
    0x08005960   0x0000001a   Code   RO         3005    i.at_mbox_empty     at_conn_mbox.o
    0x0800597a   0x00000050   Code   RO         3006    i.at_mbox_fetch     at_conn_mbox.o
    0x080059ca   0x0000001c   Code   RO         3007    i.at_mbox_free      at_conn_mbox.o
    0x080059e6   0x00000002   PAD
    0x080059e8   0x00000064   Code   RO         3008    i.at_mbox_new       at_conn_mbox.o
    0x08005a4c   0x0000000a   Code   RO         3010    i.at_mbox_set_invalid  at_conn_mbox.o
    0x08005a56   0x0000001a   Code   RO         3011    i.at_mbox_tryfetch  at_conn_mbox.o
    0x08005a70   0x0000000e   Code   RO         3013    i.at_mbox_valid     at_conn_mbox.o
    0x08005a7e   0x00000002   PAD
    0x08005a80   0x00000058   Code   RO         3112    i.at_newconn        at_conn_mgmt.o
    0x08005ad8   0x00000158   Code   RO         3209    i.at_parser_init    at_parser.o
    0x08005c30   0x0000000c   Code   RO         3211    i.at_recvfrom_lower  at_parser.o
    0x08005c3c   0x0000002a   Code   RO         3014    i.at_ringbuf_available_read_space  at_conn_mbox.o
    0x08005c66   0x00000062   Code   RO         3015    i.at_ringbuf_read   at_conn_mbox.o
    0x08005cc8   0x00000120   Code   RO         3213    i.at_scan_for_callback  at_parser.o
    0x08005de8   0x0000007c   Code   RO         3214    i.at_send_no_reply  at_parser.o
    0x08005e64   0x00000170   Code   RO         3215    i.at_send_wait_reply  at_parser.o
    0x08005fd4   0x00000004   Code   RO         3216    i.at_sendto_lower   at_parser.o
    0x08005fd8   0x000001a8   Code   RO         3217    i.at_worker         at_parser.o
    0x08006180   0x00000024   Code   RO         5936    i.bufchar           mqttpacket.o
    0x080061a4   0x0000002c   Code   RO         4911    i.buffer_skip_whitespace  infra_cjson.o
    0x080061d0   0x0000000a   Code   RO         5507    i.dlist_del         iotx_mqtt_client.o
    0x080061da   0x00000002   PAD
    0x080061dc   0x00000030   Code   RO         3666    i.dm_client_publish  dm_client_adapter.o
    0x0800620c   0x000000b8   Code   RO         3906    i.dm_mgr_upstream_thing_log_post  dm_manager.o
    0x080062c4   0x000000e8   Code   RO         4107    i.dm_msg_request    dm_message.o
    0x080063ac   0x00000030   Code   RO         4452    i.dm_opt_set        dm_opt.o
    0x080063dc   0x00000062   Code   RO         4509    i.dm_utils_json_object_item  dm_utils.o
    0x0800643e   0x00000052   Code   RO         4510    i.dm_utils_json_parse  dm_utils.o
    0x08006490   0x0000009e   Code   RO         4514    i.dm_utils_service_name  dm_utils.o
    0x0800652e   0x00000002   Code   RO          268    i.event_handle      freertos.o
    0x08006530   0x00000012   Code   RO         8473    i.fputc             mc_w.l(fputc.o)
    0x08006542   0x0000000a   Code   RO         3113    i.free_atnetbuf     at_conn_mgmt.o
    0x0800654c   0x0000000a   Code   RO         3114    i.free_payload      at_conn_mgmt.o
    0x08006556   0x00000002   PAD
    0x08006558   0x0000001c   Code   RO         3115    i.get_conn          at_conn_mgmt.o
    0x08006574   0x000000c4   Code   RO         3790    i.get_msgid         dm_log_report.o
    0x08006638   0x000000b8   Code   RO         5396    i.infra_strtok      infra_string.o
    0x080066f0   0x00000050   Code   RO         4729    i.iotx_cm_pub       iotx_cm.o
    0x08006740   0x0000002e   Code   RO         3341    i.iotx_dm_log_post  dm_api.o
    0x0800676e   0x00000006   Code   RO         3351    i.iotx_dm_set_opt   dm_api.o
    0x08006774   0x0000001c   Code   RO         5019    i.iotx_event_callback  infra_compat.o
    0x08006790   0x00000268   Code   RO         5246    i.iotx_facility_json_print  infra_prt_nwk_payload.o
    0x080069f8   0x00000046   Code   RO         5508    i.iotx_mc_check_handle_is_identical  iotx_mqtt_client.o
    0x08006a3e   0x0000004c   Code   RO         5509    i.iotx_mc_check_rule  iotx_mqtt_client.o
    0x08006a8a   0x00000002   PAD
    0x08006a8c   0x0000007c   Code   RO         5510    i.iotx_mc_check_topic  iotx_mqtt_client.o
    0x08006b08   0x00000132   Code   RO         5511    i.iotx_mc_cycle     iotx_mqtt_client.o
    0x08006c3a   0x0000009a   Code   RO         5512    i.iotx_mc_deliver_message  iotx_mqtt_client.o
    0x08006cd4   0x00000018   Code   RO         5513    i.iotx_mc_get_client_state  iotx_mqtt_client.o
    0x08006cec   0x0000002e   Code   RO         5514    i.iotx_mc_get_next_packetid  iotx_mqtt_client.o
    0x08006d1a   0x0000006e   Code   RO         5515    i.iotx_mc_handle_reconnect  iotx_mqtt_client.o
    0x08006d88   0x00000064   Code   RO         5516    i.iotx_mc_handle_recv_CONNACK  iotx_mqtt_client.o
    0x08006dec   0x00000086   Code   RO         5517    i.iotx_mc_handle_recv_PUBACK  iotx_mqtt_client.o
    0x08006e72   0x000000b2   Code   RO         5518    i.iotx_mc_handle_recv_PUBLISH  iotx_mqtt_client.o
    0x08006f24   0x000000b6   Code   RO         5519    i.iotx_mc_handle_recv_SUBACK  iotx_mqtt_client.o
    0x08006fda   0x00000002   PAD
    0x08006fdc   0x00000184   Code   RO         5520    i.iotx_mc_init      iotx_mqtt_client.o
    0x08007160   0x00000064   Code   RO         5521    i.iotx_mc_is_topic_matched  iotx_mqtt_client.o
    0x080071c4   0x00000080   Code   RO         5522    i.iotx_mc_keepalive  iotx_mqtt_client.o
    0x08007244   0x0000006a   Code   RO         5523    i.iotx_mc_keepalive_sub  iotx_mqtt_client.o
    0x080072ae   0x00000088   Code   RO         5524    i.iotx_mc_push_pubInfo_to  iotx_mqtt_client.o
    0x08007336   0x00000002   PAD
    0x08007338   0x00000218   Code   RO         5525    i.iotx_mc_read_packet  iotx_mqtt_client.o
    0x08007550   0x00000060   Code   RO         5526    i.iotx_mc_send_packet  iotx_mqtt_client.o
    0x080075b0   0x0000001a   Code   RO         5527    i.iotx_mc_set_client_state  iotx_mqtt_client.o
    0x080075ca   0x0000008e   Code   RO         5528    i.iotx_mc_set_connect_params  iotx_mqtt_client.o
    0x08007658   0x00000094   Code   RO         5529    i.iotx_mc_wait_CONNACK  iotx_mqtt_client.o
    0x080076ec   0x00000064   Code   RO         5792    i.iotx_mqtt_deal_offline_subs  mqtt_api.o
    0x08007750   0x000000fc   Code   RO         5793    i.iotx_mqtt_offline_subscribe  mqtt_api.o
    0x0800784c   0x00000028   Code   RO         5207    i.iotx_net_connect  infra_net.o
    0x08007874   0x00000020   Code   RO         5208    i.iotx_net_disconnect  infra_net.o
    0x08007894   0x0000004c   Code   RO         5209    i.iotx_net_init     infra_net.o
    0x080078e0   0x000000dc   Code   RO         5265    i.iotx_report_devinfo  infra_report.o
    0x080079bc   0x000000e4   Code   RO         5266    i.iotx_report_firmware_version  infra_report.o
    0x08007aa0   0x00000018   Code   RO         5267    i.iotx_report_id    infra_report.o
    0x08007ab8   0x00000004   Code   RO         5268    i.iotx_report_mid   infra_report.o
    0x08007abc   0x0000000c   Code   RO         5269    i.iotx_set_report_func  infra_report.o
    0x08007ac8   0x0000000a   Code   RO         5444    i.iotx_time_init    infra_timer.o
    0x08007ad2   0x0000001a   Code   RO         5445    i.iotx_time_left    infra_timer.o
    0x08007aec   0x0000000e   Code   RO         5446    i.iotx_time_start   infra_timer.o
    0x08007afa   0x000000c2   Code   RO         4912    i.lite_cjson_array_item  infra_cjson.o
    0x08007bbc   0x00000016   Code   RO         4915    i.lite_cjson_is_object  infra_cjson.o
    0x08007bd2   0x000000f6   Code   RO         4917    i.lite_cjson_object_item  infra_cjson.o
    0x08007cc8   0x0000005c   Code   RO         4919    i.lite_cjson_parse  infra_cjson.o
    0x08007d24   0x00000234   Code   RO         6632    i.lte_ip_init       wrapper.o
    0x08007f58   0x000001b4   Code   RO         6633    i.lte_uart_init     wrapper.o
    0x0800810c   0x00000022   Code   RO           16    i.main              main.o
    0x0800812e   0x0000000c   Code   RO         7615    i.makeFreeRtosPriority  cmsis_os.o
    0x0800813a   0x00000002   Code   RO          269    i.message_arrive    freertos.o
    0x0800813c   0x0000000e   Code   RO         7617    i.osDelay           cmsis_os.o
    0x0800814a   0x0000000a   Code   RO         7620    i.osKernelStart     cmsis_os.o
    0x08008154   0x00000054   Code   RO         7654    i.osThreadCreate    cmsis_os.o
    0x080081a8   0x000000c6   Code   RO         4920    i.parse_array       infra_cjson.o
    0x0800826e   0x00000002   PAD
    0x08008270   0x00000030   Code   RO         3791    i.parse_msg_id      dm_log_report.o
    0x080082a0   0x00000104   Code   RO         4921    i.parse_number      infra_cjson.o
    0x080083a4   0x000000fa   Code   RO         4922    i.parse_object      infra_cjson.o
    0x0800849e   0x0000005e   Code   RO         4923    i.parse_string      infra_cjson.o
    0x080084fc   0x00000118   Code   RO         4924    i.parse_value       infra_cjson.o
    0x08008614   0x00000070   Code   RO         7312    i.prvAddCurrentTaskToDelayedList  tasks.o
    0x08008684   0x000000d0   Code   RO         7313    i.prvAddNewTaskToReadyList  tasks.o
    0x08008754   0x0000006c   Code   RO         6995    i.prvCopyDataToQueue  queue.o
    0x080087c0   0x00000034   Code   RO         7314    i.prvDeleteTCB      tasks.o
    0x080087f4   0x0000004c   Code   RO         7982    i.prvHeapInit       heap_4.o
    0x08008840   0x00000060   Code   RO         7315    i.prvIdleTask       tasks.o
    0x080088a0   0x00000016   Code   RO         6996    i.prvInitialiseMutex  queue.o
    0x080088b6   0x00000016   Code   RO         6997    i.prvInitialiseNewQueue  queue.o
    0x080088cc   0x0000008e   Code   RO         7316    i.prvInitialiseNewTask  tasks.o
    0x0800895a   0x00000002   PAD
    0x0800895c   0x0000004c   Code   RO         7983    i.prvInsertBlockIntoFreeList  heap_4.o
    0x080089a8   0x0000001c   Code   RO         6998    i.prvIsQueueEmpty   queue.o
    0x080089c4   0x00000020   Code   RO         7317    i.prvResetNextTaskUnblockTime  tasks.o
    0x080089e4   0x00000028   Code   RO         8045    i.prvTaskExitError  port.o
    0x08008a0c   0x0000006a   Code   RO         6999    i.prvUnlockQueue    queue.o
    0x08008a76   0x00000002   PAD
    0x08008a78   0x000000c0   Code   RO          270    i.publish           freertos.o
    0x08008b38   0x00000030   Code   RO         3793    i.push_log          dm_log_report.o
    0x08008b68   0x000000d8   Code   RO         7984    i.pvPortMalloc      heap_4.o
    0x08008c40   0x00000018   Code   RO         7319    i.pvTaskIncrementMutexHeldCount  tasks.o
    0x08008c58   0x00000024   Code   RO         8046    i.pxPortInitialiseStack  port.o
    0x08008c7c   0x0000000c   Code   RO         5938    i.readChar          mqttpacket.o
    0x08008c88   0x00000012   Code   RO         5939    i.readInt           mqttpacket.o
    0x08008c9a   0x00000034   Code   RO         5940    i.readMQTTLenString  mqttpacket.o
    0x08008cce   0x00000002   PAD
    0x08008cd0   0x0000001c   Code   RO         3794    i.remove_log_poll   dm_log_report.o
    0x08008cec   0x00000028   Code   RO         3795    i.reset_log_poll    dm_log_report.o
    0x08008d14   0x000000a4   Code   RO         3796    i.send_permance_info  dm_log_report.o
    0x08008db8   0x00000040   Code   RO         3797    i.set_target_msg    dm_log_report.o
    0x08008df8   0x00000028   Code   RO         3798    i.stop_sample       dm_log_report.o
    0x08008e20   0x0000001c   Code   RO         8121    i.strtod            m_ws.l(strtod.o)
    0x08008e3c   0x0000009c   Code   RO          271    i.subscribe         freertos.o
    0x08008ed8   0x000000b4   Code   RO         5328    i.utils_hmac_sha256  infra_sha256.o
    0x08008f8c   0x00000016   Code   RO         5210    i.utils_net_read    infra_net.o
    0x08008fa2   0x00000016   Code   RO         5211    i.utils_net_write   infra_net.o
    0x08008fb8   0x00000124   Code   RO         5330    i.utils_sha256_finish  infra_sha256.o
    0x080090dc   0x00000006   Code   RO         5332    i.utils_sha256_init  infra_sha256.o
    0x080090e2   0x00000002   PAD
    0x080090e4   0x00000124   Code   RO         5333    i.utils_sha256_process  infra_sha256.o
    0x08009208   0x0000004c   Code   RO         5334    i.utils_sha256_starts  infra_sha256.o
    0x08009254   0x00000070   Code   RO         5335    i.utils_sha256_update  infra_sha256.o
    0x080092c4   0x00000012   Code   RO         5447    i.utils_time_countdown_ms  infra_timer.o
    0x080092d6   0x0000001e   Code   RO         5449    i.utils_time_is_expired  infra_timer.o
    0x080092f4   0x00000014   Code   RO         5450    i.utils_time_spend  infra_timer.o
    0x08009308   0x00000026   Code   RO         6954    i.uxListRemove      list.o
    0x0800932e   0x00000002   PAD
    0x08009330   0x00000014   Code   RO          272    i.vApplicationGetIdleTaskMemory  freertos.o
    0x08009344   0x00000016   Code   RO         6955    i.vListInitialise   list.o
    0x0800935a   0x00000006   Code   RO         6956    i.vListInitialiseItem  list.o
    0x08009360   0x00000030   Code   RO         6957    i.vListInsert       list.o
    0x08009390   0x00000018   Code   RO         6958    i.vListInsertEnd    list.o
    0x080093a8   0x00000040   Code   RO         8048    i.vPortEnterCritical  port.o
    0x080093e8   0x00000028   Code   RO         8049    i.vPortExitCritical  port.o
    0x08009410   0x0000005c   Code   RO         7985    i.vPortFree         heap_4.o
    0x0800946c   0x00000024   Code   RO         8050    i.vPortSetupTimerInterrupt  port.o
    0x08009490   0x0000002e   Code   RO         7004    i.vQueueDelete      queue.o
    0x080094be   0x00000002   PAD
    0x080094c0   0x00000028   Code   RO         7005    i.vQueueUnregisterQueue  queue.o
    0x080094e8   0x0000004c   Code   RO         7325    i.vTaskDelay        tasks.o
    0x08009534   0x00000010   Code   RO         7328    i.vTaskInternalSetTimeOutState  tasks.o
    0x08009544   0x0000000c   Code   RO         7329    i.vTaskMissedYield  tasks.o
    0x08009550   0x00000030   Code   RO         7331    i.vTaskPlaceOnEventList  tasks.o
    0x08009580   0x000000a8   Code   RO         7333    i.vTaskPriorityDisinheritAfterTimeout  tasks.o
    0x08009628   0x0000006c   Code   RO         7338    i.vTaskStartScheduler  tasks.o
    0x08009694   0x00000010   Code   RO         7340    i.vTaskSuspendAll   tasks.o
    0x080096a4   0x0000005c   Code   RO         7341    i.vTaskSwitchContext  tasks.o
    0x08009700   0x00000016   Code   RO         5530    i.wrapper_mqtt_check_state  iotx_mqtt_client.o
    0x08009716   0x00000002   PAD
    0x08009718   0x0000004c   Code   RO         5531    i.wrapper_mqtt_connect  iotx_mqtt_client.o
    0x08009764   0x0000002a   Code   RO         5532    i.wrapper_mqtt_init  iotx_mqtt_client.o
    0x0800978e   0x00000084   Code   RO         5533    i.wrapper_mqtt_publish  iotx_mqtt_client.o
    0x08009812   0x00000002   PAD
    0x08009814   0x000000e0   Code   RO         5534    i.wrapper_mqtt_release  iotx_mqtt_client.o
    0x080098f4   0x00000074   Code   RO         5535    i.wrapper_mqtt_subscribe  iotx_mqtt_client.o
    0x08009968   0x00000040   Code   RO         5538    i.wrapper_mqtt_yield  iotx_mqtt_client.o
    0x080099a8   0x00000028   Code   RO         5941    i.writeCString      mqttpacket.o
    0x080099d0   0x0000000c   Code   RO         5942    i.writeChar         mqttpacket.o
    0x080099dc   0x0000001e   Code   RO         5943    i.writeInt          mqttpacket.o
    0x080099fa   0x00000036   Code   RO         5944    i.writeMQTTString   mqttpacket.o
    0x08009a30   0x000000a8   Code   RO         8052    i.xPortStartScheduler  port.o
    0x08009ad8   0x0000003a   Code   RO         7006    i.xQueueCreateCountingSemaphore  queue.o
    0x08009b12   0x00000016   Code   RO         7008    i.xQueueCreateMutex  queue.o
    0x08009b28   0x00000048   Code   RO         7010    i.xQueueGenericCreate  queue.o
    0x08009b70   0x00000088   Code   RO         7012    i.xQueueGenericReset  queue.o
    0x08009bf8   0x00000160   Code   RO         7013    i.xQueueGenericSend  queue.o
    0x08009d58   0x00000178   Code   RO         7022    i.xQueueSemaphoreTake  queue.o
    0x08009ed0   0x00000074   Code   RO         7342    i.xTaskCheckForTimeOut  tasks.o
    0x08009f44   0x0000005a   Code   RO         7343    i.xTaskCreate       tasks.o
    0x08009f9e   0x00000056   Code   RO         7344    i.xTaskCreateStatic  tasks.o
    0x08009ff4   0x0000001c   Code   RO         7348    i.xTaskGetSchedulerState  tasks.o
    0x0800a010   0x0000000c   Code   RO         7349    i.xTaskGetTickCount  tasks.o
    0x0800a01c   0x000000c8   Code   RO         7351    i.xTaskIncrementTick  tasks.o
    0x0800a0e4   0x00000098   Code   RO         7354    i.xTaskPriorityDisinherit  tasks.o
    0x0800a17c   0x00000094   Code   RO         7355    i.xTaskPriorityInherit  tasks.o
    0x0800a210   0x00000074   Code   RO         7356    i.xTaskRemoveFromEventList  tasks.o
    0x0800a284   0x000000c4   Code   RO         7357    i.xTaskResumeAll    tasks.o
    0x0800a348   0x0000001c   Data   RO          274    .constdata          freertos.o
    0x0800a364   0x00000010   Data   RO         2954    .constdata          system_stm32f1xx.o
    0x0800a374   0x00000008   Data   RO         2955    .constdata          system_stm32f1xx.o
    0x0800a37c   0x0000001f   Data   RO         3800    .constdata          dm_log_report.o
    0x0800a39b   0x00000241   Data   RO         4123    .constdata          dm_message.o
    0x0800a5dc   0x0000000c   Data   RO         4338    .constdata          dm_msg_process.o
    0x0800a5e8   0x0000000f   Data   RO         4357    .constdata          dm_msg_process.o
    0x0800a5f7   0x00000001   PAD
    0x0800a5f8   0x00000140   Data   RO         5336    .constdata          infra_sha256.o
    0x0800a738   0x00000058   Data   RO         5539    .constdata          iotx_mqtt_client.o
    0x0800a790   0x00000081   Data   RO         8523    .constdata          mc_w.l(ctype_o.o)
    0x0800a811   0x00000003   PAD
    0x0800a814   0x00000004   Data   RO         8524    .constdata          mc_w.l(ctype_o.o)
    0x0800a818   0x00000009   Data   RO          275    .conststring        freertos.o
    0x0800a821   0x00000003   PAD
    0x0800a824   0x00000063   Data   RO         4874    .conststring        dev_sign_mqtt.o
    0x0800a887   0x00000001   PAD
    0x0800a888   0x000000c1   Data   RO         5168    .conststring        infra_defs.o
    0x0800a949   0x00000003   PAD
    0x0800a94c   0x000000b6   Data   RO         5169    .conststring        infra_defs.o
    0x0800aa02   0x00000002   PAD
    0x0800aa04   0x0000002b   Data   RO         5247    .conststring        infra_prt_nwk_payload.o
    0x0800aa2f   0x00000001   PAD
    0x0800aa30   0x000000cf   Data   RO         5270    .conststring        infra_report.o
    0x0800aaff   0x00000001   PAD
    0x0800ab00   0x00000025   Data   RO         5397    .conststring        infra_string.o
    0x0800ab25   0x00000003   PAD
    0x0800ab28   0x00000020   Data   RO         8562    Region$$Table       anon$$obj.o


    Execution Region RW_IRAM1 (Base: 0x20000000, Size: 0x00002310, Max: 0x00010000, ABSOLUTE, COMPRESSED[0x000000a8])

    Base Addr    Size         Type   Attr      Idx    E Section Name        Object

    0x20000000   0x00000004   Data   RW          276    .data               freertos.o
    0x20000004   0x00000003   Data   RW          421    .data               usart.o
    0x20000007   0x00000001   PAD
    0x20000008   0x0000000c   Data   RW          748    .data               stm32f1xx_hal.o
    0x20000014   0x00000004   Data   RW         2956    .data               system_stm32f1xx.o
    0x20000018   0x00000008   Data   RW         3117    .data               at_conn_mgmt.o
    0x20000020   0x00000001   Data   RW         3219    .data               at_parser.o
    0x20000021   0x00000003   PAD
    0x20000024   0x0000001c   Data   RW         3801    .data               dm_log_report.o
    0x20000040   0x00000004   Data   RW         3913    .data               dm_manager.o
    0x20000044   0x00000014   Data   RW         4453    .data               dm_opt.o
    0x20000058   0x00000008   Data   RW         4735    .data               iotx_cm.o
    0x20000060   0x00000038   Data   RW         4875    .data               dev_sign_mqtt.o
    0x20000098   0x00000090   Data   RW         5040    .data               infra_compat.o
    0x20000128   0x00000018   Data   RW         5170    .data               infra_defs.o
    0x20000140   0x00000018   Data   RW         5171    .data               infra_defs.o
    0x20000158   0x0000001c   Data   RW         5248    .data               infra_prt_nwk_payload.o
    0x20000174   0x0000000c   Data   RW         5271    .data               infra_report.o
    0x20000180   0x00000010   Data   RW         5398    .data               infra_string.o
    0x20000190   0x00000004   Data   RW         5540    .data               iotx_mqtt_client.o
    0x20000194   0x00000004   Data   RW         5795    .data               mqtt_api.o
    0x20000198   0x00000004   Data   RW         5945    .data               mqttpacket.o
    0x2000019c   0x00000014   Data   RW         6635    .data               wrapper.o
    0x200001b0   0x0000003c   Data   RW         7360    .data               tasks.o
    0x200001ec   0x00000018   Data   RW         7990    .data               heap_4.o
    0x20000204   0x0000000c   Data   RW         8053    .data               port.o
    0x20000210   0x00000004   Data   RW         8129    .data               mc_w.l(stdout.o)
    0x20000214   0x00000004   Data   RW         8486    .data               mc_w.l(errno.o)
    0x20000218   0x000002d4   Zero   RW          273    .bss                freertos.o
    0x200004ec   0x00000040   Zero   RW          375    .bss                tim.o
    0x2000052c   0x000003c8   Zero   RW          420    .bss                usart.o
    0x200008f4   0x00000040   Zero   RW          591    .bss                stm32f1xx_hal_timebase_tim.o
    0x20000934   0x000000a8   Zero   RW         3116    .bss                at_conn_mgmt.o
    0x200009dc   0x000002dc   Zero   RW         3218    .bss                at_parser.o
    0x20000cb8   0x00000010   Zero   RW         3354    .bss                dm_api.o
    0x20000cc8   0x0000000c   Zero   RW         3670    .bss                dm_client_adapter.o
    0x20000cd4   0x00000040   Zero   RW         3799    .bss                dm_log_report.o
    0x20000d14   0x00000010   Zero   RW         3911    .bss                dm_manager.o
    0x20000d24   0x0000000c   Zero   RW         4733    .bss                iotx_cm.o
    0x20000d30   0x000000f8   Zero   RW         5039    .bss                infra_compat.o
    0x20000e28   0x0000019c   Zero   RW         5794    .bss                mqtt_api.o
    0x20000fc4   0x0000021c   Zero   RW         6634    .bss                wrapper.o
    0x200011e0   0x00000040   Zero   RW         7023    .bss                queue.o
    0x20001220   0x000000f0   Zero   RW         7359    .bss                tasks.o
    0x20001310   0x00000c00   Zero   RW         7989    .bss                heap_4.o
    0x20001f10   0x00000400   Zero   RW            1    STACK               startup_stm32f103xe.o


==============================================================================

Image component sizes


      Code (inc. data)   RO Data    RW Data    ZI Data      Debug   Object Name

        30          0          0          0          0        515   at_api.o
       424         38          0          0          0       9970   at_conn_mbox.o
       962         40          0          8        168      11010   at_conn_mgmt.o
      1692        100          0          1        732      15757   at_parser.o
       732        326          0          0          0       4713   at_tcp.o
       120          0          0          0          0      22173   cmsis_os.o
      1200        160         99         56          0       5104   dev_sign_mqtt.o
        92         12          0          0         16      24689   dm_api.o
        48          4          0          0         12       1456   dm_client_adapter.o
         0          0          0          0          0       3784   dm_ipc.o
       744        168         31         28         64       7528   dm_log_report.o
       336         40          0          4         16       3706   dm_manager.o
       232         10        577          0          0       2849   dm_message.o
         0          0         27          0          0       3670   dm_msg_process.o
        48          4          0         20          0        949   dm_opt.o
       338          0          0          0          0       3222   dm_utils.o
        60          4          0          0          0        710   dma.o
         0          0          0          0          0      16612   event_groups.o
       628         78         37          4        724      16067   freertos.o
       112          8          0          0          0        879   gpio.o
       460         24          0         24       3072       7115   heap_4.o
      2098         56          0          0          0      12223   infra_cjson.o
       288         34          0        144        248       2703   infra_compat.o
         0          0        375         48          0        654   infra_defs.o
       192         18          0          0          0       5248   infra_net.o
       616         58         43         28          0       2383   infra_prt_nwk_payload.o
       488        134        207         12          0       5256   infra_report.o
       958         42        320          0          0       7695   infra_sha256.o
       184          6         37         16          0       1533   infra_string.o
       118          0          0          0          0       3761   infra_timer.o
       140         20          0          8         12       4547   iotx_cm.o
      5982         88         88          4          0      48904   iotx_mqtt_client.o
       138          0          0          0          0       3294   list.o
       128          0          0          0          0     514080   main.o
      1324         80          0          4        412       9436   mqtt_api.o
       544         18          0          0          0       4896   mqttconnectclient.o
       196          0          0          0          0       2256   mqttdeserializepublish.o
       474         22          0          4          0       9102   mqttpacket.o
       256          0          0          0          0       3142   mqttserializepublish.o
       300          0          0          0          0       3259   mqttsubscribeclient.o
        38          0          0          0          0        731   mqttunsubscribeclient.o
       578         60          0         12          0      10148   port.o
      1388         18          0          0         64      13861   queue.o
        36          8        304          0       1024        784   startup_stm32f103xe.o
        64         14          0         12          0       5134   stm32f1xx_hal.o
       158         14          0          0          0      28098   stm32f1xx_hal_cortex.o
      1236         52          0          0          0       4998   stm32f1xx_hal_dma.o
       514         42          0          0          0       2852   stm32f1xx_hal_gpio.o
        72         10          0          0          0        810   stm32f1xx_hal_msp.o
      1336        110          0          0          0       5705   stm32f1xx_hal_rcc.o
       914         20          0          0          0       9333   stm32f1xx_hal_tim.o
        70          0          0          0          0       2285   stm32f1xx_hal_tim_ex.o
       116         14          0          0         64       1347   stm32f1xx_hal_timebase_tim.o
      1396         26          0          0          0      11560   stm32f1xx_hal_uart.o
        84         30          0          0          0       4547   stm32f1xx_it.o
        72         16         24          4          0       1103   system_stm32f1xx.o
      2346        178          0         60        240      24087   tasks.o
       164         20          0          0         64       1550   tim.o
       424         54          0          3        968       3280   usart.o
      1980        422          0         20        540      19993   wrapper.o

    ----------------------------------------------------------------------
     35738       2700       2216        528       8440     959056   Object Totals
         0          0         32          0          0          0   (incl. Generated)
        70          0         15          4          0          0   (incl. Padding)

    ----------------------------------------------------------------------

      Code (inc. data)   RO Data    RW Data    ZI Data      Debug   Library Member Name

        28          0          0          0          0         80   strtod.o
        86          0          0          0          0          0   __dczerorl2.o
        28          0          0          0          0         68   _chval.o
        64          0          0          0          0         84   _sgetc.o
       158          0          0          0          0         92   _strtoul.o
        26          0          0          0          0         80   atoi.o
         8          4        133          0          0         68   ctype_o.o
         0          0          0          0          0          0   entry.o
         0          0          0          0          0          0   entry10a.o
         0          0          0          0          0          0   entry11a.o
         8          4          0          0          0          0   entry2.o
         4          0          0          0          0          0   entry5.o
         0          0          0          0          0          0   entry7b.o
         0          0          0          0          0          0   entry8b.o
         8          4          0          0          0          0   entry9a.o
         8          4          0          4          0         68   errno.o
        18          0          0          0          0         80   fputc.o
        30          0          0          0          0          0   handlers.o
        36          8          0          0          0         68   init.o
        18          0          0          0          0         76   isspace_o.o
         0          0          0          0          0          0   iusefp.o
         0          0          0          0          0          0   iusesemip.o
        30          0          0          0          0         68   llshl.o
        36          0          0          0          0         68   llsshr.o
        32          0          0          0          0         68   llushr.o
        26          0          0          0          0         80   memcmp.o
        36          0          0          0          0         68   memcpya.o
        36          0          0          0          0        108   memseta.o
      2268         92          0          0          0        576   printfa.o
       838         12          0          0          0        216   scanf_fp.o
         0          0          0          0          0          0   semi.o
         0          0          0          4          0          0   stdout.o
        20          0          0          0          0         68   strchr.o
        18          0          0          0          0         68   strcpy.o
        14          0          0          0          0         68   strlen.o
        30          0          0          0          0         80   strncmp.o
        24          0          0          0          0         76   strncpy.o
        36          0          0          0          0         80   strstr.o
       156         14          0          0          0        120   strtod.o
       112          0          0          0          0         88   strtol.o
        44          0          0          0          0         80   uidiv.o
        98          0          0          0          0         92   uldiv.o
        48          0          0          0          0         68   cdcmple.o
        48          0          0          0          0         68   cdrcmple.o
        56          0          0          0          0         88   d2f.o
       334          0          0          0          0        148   dadd.o
       222          0          0          0          0        100   ddiv.o
       186          0          0          0          0        176   depilogue.o
        62          0          0          0          0         80   dfixi.o
        48          0          0          0          0         68   dfixul.o
        24          0          0          0          0         76   dfltul.o
       228          0          0          0          0         96   dmul.o
       110          0          0          0          0        168   fepilogue.o

    ----------------------------------------------------------------------
      5758        142        136          8          0       3972   Library Totals
        10          0          3          0          0          0   (incl. Padding)

    ----------------------------------------------------------------------

      Code (inc. data)   RO Data    RW Data    ZI Data      Debug   Library Name

        28          0          0          0          0         80   m_ws.l
      4354        142        133          8          0       2756   mc_w.l
      1366          0          0          0          0       1136   mf_w.l

    ----------------------------------------------------------------------
      5758        142        136          8          0       3972   Library Totals

    ----------------------------------------------------------------------

==============================================================================


      Code (inc. data)   RO Data    RW Data    ZI Data      Debug   

     41496       2842       2352        536       8440     942252   Grand Totals
     41496       2842       2352        168       8440     942252   ELF Image Totals (compressed)
     41496       2842       2352        168          0          0   ROM Totals

==============================================================================

    Total RO  Size (Code + RO Data)                43848 (  42.82kB)
    Total RW  Size (RW Data + ZI Data)              8976 (   8.77kB)
    Total ROM Size (Code + RO Data + RW Data)      44016 (  42.98kB)

==============================================================================

